01-23 15:01:55.190   261   261 D dalvikvm: Fork pid: 12533
01-23 15:01:55.190   936   966 V HtcAppUsageStats: noteAppDied pid=12062
01-23 15:01:55.190   936  1630 I ActivityManager: Start proc com.htc.stock:remote for content provider com.htc.stock/.provider.StockProvider: pid=12533 uid=10085 gids={50085, 3003, 5012}
01-23 15:01:55.190   936  6790 I ActivityManager: Recipient 12062
01-23 15:01:55.190   936  6790 D ProcessStateC: Inactive from makeInactive origBase; ps=ProcessState{42bb82a0 com.twitter.android/10190 pkg=com.twitter.android}
01-23 15:01:55.200  1736  1736 V Perf    : com.google.android.location.internal.GoogleLocationManagerService@42395dc8 onUnBind, 0ms
01-23 15:01:55.200   936  6790 D UserBehaviorLoggingService: [getSecurityProperties] Calling package name: android.uid.system:1000, Uid: 1000
01-23 15:01:55.200   936  6790 D LogStream: [generateCipher] Version: 2, use CBC
01-23 15:01:55.200  4158 12093 D CacheManager: Thread name : pool-2-thread-7 , return file:///storage/emulated/0/.data/CacheManager/1322053840
01-23 15:01:55.200  4158 12093 D CacheManager: Thread name : pool-2-thread-7 , in Info call end 
01-23 15:01:55.200 12533 12533 D FDManager: Init fd protection
01-23 15:01:55.200 12533 12533 D FDManager: Fail to open: /sys/fs/fd_list_lock, err: 2, msg: No such file or directory
01-23 15:01:55.200 12533 12533 D FDManager: Destroy fd protection
01-23 15:01:55.200 12533 12533 W FDManager: Invalied fd of /sys/fs/fd_list_lock when release it
01-23 15:01:55.200 12533 12533 W FDManager: Invalied fd of /sys/fs/fd_list_forced_unlock when release it
01-23 15:01:55.200 12533 12533 W FDManager: Invalied fd of /sys/fs/fd_list_unlock when release it
01-23 15:01:55.200 12533 12533 D FDManager: Fail to register fd: 0, library not ready !!
01-23 15:01:55.200 12533 12533 D FDManager: Fail to register fd: 1, library not ready !!
01-23 15:01:55.200 12533 12533 D FDManager: Fail to register fd: 2, library not ready !!
01-23 15:01:55.200   936  6790 F ActivityManager: Service ServiceRecord{43373f68 u0 com.twitter.android/com.twitter.library.service.TwitterService} in process ProcessRecord{42778658 12062:com.twitter.android/u0a190} not same as in map: null
01-23 15:01:55.200   936  6790 D ErrorReport: HtcErrorReportManager proc or proc.info or pm is null
01-23 15:01:55.200   936  6790 D ErrorReport: HtcErrorReportManager Enable Error Report by system server
01-23 15:01:55.200   936  6790 D ErrorReport: HtcErrorReportManager Begin---add error logs to dropbox
01-23 15:01:55.210 12533 12533 V Perf    : ApplicationThread=422a1740 attachApplication
01-23 15:01:55.220   936  6790 D ErrorReport: HtcErrorReportManager End---add error logs to dropbox
01-23 15:01:55.220   936  6790 W WindowManager: Execute app transition: mAppTransition=mNextAppTransition=0xffffffff
01-23 15:01:55.220   936   936 I ActivityManager: broadcast act=android.intent.action.DROPBOX_ENTRY_ADDED from pid=936, uid=1000,parallel BR:null,size=0,order BR:null,size=0,resultTo=null
01-23 15:01:55.220   936  8430 V ActivityManager: startService: act=com.google.android.location.internal.GMS_NLP pkg=com.google.android.gms type=null pid=1736
01-23 15:01:55.230 12430 12446 I CalendarPreferenceActivity: saveCityCode ret = true
01-23 15:01:55.230 12430 12446 V CalendarBackupAgent: preferences_weather_city_name exist, value= 
01-23 15:01:55.230  1736  1736 V Perf    : com.google.android.location.internal.server.GoogleLocationService@423fcd10 onStartCommand:act=com.google.android.location.internal.GMS_NLP pkg=com.google.android.gms, 8ms
01-23 15:01:55.230   936 11301 V ActivityManager: startService: act=com.google.android.location.internal.GMS_NLP pkg=com.google.android.gms type=null pid=1736
01-23 15:01:55.230   936  1631 D PMS     : acquireWL(4303d328): PARTIAL_WAKE_LOCK  NlpWakeLock 0x1 1736 10026
01-23 15:01:55.230   936  1007 V ActivityManager: startService: cmp=com.google.android.gms/com.google.android.location.fused.NlpLocationReceiverService type=null pid=-1
01-23 15:01:55.230   936  1750 D PMS     : releaseWL(4303d328): PARTIAL_WAKE_LOCK  NlpWakeLock 0x1
01-23 15:01:55.230   936  1750 D PMS     : updatePSL(0x1,true) (repeat:10)
01-23 15:01:55.230   936  8431 V AlarmManager: set(PendingIntent{42e47678: PendingIntentRecord{4318cd18 com.google.android.gms broadcastIntent}}) : type=2 triggerAtTime=1097012 win=-1 tElapsed=1097012 maxElapsed=1314451 interval=0 standalone=false
01-23 15:01:55.230   936  8431 V AlarmManager: remove(PendingIntent{42e47678: PendingIntentRecord{4318cd18 com.google.android.gms broadcastIntent}}) changed bounds; rebatching
01-23 15:01:55.240  1736  1736 V Perf    : com.google.android.location.internal.server.GoogleLocationService@423fcd10 onStartCommand:act=com.google.android.location.internal.GMS_NLP pkg=com.google.android.gms, 6ms
01-23 15:01:55.240  1351  1351 D dalvikvm: GC_FOR_ALLOC freed 3758K, 35% free 13836K/21036K, paused 38ms, total 41ms
01-23 15:01:55.240  1736  1736 V Perf    : com.google.android.location.fused.NlpLocationReceiverService@422cbab8 onStartCommand:, 3ms
01-23 15:01:55.240  1736  1736 V Perf    : com.google.android.location.fused.NlpLocationReceiverService@422cbab8 onStartCommand:, 2ms
01-23 15:01:55.240   936  1699 D PMS     : acquireWL(43013d08): PARTIAL_WAKE_LOCK  NlpWakeLock 0x1 1736 10026
01-23 15:01:55.240   936  8431 V AlarmManager: Adding Alarm{42f600a8 type 2 com.google.android.gms} to Batch{42ac1b08 num=4 start=1099324 end=1227922}
01-23 15:01:55.240   936  8431 V AlarmManager:     => now Batch{42ac1b08 num=5 start=1099324 end=1227922}
01-23 15:01:55.240   936  1007 V ActivityManager: startService: cmp=com.google.android.gms/com.google.android.location.fused.NlpLocationReceiverService type=null pid=-1
01-23 15:01:55.240   936  1731 D PMS     : releaseWL(43013d08): PARTIAL_WAKE_LOCK  NlpWakeLock 0x1
01-23 15:01:55.240   936  1731 V AlarmManager: set(PendingIntent{42d89e90: PendingIntentRecord{4318cd18 com.google.android.gms broadcastIntent}}) : type=2 triggerAtTime=1097012 win=-1 tElapsed=1097012 maxElapsed=1314447 interval=0 standalone=false
01-23 15:01:55.240   936  1731 V AlarmManager: remove(PendingIntent{42d89e90: PendingIntentRecord{4318cd18 com.google.android.gms broadcastIntent}}) changed bounds; rebatching
01-23 15:01:55.240   936  1700 D PMS     : acquireWL(4300b058): PARTIAL_WAKE_LOCK  NlpLocationReceiverService 0x1 1736 10026
01-23 15:01:55.240   936  8430 D PMS     : releaseWL(4300b058): PARTIAL_WAKE_LOCK  NlpLocationReceiverService 0x1
01-23 15:01:55.240   936  1731 V AlarmManager: Adding Alarm{42e23890 type 2 com.google.android.gms} to Batch{42968428 num=4 start=1099324 end=1227918}
01-23 15:01:55.240   936  1731 V AlarmManager:     => now Batch{42968428 num=5 start=1099324 end=1227918}
01-23 15:01:55.240   936  1631 D PMS     : acquireWL(42ff9010): PARTIAL_WAKE_LOCK  NlpLocationReceiverService 0x1 1736 10026
01-23 15:01:55.240   936  1699 D PMS     : releaseWL(42ff9010): PARTIAL_WAKE_LOCK  NlpLocationReceiverService 0x1
01-23 15:01:55.250 12430 12446 I CalendarPreferenceActivity: saveCityName ret = true
01-23 15:01:55.250 12430 12446 V CalendarBackupAgent: preferences_start_weekday exist, value= 2
01-23 15:01:55.250   936  1010 V SettingsProvider:HtcAbsDatabaseHelper: getWritableDatabase()
01-23 15:01:55.250  4158 11881 D         : hDtResult 2068933600
01-23 15:01:55.250  4158 11881 D         : DT Result:2068933600
01-23 15:01:55.250  4158 11881 D PhotoEffectNative: get and keep detection result if successful
01-23 15:01:55.250  4158 11881 D         : Java_com_htc_PhotoEffect_PhotoEffectNative_get_detection_result_count
01-23 15:01:55.250  4158 11881 D         : getFaceCount
01-23 15:01:55.250 12533 12533 V Perf    : ActivityThread=422a1688 newApplication, 0ms
01-23 15:01:55.250  4158 11881 D         : OKAO_GetDtFaceCount()
01-23 15:01:55.250  4158 11881 D         : OKAO_GetDtFaceCount() 0
01-23 15:01:55.250  4158 11881 D FaceDetectTask: photoEffect.PhotoEffectDetection-
01-23 15:01:55.250  4158 11881 D FaceDetectTask: NativeMemoryAllocator.freeBuffer(b_yuv)+
01-23 15:01:55.250  4158 11881 D FaceDetectTask: NativeMemoryAllocator.freeBuffer(b_yuv)-
01-23 15:01:55.250  4158 11881 D FaceDetectTask: photoEffect.getDetectionResultCount()+
01-23 15:01:55.250  4158 11881 D FaceDetectTask: photoEffect.getDetectionResultCount()-
01-23 15:01:55.250  4158 11881 D FaceDetectTask: Omron face:0, path=null, bmp=null
01-23 15:01:55.250  4158 11881 D FaceDetectTask: photoEffect.getDetectionResult()+
01-23 15:01:55.250  4158 11881 D PhotoEffectNative: GetDetectionResult
01-23 15:01:55.250  4158 11881 D         : Java_com_htc_PhotoEffect_PhotoEffectNative_get_detection_result
01-23 15:01:55.250  4158 11881 D         : getFaceCount
01-23 15:01:55.250  4158 11881 D         : OKAO_GetDtFaceCount()
01-23 15:01:55.250  4158 11881 D         : OKAO_GetDtFaceCount() 0
01-23 15:01:55.250  4158 11881 D FaceDetectTask: photoEffect.getDetectionResult()-
01-23 15:01:55.250  4158 11881 E FaceDetectTask: photoEffect.getDetectionResult(), faceInfo=null
01-23 15:01:55.250  4158 11881 D FaceDetectTask: photoEffect.closePhotoEffect()+
01-23 15:01:55.250  4158 11881 D         : releaseDetectionMemory
01-23 15:01:55.250  4158 11881 D         : releaseDetectionMemory OKAO_DeleteDtResult
01-23 15:01:55.250  4158 11881 D FaceDetectTask: photoEffect.closePhotoEffect()-
01-23 15:01:55.250   936  8430 D ConnSrv_Debug: getProxy() mGlobalProxy: null mDefaultProxyDisabled: false mDefaultProxy: null by 12533/10085
01-23 15:01:55.250   936  6790 I ActivityManager: 12430 get provider settings 936
01-23 15:01:55.260  4158 11881 D FaceDetectTask: vFD = 131 alloc=2 yuv=4
01-23 15:01:55.260  4158 11881 D FaceDetectTask: <<<<<< detect end: path=null, box=0 0 0 0 ,
01-23 15:01:55.260 12533 12533 D Stock/ StockProvider: onCreate
01-23 15:01:55.260 12533 12533 V Perf    : com.htc.stock.provider.StockProvider@422a8ad0 onCreate, 1ms
01-23 15:01:55.260 12533 12533 V Perf    : android.app.Application@422a78c8 onCreate, 1ms
01-23 15:01:55.260 12533 12533 V Perf    : 422a3a38 com.htc.stock handleBindApplication, 29ms
01-23 15:01:55.260 12533 12545 V Stock/ StockProvider: query content://com.htc.stock/settings where _name=?
01-23 15:01:55.260 12533 12545 D SQLiteConnection: DB info: open Connection, path = /data/user/0/com.htc.stock/databases/stock.db, handle: 0x74e1a980, flag: 0x6, FH handler: 0x74c90e98, count: 1
01-23 15:01:55.280  1351  1351 D dalvikvm: GC_FOR_ALLOC freed 2418K, 26% free 13811K/18652K, paused 25ms, total 25ms
01-23 15:01:55.280  1351  1351 I dalvikvm-heap: Grow heap (frag case) to 16.782MB for 349072-byte allocation
01-23 15:01:55.280 12533 12545 D SQLiteDatabase: DB info: open, path: /data/user/0/com.htc.stock/databases/stock.db, count: 1, wal: false
01-23 15:01:55.280  1351  1351 D OnDemandProgressBar: release indeterminate drawable android.widget.OnDemandProgressBar{42db15b0 G.ED.... ......I. 0,0-0,0 #102000d android:id/progress}
01-23 15:01:55.280  1351  1351 D OnDemandProgressBar: new OnDemandProgressBar android.widget.OnDemandProgressBar{42db15b0 G.ED.... ......I. 0,0-0,0 #102000d android:id/progress}
01-23 15:01:55.290   936   936 D HtcPowerSaver: Checking...
01-23 15:01:55.290   936   936 I HtcPowerSaver: >> updateStatus
01-23 15:01:55.290  1351  1351 I RemoteViews.Performance: com.htc.home.personalize 1 99 4 11
01-23 15:01:55.290   936   936 I HtcPowerSaver: updateStatus (8000,90,-1,false,false,false,-1)
01-23 15:01:55.290   936   936 I HtcPowerSaver: << updateStatus
01-23 15:01:55.290   936   936 V Perf    : android.content.ContentQueryMap$1@42b29798 onChange, 6ms
01-23 15:01:55.290 12520 12520 D StrictMode: strict mode violation stacks read from binder call.  i=0
01-23 15:01:55.290 12520 12520 D StrictMode: strict mode violation stacks read from binder call.  i=1
01-23 15:01:55.290 12520 12520 D StrictMode: strict mode violation stacks read from binder call.  i=2
01-23 15:01:55.290  1351  1351 I StatusBar.Perf: addView:com.htc.home.personalize oneU:104/2 largeU:0/0
01-23 15:01:55.290 12520 12520 D StrictMode: strict mode violation stacks read from binder call.  i=3
01-23 15:01:55.290 12520 12520 D StrictMode: strict mode violation stacks read from binder call.  i=4
01-23 15:01:55.290   936   936 V Perf    : android.content.ContentQueryMap$1@427349f8 onChange, 3ms
01-23 15:01:55.290   936   936 D HtcWLM  : SettingsObserver: app_monitor_enable=1, ENABLE_MONITOR=true->true
01-23 15:01:55.300 12430 12446 V CalendarPreferenceActivity:  saveStartWeekDay ret = true
01-23 15:01:55.300  1351  1351 D StatusBar: addNotificationView at 7
01-23 15:01:55.300 12520 12520 D Stock/ StockReceiver: scheduleSync()
01-23 15:01:55.300 12430 12446 V CalendarBackupAgent: preferences_start_weekday_selected exist, value= 2
01-23 15:01:55.300  1351  1351 I OnDemandDateTimeView: skip registerReceivers()
01-23 15:01:55.300  1351  1351 D PhoneStatusBar: setAreThereNotifications: N=8 any=true clearable=true
01-23 15:01:55.300   936   936 V Perf    : android.content.ContentQueryMap$1@427c1260 onChange, 4ms
01-23 15:01:55.300 12520 12520 D Stock/ StockReceiver: isBackgroundData:true isMsaterAutoSync:true isAccountAutoSync:false interval:240
01-23 15:01:55.300 12520 12520 D Stock/ StockReceiver: background sync disable. stop stock sync schedule!
01-23 15:01:55.300 12520 12520 V Perf    : com.htc.stock.receiver.StockReceiver@422a84d8 onReceive:com.htc.launcher.intent.LOADING_COMPLETE 124ms
01-23 15:01:55.300   936  1750 D Process : killProcessQuiet, pid=12112
01-23 15:01:55.300   936  1750 D Process : com.android.server.am.ActivityManagerService.killUnneededProcessLocked:7508 com.android.server.am.ActivityManagerService.updateOomAdjLocked:16927 com.android.server.am.BroadcastQueue.processCurBroadcastLocked:231 
01-23 15:01:55.300   936  1007 I ActivityManager: broadcast act=com.htc.calendar.action.START_WEEK_DAY_CHANGED from pid=12430, uid=10013,parallel BR:null,size=0,order BR:null,size=0,resultTo=null
01-23 15:01:55.300   936  1750 I ActivityManager: Killing 12112:com.google.android.youtube/u0a195 (adj 15): empty #21
01-23 15:01:55.310 11818 11818 V Perf    : com.htc.task.TodoTaskReceiver@423296c0 onReceive:com.htc.plugin.ACTION_SCAN_FINISH 4ms
01-23 15:01:55.310 11818 11818 V Perf    : com.htc.task.TodoService@4232a5f0 onCreate, 1ms
01-23 15:01:55.310 10653 10653 D AppMonitorReceiver: onReceive>Intent { act=com.htc.launcher.action.ACTION_ITEM_ADDED flg=0x10 cmp=com.htc.android.mail/.AppMonitorReceiver },null
01-23 15:01:55.310 10653 10653 D AppMonitorReceiver: update Mail AP shortcut
01-23 15:01:55.310 10653 10653 I MailShortcut: updateMailAPshortcutInLine: context>android.app.ReceiverRestrictedContext@422c25b0, checkCache>false
01-23 15:01:55.310 11818 11818 V Perf    : com.htc.task.TodoService@4232a5f0 onStartCommand:act=com.htc.plugin.ACTION_SCAN_FINISH flg=0x10, 0ms
01-23 15:01:55.310 11818 12546 D TodoService: action com.htc.plugin.ACTION_SCAN_FINISH
01-23 15:01:55.310 11818 12546 I TodoService: SM: reloadTaskSource UPDATED extra pkg=com.htc.android.mail
01-23 15:01:55.310   936  1750 V BroadcastQueue: Deliver to ComponentInfo{com.htc.task/com.htc.task.TodoTaskReceiver}:BR@4339b060
01-23 15:01:55.310   936  1631 V ActivityManager: startService: act=com.htc.plugin.ACTION_SCAN_FINISH flg=0x10 cmp=com.htc.task/.TodoService type=null pid=11818
01-23 15:01:55.310   936  1699 V BroadcastQueue: Deliver to ComponentInfo{com.htc.android.mail/com.htc.android.mail.AppMonitorReceiver}:BR@42e67300
01-23 15:01:55.310   936  1730 V ActivityManager: startService: act=com.htc.android.mail.mailservice.MailIntentService.UPDATE_MAIL_AP_SHORTCUT cmp=com.htc.android.mail/.mailservice.MailIntentService type=null pid=10653
01-23 15:01:55.320 10653 10653 D AppMonitorReceiver: update Mail Inbox shortcut, accountId>1
01-23 15:01:55.320 10653 10653 I MailShortcut: updateMailShortcutInLine: context>android.app.ReceiverRestrictedContext@422c25b0, accountId>1, checkCache>false
01-23 15:01:55.320 10653 10653 D AppMonitorReceiver: update Mail Inbox shortcut, accountId>2
01-23 15:01:55.320 10653 10653 I MailShortcut: updateMailShortcutInLine: context>android.app.ReceiverRestrictedContext@422c25b0, accountId>2, checkCache>false
01-23 15:01:55.320 12430 12446 V CalendarPreferenceActivity: saveStartWeekDaySetting ret = true
01-23 15:01:55.320 12430 12446 V CalendarBackupAgent: preferences_quick_responses exist, value= [this modify! Sorry, I can't make it. We'll have to reschedule., qqqaaa!!!, Go ahead and start without me., Running just a couple of minutes late.]
01-23 15:01:55.320 12430 12446 V CalendarPreferenceActivity: Quick Response Saved.
01-23 15:01:55.320 12430 12446 V CalendarBackupAgent: doDBRestore
01-23 15:01:55.320 10653 10653 V Perf    : com.htc.android.mail.AppMonitorReceiver@424cf110 onReceive:com.htc.launcher.action.ACTION_ITEM_ADDED 6ms
01-23 15:01:55.320 12430 12446 V CalendarBackupAgent: pref_account_count is :6
01-23 15:01:55.320   936  6789 V ActivityManager: startService: act=com.htc.android.mail.mailservice.MailIntentService.UPDATE_MAIL_SHORTCUT cmp=com.htc.android.mail/.mailservice.MailIntentService type=null pid=10653
01-23 15:01:55.320   936 11301 V ActivityManager: startService: act=com.htc.android.mail.mailservice.MailIntentService.UPDATE_MAIL_SHORTCUT cmp=com.htc.android.mail/.mailservice.MailIntentService type=null pid=10653
01-23 15:01:55.320   936  1631 V BroadcastQueue: Deliver to ComponentInfo{com.android.mms/com.android.mms.ui.MessagingShortcutReceiver}:BR@42e67300
01-23 15:01:55.330 12018 12018 D MessagingShortcutReceiver: keep hiding shortcut bubble
01-23 15:01:55.330   936   966 V HtcAppUsageStats: noteAppDied pid=12112
01-23 15:01:55.330 10653 10653 V Perf    : com.htc.android.mail.mailservice.MailIntentService@42291fe8 onCreate, 9ms
01-23 15:01:55.330 10653 10653 V Perf    : com.htc.android.mail.mailservice.MailIntentService@42291fe8 onStartCommand:act=com.htc.android.mail.mailservice.MailIntentService.UPDATE_MAIL_AP_SHORTCUT, 0ms
01-23 15:01:55.330 10653 10653 V Perf    : com.htc.android.mail.mailservice.MailIntentService@42291fe8 onStartCommand:act=com.htc.android.mail.mailservice.MailIntentService.UPDATE_MAIL_SHORTCUT, 0ms
01-23 15:01:55.330   936  8431 D UserBehaviorLoggingService: [getSecurityProperties] Calling package name: android.uid.system:1000, Uid: 1000
01-23 15:01:55.330 10653 10653 V Perf    : com.htc.android.mail.mailservice.MailIntentService@42291fe8 onStartCommand:act=com.htc.android.mail.mailservice.MailIntentService.UPDATE_MAIL_SHORTCUT, 0ms
01-23 15:01:55.330   936  8431 D LogStream: [generateCipher] Version: 2, use CBC
01-23 15:01:55.330 12018 12018 D MessagingShortcut: updateMsgShortcut, msg count> -1
01-23 15:01:55.330 12018 12018 D MessagingShortcut: After query: 0
01-23 15:01:55.330 12018 12018 D MessagingShortcut: mPresentUnreadCount: -1
01-23 15:01:55.330 12018 12018 D MessagingShortcut: setMsgShortcutDrawable> 0
01-23 15:01:55.330 10653 12547 D CursorWindowStats: Alloc larger, size: 4194304
01-23 15:01:55.330   936   947 I ActivityManager: 11818 get provider com.htc.opensense.plugin 1559
01-23 15:01:55.330   936  8431 I ActivityManager: Recipient 12112
01-23 15:01:55.330   936  8431 D ProcessStateC: Inactive from makeInactive origBase; ps=ProcessState{42f04418 com.google.android.youtube/10195 pkg=com.google.android.youtube}
01-23 15:01:55.330   936  8431 F ActivityManager: Service ServiceRecord{432bb8a0 u0 com.google.android.youtube/com.google.android.apps.youtube.core.transfer.DownloadService} in process ProcessRecord{42d1c618 12112:com.google.android.youtube/u0a195} not same as in map: null
01-23 15:01:55.330   936  8431 D ErrorReport: HtcErrorReportManager proc or proc.info or pm is null
01-23 15:01:55.330   936  8431 D ErrorReport: HtcErrorReportManager Enable Error Report by system server
01-23 15:01:55.330   936  8431 D ErrorReport: HtcErrorReportManager Begin---add error logs to dropbox
01-23 15:01:55.340 11818 12546 I TodoTask: SM: Plugin meta is not empty:@array/account_types
01-23 15:01:55.340 10653 12547 D MailShortcut: updateMailAPshortcut>14,com.htc.android.mail/.MultipleActivitiesMain
01-23 15:01:55.340 10653 12547 D MailShortcut: update Mail app shortcut bubble :14
01-23 15:01:55.350   936  8431 D ErrorReport: HtcErrorReportManager End---add error logs to dropbox
01-23 15:01:55.350   936  8431 W WindowManager: Execute app transition: mAppTransition=mNextAppTransition=0xffffffff
01-23 15:01:55.350 12018 12018 D MessagingShortcut: Send UNREAD_MESSAGE_COUNT broadcast: count=0, bubble:2
01-23 15:01:55.350 10653 12547 I MailEventBroadcaster: sendUnreadMailCount, unreadNumber: 14
01-23 15:01:55.350   936  1730 I ActivityManager: broadcast act=com.htc.launcher.action.SET_NOTIFICATION from pid=12018, uid=10067,parallel BR:null,size=0,order BR:432ee2b0,u0,size=1,replaced=0
01-23 15:01:55.350   936  1750 I ActivityManager: broadcast act=com.htc.launcher.action.SET_NOTIFICATION from pid=10653, uid=10066,parallel BR:null,size=0,order BR:432e58b8,u0,size=1,replaced=0
01-23 15:01:55.350   936  1731 I ActivityManager: broadcast act=com.htc.message.action.update_unread_message_count from pid=12018, uid=10067,parallel BR:432de1a8,u0,size=1,replaced=0,order BR:null,size=0,resultTo=null
01-23 15:01:55.360   936   947 V SyncManager: scheduleSyncOperation: dropping duplicate sync operation  u0 (com.htc.android.windowslive), com.android.calendar, LOCAL, latestRunTime 867215, reason: 10013
01-23 15:01:55.360 10653 12547 D CursorWindowStats: Alloc larger, size: 4194304
01-23 15:01:55.360 12430 12446 D CalendarBackupAgent:  db calendarID is :1 >>> account type is: com.htc.pcsc >>> account name is: PC Sync >>> owner account is: Outlook
01-23 15:01:55.360 12018 12018 V Perf    : com.android.mms.ui.MessagingShortcutReceiver@425901a8 onReceive:com.htc.launcher.action.ACTION_ITEM_ADDED 32ms
01-23 15:01:55.360 12430 12446 D CalendarBackupAgent: compare sharedpreference account name is :PC Sync >>> account type is: com.htc.pcsc >>> owner account is: Outlook
01-23 15:01:55.360 12430 12446 V CalendarBackupAgent: updated Calendar.id:1, 0, 45, 0, 1, 1
01-23 15:01:55.360 10653 12547 I MailCommon: Account>9223372036854775807, last notification time>1390460508716
01-23 15:01:55.360 10653 10653 D EASAppSvc: [ NA ]- onBind():com.htc.task.source.com.htc.android.mail.eas
01-23 15:01:55.360 10653 10653 V Perf    : com.htc.android.mail.eassvc.EASAppSvc@422ccbc8 onBind, 0ms
01-23 15:01:55.360 11818 11818 V Perf    : com.htc.task.TodoReceiver@42333a30 onReceive:com.htc.launcher.action.ACTION_ITEM_ADDED 1ms
01-23 15:01:55.360 11818 11818 V Perf    : com.htc.task.TodoService@4232a5f0 onStartCommand:act=com.htc.launcher.action.ACTION_ITEM_ADDED flg=0x10, 0ms
01-23 15:01:55.360  4158  4158 D NotificationReceiver: action: com.htc.launcher.action.SET_NOTIFICATION
01-23 15:01:55.360  4158  4158 D NotificationReceiver: Set notification count: strComponent=com.htc.contacts/.DialerTabActivity, strData=null, nCount=0
01-23 15:01:55.360  4158  4158 D NotificationReceiver: duplicated notification: strComponentName=com.htc.contacts/.DialerTabActivity, nNotifyCount=0
01-23 15:01:55.360  4158  4158 V Perf    : com.htc.launcher.receiver.NotificationReceiver@4237cab0 onReceive:com.htc.launcher.action.SET_NOTIFICATION 1ms
01-23 15:01:55.360 10653 12547 D MailShortcut: updateMailShortcut>1
01-23 15:01:55.360 10653 12547 D MailShortcut: account>com.htc.android.mail.Account@423dbfe0
01-23 15:01:55.360   936   956 I BroadcastQueue: Deliver non-order [BG] BR@432de1a8 BF{43337e98 u0 RL{43337e38 1351 com.android.systemui/10060/u0 remote:432d14f0}}
01-23 15:01:55.360   936   936 I ActivityManager: broadcast act=android.intent.action.DROPBOX_ENTRY_ADDED from pid=936, uid=1000,parallel BR:null,size=0,order BR:null,size=0,resultTo=null
01-23 15:01:55.360   936  1699 V BroadcastQueue: Deliver to ComponentInfo{com.htc.task/com.htc.task.TodoReceiver}:BR@42e67300
01-23 15:01:55.360   936  6790 V ActivityManager: bindService: act=com.htc.task.source.com.htc.android.mail.eas cmp=com.htc.android.mail/.eassvc.EASAppSvc type=null conn=423f03a0 flags=1 pid=11818
01-23 15:01:55.360   936 11301 V ActivityManager: startService: act=com.htc.launcher.action.ACTION_ITEM_ADDED flg=0x10 cmp=com.htc.task/.TodoService type=null pid=11818
01-23 15:01:55.360   936  8431 I ActivityManager: broadcast act=com.htc.android.mail.action.update_unread_mail_count from pid=10653, uid=10066,parallel BR:null,size=0,order BR:null,size=0,resultTo=null
01-23 15:01:55.360   936  1010 V BroadcastQueue: Deliver to ComponentInfo{com.htc.launcher/com.htc.launcher.receiver.NotificationReceiver}:BR@42df7800
01-23 15:01:55.360   936  1731 V BroadcastQueue: Deliver to ComponentInfo{com.htc.launcher/com.htc.launcher.receiver.NotificationReceiver}:BR@432c1be8
01-23 15:01:55.370  4158  4158 D NotificationReceiver: action: com.htc.launcher.action.SET_NOTIFICATION
01-23 15:01:55.370  4158  4158 D NotificationReceiver: Set notification count: strComponent=com.htc.task/.TaskListViewActivity, strData=null, nCount=0
01-23 15:01:55.370  4158  4158 D NotificationReceiver: duplicated notification: strComponentName=com.htc.task/.TaskListViewActivity, nNotifyCount=0
01-23 15:01:55.370  4158  4158 V Perf    : com.htc.launcher.receiver.NotificationReceiver@429a5560 onReceive:com.htc.launcher.action.SET_NOTIFICATION 0ms
01-23 15:01:55.370 10653 12547 D CursorWindowStats: Alloc larger, size: 4194304
01-23 15:01:55.370 11921 11921 V Perf    : com.google.android.gm.widget.GmailWidgetProvider@4238cbf0 onReceive:com.android.mail.ACTION_NOTIFY_DATASET_CHANGED 2ms
01-23 15:01:55.370 10653 12547 I MailShortcut: accountId: 1, unreadMail: 14
01-23 15:01:55.370 10653 12547 D MailShortcut: update Mail inbox shortcut bubble :14, uriStr :content://mail/accounts/1
01-23 15:01:55.370 11818 12549 D ORMLib  : buildClause where:PackageName=? , args:com.htc.android.mail,
01-23 15:01:55.370  1351  1351 I HtcLockScreen: PluginNewMessage: Action update new message count = 0
01-23 15:01:55.370  1351  1351 I HtcLockScreen: ProductModuleCtrl: Receiver update >> NewMessage
01-23 15:01:55.370  1351  1351 I HtcLockScreen: ProductNTFCtrl: onRequestUpdate ~ NewMessage
01-23 15:01:55.370  4158  4158 D NotificationReceiver: action: com.htc.launcher.action.SET_NOTIFICATION
01-23 15:01:55.370  4158  4158 D NotificationReceiver: Set notification count: strComponent=com.htc.task/.TaskListViewActivity, strData=null, nCount=0
01-23 15:01:55.370  4158  4158 D NotificationReceiver: duplicated notification: strComponentName=com.htc.task/.TaskListViewActivity, nNotifyCount=0
01-23 15:01:55.370  4158  4158 V Perf    : com.htc.launcher.receiver.NotificationReceiver@4277fe68 onReceive:com.htc.launcher.action.SET_NOTIFICATION 1ms
01-23 15:01:55.370  1351  1351 V Perf    : com.htc.lockscreen.productivity.module.ProductivityModuleControl$ProductivityReceiver@422db908 onReceive:com.htc.message.action.update_unread_message_count 1ms
01-23 15:01:55.370 11818 12549 D ORMLib  : SELECT * FROM TaskSource WHERE (PackageName=? )
01-23 15:01:55.370   936  1007 V BroadcastQueue: Deliver to ComponentInfo{com.google.android.gm/com.google.android.gm.widget.GmailWidgetProvider}:BR@433b3a90
01-23 15:01:55.370   936 11301 V BroadcastQueue: Deliver to ComponentInfo{com.htc.launcher/com.htc.launcher.receiver.NotificationReceiver}:BR@4334f878
01-23 15:01:55.370   936  1010 I ActivityManager: broadcast act=com.htc.launcher.action.SET_NOTIFICATION from pid=10653, uid=10066,parallel BR:null,size=0,order BR:432815a0,u0,size=1,replaced=0
01-23 15:01:55.380 10653 12547 D CursorWindowStats: Alloc larger, size: 4194304
01-23 15:01:55.380  4158  4158 D NotificationReceiver: action: com.htc.launcher.action.SET_NOTIFICATION
01-23 15:01:55.380  4158  4158 D NotificationReceiver: Set notification count: strComponent=com.android.mms/.ui.ConversationList, strData=null, nCount=0
01-23 15:01:55.380  4158  4158 D NotificationReceiver: duplicated notification: strComponentName=com.android.mms/.ui.ConversationList, nNotifyCount=0
01-23 15:01:55.380  4158  4158 V Perf    : com.htc.launcher.receiver.NotificationReceiver@422d6eb8 onReceive:com.htc.launcher.action.SET_NOTIFICATION 0ms
01-23 15:01:55.380  4158  4158 D NotificationReceiver: action: com.htc.launcher.action.SET_NOTIFICATION
01-23 15:01:55.380  4158  4158 D NotificationReceiver: Set notification count: strComponent=com.htc.android.mail/.MultipleActivitiesMain, strData=null, nCount=14
01-23 15:01:55.380  4158  4158 D NotificationReceiver: duplicated notification: strComponentName=com.htc.android.mail/.MultipleActivitiesMain, nNotifyCount=14
01-23 15:01:55.380  4158  4158 V Perf    : com.htc.launcher.receiver.NotificationReceiver@4233f5e8 onReceive:com.htc.launcher.action.SET_NOTIFICATION 0ms
01-23 15:01:55.380  4158  4158 D NotificationReceiver: action: com.htc.launcher.action.SET_NOTIFICATION
01-23 15:01:55.380  4158  4158 D NotificationReceiver: Set notification count: strComponent=null, strData=content://mail/accounts/1, nCount=14
01-23 15:01:55.380  4158  4158 D NotificationReceiver: duplicated notification strData=content://mail/accounts/1, nNotifyCount=14
01-23 15:01:55.380  4158  4158 V Perf    : com.htc.launcher.receiver.NotificationReceiver@42760610 onReceive:com.htc.launcher.action.SET_NOTIFICATION 1ms
01-23 15:01:55.380 10653 12547 D MailShortcut: updateMailAPshortcut>14,com.htc.android.mail/.MultipleActivitiesMain
01-23 15:01:55.380 10653 12547 D MailShortcut: update Mail app shortcut bubble :14
01-23 15:01:55.380   936  1631 V BroadcastQueue: Deliver to ComponentInfo{com.htc.launcher/com.htc.launcher.receiver.NotificationReceiver}:BR@432ee2b0
01-23 15:01:55.380   936  1731 I ActivityManager: 1351 get provider sms 1591
01-23 15:01:55.380   936  1731 V BroadcastQueue: Deliver to ComponentInfo{com.htc.launcher/com.htc.launcher.receiver.NotificationReceiver}:BR@432e58b8
01-23 15:01:55.380   936  6789 V AlarmManager: remove(PendingIntent{423162c8: PendingIntentRecord{42dea5e0 com.htc.task broadcastIntent}}) changed bounds; rebatching
01-23 15:01:55.380   936  1730 V BroadcastQueue: Deliver to ComponentInfo{com.htc.launcher/com.htc.launcher.receiver.NotificationReceiver}:BR@432815a0
01-23 15:01:55.380   936  1700 I ActivityManager: broadcast act=com.htc.launcher.action.SET_NOTIFICATION from pid=10653, uid=10066,parallel BR:null,size=0,order BR:43230810,u0,size=1,replaced=0
01-23 15:01:55.380   936   956 V BroadcastQueue: Deliver to ComponentInfo{com.htc.launcher/com.htc.launcher.receiver.NotificationReceiver}:BR@43230810
01-23 15:01:55.391 10653 12547 I MailEventBroadcaster: sendUnreadMailCount, unreadNumber: 14
01-23 15:01:55.391  4158  4158 D NotificationReceiver: action: com.htc.launcher.action.SET_NOTIFICATION
01-23 15:01:55.391  4158  4158 D NotificationReceiver: Set notification count: strComponent=com.htc.android.mail/.MultipleActivitiesMain, strData=null, nCount=14
01-23 15:01:55.391  4158  4158 D NotificationReceiver: duplicated notification: strComponentName=com.htc.android.mail/.MultipleActivitiesMain, nNotifyCount=14
01-23 15:01:55.391  4158  4158 V Perf    : com.htc.launcher.receiver.NotificationReceiver@423040b8 onReceive:com.htc.launcher.action.SET_NOTIFICATION 1ms
01-23 15:01:55.391  1591  1604 D TelephUtils: QUERY for content://sms [ com.android.systemui ] tid: 45
01-23 15:01:55.391  1591  1604 D AccFlag : sku_id=0
01-23 15:01:55.391  1591  1604 D CursorWindowStats: Alloc larger, size: 4194304
01-23 15:01:55.391 10653 12547 D CursorWindowStats: Alloc larger, size: 4194304
01-23 15:01:55.391 10653 12547 I MailCommon: Account>9223372036854775807, last notification time>1390460508716
01-23 15:01:55.391  1351 12550 I HtcLockScreen: PluginNewMessage: * Sms count is 0
01-23 15:01:55.391 10653 12547 D MailShortcut: updateMailShortcut>2
01-23 15:01:55.391 10653 12547 D MailShortcut: account>com.htc.android.mail.Account@42314fe8
01-23 15:01:55.391   936  8430 V AlarmManager: set(PendingIntent{427bf080: PendingIntentRecord{42dea5e0 com.htc.task broadcastIntent}}) : type=1 triggerAtTime=1390546340738 win=0 tElapsed=86632593 maxElapsed=86632593 interval=0 standalone=false
01-23 15:01:55.391   936  8430 V AlarmManager: Adding Alarm{426ad5e0 type 1 com.htc.task} and create new batch Batch{426aa838 num=1 start=86632593 end=86632593}
01-23 15:01:55.391   936  1010 I ActivityManager: broadcast act=com.htc.android.mail.action.update_unread_mail_count from pid=10653, uid=10066,parallel BR:null,size=0,order BR:null,size=0,resultTo=null
01-23 15:01:55.401 10653 12547 D CursorWindowStats: Alloc larger, size: 4194304
01-23 15:01:55.401  1591  1898 D TelephUtils: QUERY for content://mms [ com.android.systemui ] tid: 92
01-23 15:01:55.401  1591  1898 D AccFlag : sku_id=0
01-23 15:01:55.401  1591  1898 V MmsProvider: Query uri=content://mms, match=0
01-23 15:01:55.401  1591  1898 V MmsProvider: selection> msg_box=1 AND read=0 AND (m_type=82 OR m_type=132)
01-23 15:01:55.401 11818 12549 I TodoTask: SM: scanning taskSrc com.htc.android.mail com.htc.android.mail.eas
01-23 15:01:55.401 11818 12549 I TodoTask: SM: account com.htc.android.mail.eas is matching, remove idx 0
01-23 15:01:55.401 11818 12549 I TodoTask: SM: scanning taskSrc com.htc.android.mail com.htc.android.windowslive
01-23 15:01:55.401 11818 12549 I TodoTask: SM: account com.htc.android.windowslive is matching, remove idx 0
01-23 15:01:55.401  1591  1898 D CursorWindowStats: Alloc larger, size: 4194304
01-23 15:01:55.401   936  6790 V SyncManager: scheduleSyncOperation: dropping duplicate sync operation  u0 (com.htc.android.windowslive), com.android.calendar, LOCAL, latestRunTime 867264, reason: 10013
01-23 15:01:55.401 12430 12446 V CalendarBackupAgent: updateDB status :1
01-23 15:01:55.401 12430 12446 D CalendarBackupAgent:  db calendarID is :2 >>> account type is: LOCAL >>> account name is: Scheduled Reminders >>> owner account is: Scheduled Reminders
01-23 15:01:55.411 12430 12446 D CalendarBackupAgent: compare sharedpreference account name is :PC Sync >>> account type is: com.htc.pcsc >>> owner account is: Outlook
01-23 15:01:55.411 12430 12446 D CalendarBackupAgent: compare sharedpreference account name is :Scheduled Reminders >>> account type is: LOCAL >>> owner account is: Scheduled Reminders
01-23 15:01:55.411  1351 12550 I HtcLockScreen: PluginNewMessage: * Mms count is 0
01-23 15:01:55.411  1351 12550 I HtcLockScreen: PluginNewMessage: * Phone map size is 0
01-23 15:01:55.411  1351 12550 I HtcLockScreen: PluginNewMessage: return 0 new messages
01-23 15:01:55.411  1351 12550 I HtcLockScreen: ProductNTFCtrl: onLoadComplete ~ NewMessage
01-23 15:01:55.411 12430 12446 V CalendarBackupAgent: updated Calendar.id:2, 0, 15, 0, 1, 1
01-23 15:01:55.411 11818 12549 D ORMLib  : buildClause where:AccountType=? AND PackageName=? , args:com.htc.android.mail.eas,com.htc.android.mail,
01-23 15:01:55.411 11818 12549 D ORMLib  : SELECT * FROM TaskSource WHERE (AccountType=? AND PackageName=? )
01-23 15:01:55.411 10653 12547 I MailShortcut: accountId: 2, unreadMail: 0
01-23 15:01:55.411 10653 12547 D MailShortcut: update Mail inbox shortcut bubble :0, uriStr :content://mail/accounts/2
01-23 15:01:55.411 11818 12546 D ULog.util: ulog.enable_debugging_policy: true
01-23 15:01:55.411  4158  4158 D NotificationReceiver: action: com.htc.launcher.action.SET_NOTIFICATION
01-23 15:01:55.411  4158  4158 D NotificationReceiver: Set notification count: strComponent=null, strData=content://mail/accounts/2, nCount=0
01-23 15:01:55.411  4158  4158 V Perf    : com.htc.launcher.receiver.NotificationReceiver@4271adb0 onReceive:com.htc.launcher.action.SET_NOTIFICATION 1ms
01-23 15:01:55.411 10653 12547 D CursorWindowStats: Alloc larger, size: 4194304
01-23 15:01:55.411  4158  4664 D Launcher: onWorkspaceUpdated: content://mail/accounts/2, 0
01-23 15:01:55.411   936   947 I ActivityManager: broadcast act=com.htc.launcher.action.SET_NOTIFICATION from pid=10653, uid=10066,parallel BR:null,size=0,order BR:431ddb18,u0,size=1,replaced=0
01-23 15:01:55.411   936   956 V BroadcastQueue: Deliver to ComponentInfo{com.htc.launcher/com.htc.launcher.receiver.NotificationReceiver}:BR@431ddb18
01-23 15:01:55.421 11818 12549 I TodoTask: SM: found taskSrc com.htc.android.mail com.htc.android.mail.eas can be updated
01-23 15:01:55.421   936  1336 V UPolicy : [Eng]canLogUserProfiling, TellHtc Ui Mode is: normal
01-23 15:01:55.421 11818 12549 I TodoTask: SM: source is Exchange ActiveSync
01-23 15:01:55.421 10653 12547 D MailShortcut: updateMailAPshortcut>14,com.htc.android.mail/.MultipleActivitiesMain
01-23 15:01:55.421 10653 12547 D MailShortcut: update Mail app shortcut bubble :14
01-23 15:01:55.421 11818 12546 D TodoService: action com.htc.launcher.action.ACTION_ITEM_ADDED
01-23 15:01:55.421 11818 12546 D TodoTaskshortcut: update TASK shortcut>
01-23 15:01:55.421 11818 12549 D ORMLib  : put()
01-23 15:01:55.421  4158  4158 D NotificationReceiver: action: com.htc.launcher.action.SET_NOTIFICATION
01-23 15:01:55.421 10653 12547 I MailEventBroadcaster: sendUnreadMailCount, unreadNumber: 14
01-23 15:01:55.421  1351  1351 I HtcLockScreen: ProductModuleCtrl: notifyComplete ~ NewMessage
01-23 15:01:55.421  4158  4158 D NotificationReceiver: Set notification count: strComponent=com.htc.android.mail/.MultipleActivitiesMain, strData=null, nCount=14
01-23 15:01:55.421  4158  4158 D NotificationReceiver: duplicated notification: strComponentName=com.htc.android.mail/.MultipleActivitiesMain, nNotifyCount=14
01-23 15:01:55.421  4158  4158 V Perf    : com.htc.launcher.receiver.NotificationReceiver@428618c0 onReceive:com.htc.launcher.action.SET_NOTIFICATION 0ms
01-23 15:01:55.421   936  6789 V SyncManager: scheduleSyncOperation: dropping duplicate sync operation  u0 (com.htc.android.windowslive), com.android.calendar, LOCAL, latestRunTime 867283, reason: 10013
01-23 15:01:55.421 12430 12446 V CalendarBackupAgent: updateDB status :1
01-23 15:01:55.421 12430 12446 D CalendarBackupAgent:  db calendarID is :3 >>> account type is: com.htc.task/task >>> account name is: My task >>> owner account is: My task
01-23 15:01:55.421 12430 12446 D CalendarBackupAgent: compare sharedpreference account name is :PC Sync >>> account type is: com.htc.pcsc >>> owner account is: Outlook
01-23 15:01:55.421 12430 12446 D CalendarBackupAgent: compare sharedpreference account name is :Scheduled Reminders >>> account type is: LOCAL >>> owner account is: Scheduled Reminders
01-23 15:01:55.421 12430 12446 D CalendarBackupAgent: compare sharedpreference account name is :My task >>> account type is: com.htc.task/task >>> owner account is: My task
01-23 15:01:55.421 12430 12446 V CalendarBackupAgent: updated Calendar.id:3, 1, 15, 0, 1, 1
01-23 15:01:55.421 10653 12547 D CursorWindowStats: Alloc larger, size: 4194304
01-23 15:01:55.421   936  1700 I ActivityManager: broadcast act=com.htc.launcher.action.SET_NOTIFICATION from pid=10653, uid=10066,parallel BR:null,size=0,order BR:43191f08,u0,size=1,replaced=0
01-23 15:01:55.421   936   956 V BroadcastQueue: Deliver to ComponentInfo{com.htc.launcher/com.htc.launcher.receiver.NotificationReceiver}:BR@43191f08
01-23 15:01:55.431 11818 12549 V ORMLib  : update last_update=1390460515 Description=@string/exchange_sync PackageName=com.htc.android.mail VersionCode=742802760 SupportedColumns=191 IsTimePrecision2Sec=0 VersionName=7.6.2411243346.730966.670635 ServiceClassPath=com.htc.android.mail.eassvc.EASAppSvc AccountType=com.htc.android.mail.eas
01-23 15:01:55.431 10653 12547 I MailCommon: Account>9223372036854775807, last notification time>1390460508716
01-23 15:01:55.431 11818 12549 D APICProviderDecorator: update. content://com.htc.task.dm/TaskSource/2
01-23 15:01:55.431 11818 12546 D ORMLib  : buildClause where:IsDeleted=? AND _recur_regen=? AND DueDate<? AND DueDate IS NOT NULL AND Complete=? , args:0,0,1390521600,0,
01-23 15:01:55.431 11818 12546 D APICProviderDecorator: query. content://com.htc.task.dm/TodoTask
01-23 15:01:55.431 10653 10653 V Perf    : com.htc.android.mail.mailservice.MailIntentService@42291fe8 onDestroy, 0ms
01-23 15:01:55.431   936  1731 I ActivityManager: broadcast act=com.htc.android.mail.action.update_unread_mail_count from pid=10653, uid=10066,parallel BR:null,size=0,order BR:null,size=0,resultTo=null
01-23 15:01:55.441   936 11301 V SyncManager: scheduleSyncOperation: dropping duplicate sync operation  u0 (com.htc.android.windowslive), com.android.calendar, LOCAL, latestRunTime 867299, reason: 10013
01-23 15:01:55.441 12430 12446 V CalendarBackupAgent: updateDB status :1
01-23 15:01:55.441 12430 12446 D CalendarBackupAgent:  db calendarID is :4 >>> account type is: com.htc.android.windowslive >>> account name is: onlytestforme1000@outlook.com >>> owner account is: onlytestforme1000@outlook.com
01-23 15:01:55.441 12430 12446 D CalendarBackupAgent: compare sharedpreference account name is :PC Sync >>> account type is: com.htc.pcsc >>> owner account is: Outlook
01-23 15:01:55.441 12430 12446 D CalendarBackupAgent: compare sharedpreference account name is :Scheduled Reminders >>> account type is: LOCAL >>> owner account is: Scheduled Reminders
01-23 15:01:55.441 12430 12446 D CalendarBackupAgent: compare sharedpreference account name is :My task >>> account type is: com.htc.task/task >>> owner account is: My task
01-23 15:01:55.441 12430 12446 D CalendarBackupAgent: compare sharedpreference account name is :onlytestforme1000@outlook.com >>> account type is: com.htc.android.windowslive/task >>> owner account is: onlytestforme1000@outlook.com
01-23 15:01:55.441 12430 12446 D CalendarBackupAgent: compare sharedpreference account name is :onlytestforme1000@outlook.com >>> account type is: com.htc.android.windowslive >>> owner account is: onlytestforme1000@outlook.com
01-23 15:01:55.441 12430 12446 V CalendarBackupAgent: updated Calendar.id:4, 1, 15, 0, 1, 1
01-23 15:01:55.461   936  1010 V SyncManager: scheduleSyncOperation: dropping duplicate sync operation  u0 (com.htc.android.windowslive), com.android.calendar, LOCAL, latestRunTime 867315, reason: 10013
01-23 15:01:55.461 12430 12446 V CalendarBackupAgent: updateDB status :1
01-23 15:01:55.461 12430 12446 D CalendarBackupAgent:  db calendarID is :5 >>> account type is: com.htc.android.windowslive/task >>> account name is: onlytestforme1000@outlook.com >>> owner account is: onlytestforme1000@outlook.com
01-23 15:01:55.461 12430 12446 D CalendarBackupAgent: compare sharedpreference account name is :PC Sync >>> account type is: com.htc.pcsc >>> owner account is: Outlook
01-23 15:01:55.461 12430 12446 D CalendarBackupAgent: compare sharedpreference account name is :Scheduled Reminders >>> account type is: LOCAL >>> owner account is: Scheduled Reminders
01-23 15:01:55.461 12430 12446 D CalendarBackupAgent: compare sharedpreference account name is :My task >>> account type is: com.htc.task/task >>> owner account is: My task
01-23 15:01:55.461 12430 12446 D CalendarBackupAgent: compare sharedpreference account name is :onlytestforme1000@outlook.com >>> account type is: com.htc.android.windowslive/task >>> owner account is: onlytestforme1000@outlook.com
01-23 15:01:55.461 12430 12446 V CalendarBackupAgent: updated Calendar.id:5, 1, 15, 0, 1, 1
01-23 15:01:55.481   936  1700 V SyncManager: scheduleSyncOperation: dropping duplicate sync operation  u0 (com.htc.android.windowslive), com.htc.task.dm, LOCAL, latestRunTime 867336, reason: 10073
01-23 15:01:55.481 11818 12549 D DBProvider: Notify change , and caller is not syncadapter
01-23 15:01:55.481 11818 12549 I TodoTask: SM: TaskSource added. Pkg:com.htc.android.mail, Type:com.htc.android.mail.eas
01-23 15:01:55.481 11818 12549 D APICProviderDecorator: UriPermission Granted: content://com.htc.task.dm/TS/com.htc.android.mail/*
01-23 15:01:55.481 11818 12546 D TodoTaskshortcut: Block com.htc.task.action.idlescreen.update_count due to bubble count haven't changed ! Count = 0
01-23 15:01:55.481 11818 12549 D APICProviderDecorator: update. content://com.htc.task.dm/Account
01-23 15:01:55.481  4158  4158 D NotificationReceiver: action: com.htc.launcher.action.SET_NOTIFICATION
01-23 15:01:55.481  4158  4158 D NotificationReceiver: Set notification count: strComponent=com.htc.task/.TaskListViewActivity, strData=null, nCount=0
01-23 15:01:55.481  4158  4158 D NotificationReceiver: duplicated notification: strComponentName=com.htc.task/.TaskListViewActivity, nNotifyCount=0
01-23 15:01:55.481  4158  4158 V Perf    : com.htc.launcher.receiver.NotificationReceiver@4229df58 onReceive:com.htc.launcher.action.SET_NOTIFICATION 0ms
01-23 15:01:55.481 11818 11818 V Perf    : com.htc.task.TodoService@4232a5f0 onDestroy, 0ms
01-23 15:01:55.481   936  1750 I ActivityManager: broadcast act=com.htc.task.dm.TaskSource.change pkg=com.htc.task from pid=11818, uid=10073,parallel BR:null,size=0,order BR:null,size=0,resultTo=null
01-23 15:01:55.481   936  8430 I ActivityManager: broadcast act=com.htc.launcher.action.SET_NOTIFICATION from pid=11818, uid=10073,parallel BR:null,size=0,order BR:430e3c50,u0,size=1,replaced=0
01-23 15:01:55.481   936   956 V BroadcastQueue: Deliver to ComponentInfo{com.htc.launcher/com.htc.launcher.receiver.NotificationReceiver}:BR@430e3c50
01-23 15:01:55.491   936  1699 V SyncManager: scheduleSyncOperation: dropping duplicate sync operation  u0 (com.htc.android.windowslive), com.android.calendar, LOCAL, latestRunTime 867345, reason: 10013
01-23 15:01:55.491   936  1631 D Process : killProcessQuiet, pid=10758
01-23 15:01:55.491 12430 12446 V CalendarBackupAgent: updateDB status :1
01-23 15:01:55.491   936  1631 D Process : com.android.server.am.ActivityManagerService.killUnneededProcessLocked:7508 com.android.server.am.ActivityManagerService.updateOomAdjLocked:16927 com.android.server.am.ActivityManagerService.updateOomAdjLocked:16771 
01-23 15:01:55.491 12430 12446 D CalendarBackupAgent: failed to restore, compare sharedpreference account name is :Birthdays & Anniversaries >>> account type is: HTC_BirthdayEvent >>> owner account is: Contacts,  >>> visible is: 1,  >>> main_visible is: 1
01-23 15:01:55.491 11818 12549 I TodoTask: SM: Also update 0 accounts
01-23 15:01:55.491 10653 10653 D EASAppSvc: [ NA ]- onUnbind():com.htc.task.source.com.htc.android.mail.eas
01-23 15:01:55.491 10653 10653 V Perf    : com.htc.android.mail.eassvc.EASAppSvc@422ccbc8 onUnBind, 0ms
01-23 15:01:55.491 10653 10653 D EASAppSvc: [ NA ]- onBind():com.htc.task.source.com.htc.android.windowslive
01-23 15:01:55.491 10653 10653 V Perf    : com.htc.android.mail.eassvc.EASAppSvc@422ccbc8 onBind, 0ms
01-23 15:01:55.491   936  1631 I ActivityManager: Killing 10758:com.google.android.music:main/u0a169 (adj 15): empty #21
01-23 15:01:55.491   936 11301 V ActivityManager: unbindService: conn=423f03a0 pid=11818
01-23 15:01:55.491   936  6790 V ActivityManager: bindService: act=com.htc.task.source.com.htc.android.windowslive cmp=com.htc.android.mail/.eassvc.EASAppSvc type=null conn=42d1a5c8 flags=1 pid=11818
01-23 15:01:55.501 11818 12552 D ORMLib  : buildClause where:PackageName=? , args:com.htc.android.mail,
01-23 15:01:55.501 11818 12552 D ORMLib  : SELECT * FROM TaskSource WHERE (PackageName=? )
01-23 15:01:55.501   263   263 V AudioFlg: 10758 died, releasing its sessions
01-23 15:01:55.501   263   263 V AudioFlg:  pid 1591 @ 0
01-23 15:01:55.501   936   966 V HtcAppUsageStats: noteAppDied pid=10758
01-23 15:01:55.501   936  6789 D UserBehaviorLoggingService: [getSecurityProperties] Calling package name: android.uid.system:1000, Uid: 1000
01-23 15:01:55.501   936  6789 D LogStream: [generateCipher] Version: 2, use CBC
01-23 15:01:55.501   936  6789 I ActivityManager: Recipient 10758
01-23 15:01:55.501   936  6789 D ProcessStateC: Inactive from makeInactive origBase; ps=ProcessState{42d1e900 com.google.android.music:main/10169 pkg=com.google.android.music}
01-23 15:01:55.501   936  6789 F ActivityManager: Service ServiceRecord{4331aa18 u0 com.google.android.music/.preferences.MusicPreferenceService$MusicPreferenceServiceBinder} in process ProcessRecord{42de26e8 10758:com.google.android.music:main/u0a169} not same as in map: null
01-23 15:01:55.501   936  6789 D ErrorReport: HtcErrorReportManager proc or proc.info or pm is null
01-23 15:01:55.501   936  6789 D ErrorReport: HtcErrorReportManager Enable Error Report by system server
01-23 15:01:55.501   936  6789 D ErrorReport: HtcErrorReportManager Begin---add error logs to dropbox
01-23 15:01:55.511 11818 12552 I TodoTask: SM: scanning taskSrc com.htc.android.mail com.htc.android.mail.eas
01-23 15:01:55.511 11818 12552 I TodoTask: SM: account com.htc.android.mail.eas is matching, remove idx 0
01-23 15:01:55.511 11818 12552 I TodoTask: SM: scanning taskSrc com.htc.android.mail com.htc.android.windowslive
01-23 15:01:55.511 11818 12552 I TodoTask: SM: account com.htc.android.windowslive is matching, remove idx 0
01-23 15:01:55.511 11818 12552 D ORMLib  : buildClause where:AccountType=? AND PackageName=? , args:com.htc.android.windowslive,com.htc.android.mail,
01-23 15:01:55.511 11818 12552 D ORMLib  : SELECT * FROM TaskSource WHERE (AccountType=? AND PackageName=? )
01-23 15:01:55.511   936  6789 D ErrorReport: HtcErrorReportManager End---add error logs to dropbox
01-23 15:01:55.521   936  1010 V SyncManager: scheduleSyncOperation: dropping duplicate sync operation  u0 (com.htc.android.windowslive), com.android.calendar, LOCAL, latestRunTime 867375, reason: 10013
01-23 15:01:55.521 12430 12446 V CalendarBackupAgent: query end.
01-23 15:01:55.521 11818 12552 I TodoTask: SM: found taskSrc com.htc.android.mail com.htc.android.windowslive can be updated
01-23 15:01:55.521 11818 12552 I TodoTask: SM: source is Microsoft Hotmail
01-23 15:01:55.521   936  6789 D UserBehaviorLoggingService: [getSecurityProperties] Calling package name: android.uid.system:1000, Uid: 1000
01-23 15:01:55.521 11818 12552 D ORMLib  : put()
01-23 15:01:55.521   936  6789 D LogStream: [generateCipher] Version: 2, use CBC
01-23 15:01:55.521  1351  1351 I HtcLockScreen: ProductNTFCtrl: upd group msg
