01-23 15:02:19.466 10653 11982 V EAS_SyncManager: [Acc 2]< DS() Mail: true
01-23 15:02:19.476 10653 11982 I global  : Call socket close in SocketHttpClientConnection, socket = SSL socket over Socket[address=/65.55.68.120,port=443,localPort=60324]
01-23 15:02:19.476 10653 11982 V MailSyncSource: [Acc 2]- saveData()
01-23 15:02:19.476 10653 11982 D MailEventBroadcaster: set sync finish broadcast
01-23 15:02:19.476   936  6790 I ActivityManager: broadcast act=com.htc.android.mail.intent.change from pid=10653, uid=10066,parallel BR:4282ca98,u0,size=1,replaced=0,order BR:427ebfc0,u0,size=1,replaced=0
01-23 15:02:19.476   936   956 I BroadcastQueue: Deliver non-order [BG] BR@4282ca98 BF{42fb2fd0 u0 RL{42f6c078 2288 com.android.bluetooth/1002/u0 remote:4241e7b0}}
01-23 15:02:19.476   936   956 V BroadcastQueue: Deliver to ComponentInfo{com.htc.htccontactwidgets/com.htc.htccontactwidgets.ContactDataChangedReceiver}:BR@427ebfc0
01-23 15:02:19.486  2288  2288 I MailMessageReceiver: RECEIVE2:[Mail Sync Finished]Account: 2
01-23 15:02:19.486  2288  2288 V Perf    : com.htc.util.mail.MailMessageReceiver@422f0c08 onReceive:com.htc.android.mail.intent.change 0ms
01-23 15:02:19.486 12255 12255 D ContactQueryIntentService: [getContactQueryThreadInstance] mContactQueryThreadInstance:Thread[Thread-1058,5,main]
01-23 15:02:19.486 12255 12255 D ContactCollector_ContactDataChangedReceiver: ContactDataChangedReceiver intent.getAction(): com.htc.android.mail.intent.change
01-23 15:02:19.486 12255 12255 I ContactCollector_ContactDataChangedReceiver: Action: MAIL_DB_CHANGE_ACTION, bSyncFinish:true
01-23 15:02:19.486 12255 12255 V Perf    : com.htc.htccontactwidgets.ContactDataChangedReceiver@422b8270 onReceive:com.htc.android.mail.intent.change 1ms
01-23 15:02:19.486 10653 11982 D MailEventBroadcaster: sent mail event broadcast
01-23 15:02:19.486 10653 11982 D EASRequestController: [Acc 2]< MailRequestThread: 10
01-23 15:02:19.486 10653 11982 D CollectionManager: [ NA ]checkInboxDefaultSync: 0
01-23 15:02:19.486 10653 11982 V EASRequestController: [Acc 2]newMailNotification: 0, 15
01-23 15:02:19.486 10653 11982 I NewMailNotification: showNotificationInLine: context>android.app.Application@422aacf8, accid>2, newUnread>0, firstMessageId>15
01-23 15:02:19.486 10653 11982 V ExchangeSyncSources: [Acc 2]setPause(false) skip
01-23 15:02:19.486 10653 11981 I htc_WindowsLiveMailSyncAdapterService: [ NA ]< performSync onlytestforme1000@outlook.com done
01-23 15:02:19.486 10653 11982 V ExchangeSyncSources: [Acc 2]setPause(false) skip
01-23 15:02:19.486 10653 11982 V ExchangeSyncSources: [Acc 2]setPause(false) skip
01-23 15:02:19.486 10653 11982 V ExchangeSyncSources: [Acc 2]setPause(false) skip
01-23 15:02:19.486 10653 11982 D EASRequestController: [Acc 2]Callback: refresh end
01-23 15:02:19.486 10653 11982 D EmailServiceController: EASCallback: 1,1
01-23 15:02:19.486   936 11301 V ActivityManager: startService: act=com.htc.android.mail.mailservice.MailIntentService.SHOW_NEWMAIL_NOTIFICATION cmp=com.htc.android.mail/.mailservice.MailIntentService type=null pid=10653
01-23 15:02:19.496 10653 11982 D MailProvider: update account
01-23 15:02:19.496 10653 10653 V Perf    : com.htc.android.mail.mailservice.MailIntentService@426e81f8 onCreate, 7ms
01-23 15:02:19.496 10653 10653 V Perf    : com.htc.android.mail.mailservice.MailIntentService@426e81f8 onStartCommand:act=com.htc.android.mail.mailservice.MailIntentService.SHOW_NEWMAIL_NOTIFICATION, 0ms
01-23 15:02:19.496 10653 12693 D NewMailNotification: showNotification>2,0,15,com.htc.android.mail.mailservice.MailIntentService@426e81f8
01-23 15:02:19.496   936   947 I ActivityManager: broadcast act=com.htc.android.mail.action.accountpool.update_account from pid=10653, uid=10066,parallel BR:null,size=0,order BR:null,size=0,resultTo=null
01-23 15:02:19.516 10653 11982 I Account : update column : _lastupdatetime
01-23 15:02:19.516 10653 11982 D EmailServiceController: isPerformRefreshComplete: mAccountId=2 request.accountId=-1 request.command=-1
01-23 15:02:19.516 10653 11982 W ContextImpl: Implicit intents with startService are not safe: Intent { act=com.htc.android.mail.eassvc.EASAppSvc } android.content.ContextWrapper.bindService:524 com.htc.android.mail.mailservice.ServiceProxy.setTask:165 com.htc.android.mail.mailservice.ServiceProxy.setTask:146 
01-23 15:02:19.516   936  1010 V ActivityManager: bindService: act=com.htc.android.mail.eassvc.EASAppSvc type=null conn=42c142f0 flags=1 pid=10653
01-23 15:02:19.526 10653 12693 D CursorWindowStats: Alloc larger, size: 4194304
01-23 15:02:19.526 10653 12693 D NewMailNotification: no notification exists>2
01-23 15:02:19.526 10653 12693 D NewMailNotification: newUnread <= 0, will not create new notification
01-23 15:02:19.526 10653 12693 D MailShortcut: updateMailShortcut>2
01-23 15:02:19.526 10653 12693 D MailShortcut: account>com.htc.android.mail.Account@42314fe8
01-23 15:02:19.526 10653 12693 D CursorWindowStats: Alloc larger, size: 4194304
01-23 15:02:19.526 10653 12693 I MailShortcut: accountId: 2, unreadMail: 0
01-23 15:02:19.526 10653 12693 D MailShortcut: mUnreadList>com.htc.android.mail.util.SparseLongArray@423d83b8
01-23 15:02:19.526 10653 12693 D MailShortcut: update Mail inbox shortcut bubble :0, uriStr :content://mail/accounts/2
01-23 15:02:19.526  4158  4158 D NotificationReceiver: action: com.htc.launcher.action.SET_NOTIFICATION
01-23 15:02:19.526  4158  4158 D NotificationReceiver: Set notification count: strComponent=null, strData=content://mail/accounts/2, nCount=0
01-23 15:02:19.526  4158  4158 D NotificationReceiver: duplicated notification strData=content://mail/accounts/2, nNotifyCount=0
01-23 15:02:19.526  4158  4158 V Perf    : com.htc.launcher.receiver.NotificationReceiver@4299ec18 onReceive:com.htc.launcher.action.SET_NOTIFICATION 0ms
01-23 15:02:19.526   936  1631 I ActivityManager: broadcast act=com.htc.launcher.action.SET_NOTIFICATION from pid=10653, uid=10066,parallel BR:null,size=0,order BR:42b07280,u0,size=1,replaced=0
01-23 15:02:19.526   936   956 V BroadcastQueue: Deliver to ComponentInfo{com.htc.launcher/com.htc.launcher.receiver.NotificationReceiver}:BR@42b07280
01-23 15:02:19.536 10653 12693 D CursorWindowStats: Alloc larger, size: 4194304
01-23 15:02:19.536 10653 12693 D MailShortcut: updateMailAPshortcut>14,com.htc.android.mail/.MultipleActivitiesMain
01-23 15:02:19.536 10653 12693 D MailShortcut: mUnreadList>com.htc.android.mail.util.SparseLongArray@423d83b8
01-23 15:02:19.546 10653 10653 V Perf    : com.htc.android.mail.mailservice.MailIntentService@426e81f8 onDestroy, 0ms
01-23 15:02:19.546 10653 12695 D EASAppSvc: [Acc 2]- getMailboxRefreshing()
01-23 15:02:19.546 10653 11982 D EmailServiceController: isServerRefreshing():Exchange server is not refreshing...
01-23 15:02:19.546 10653 11982 W ContextImpl: Implicit intents with startService are not safe: Intent { act=com.htc.android.mail.eassvc.EASAppSvc } android.content.ContextWrapper.bindService:524 com.htc.android.mail.mailservice.ServiceProxy.setTask:165 com.htc.android.mail.mailservice.ServiceProxy.setTask:146 
01-23 15:02:19.546 10653 12697 D EASAppSvc: [Acc 2]- getMailboxRefreshing()
01-23 15:02:19.546 10653 11982 D EmailServiceController: isServerRefreshing():Exchange server is not refreshing...
01-23 15:02:19.546 10653 11982 D EASRequestController: [Acc 2]removeUIEventCallback
01-23 15:02:19.546 10653 11982 D EASRequestController: [ NA ]unregisterEventCallback() - new size:1
01-23 15:02:19.546 10653 11982 D EASRequestController: [Acc 2]SyncEnd: all request sync finish
01-23 15:02:19.546 10653 11982 D EASAppSvc: [ NA ]syncCallback(): No account is running, stop EAS Service
01-23 15:02:19.546   936   948 V ActivityManager: unbindService: conn=42c142f0 pid=10653
01-23 15:02:19.546   936  1630 V ActivityManager: bindService: act=com.htc.android.mail.eassvc.EASAppSvc type=null conn=426985b0 flags=1 pid=10653
01-23 15:02:19.546   936  1010 V ActivityManager: unbindService: conn=426985b0 pid=10653
01-23 15:02:19.556 10653 11982 D EASCommonUtil: [ NA ]isMailInForeground(): false, screen off 
01-23 15:02:19.556 10653 11982 D EASAppSvc: [ NA ]stopSelfService(30000)
01-23 15:02:19.556 10653 11982 D EASEventBroadcaster: [ NA ]cancelPolicyErrorNotification()
01-23 15:02:19.556 10653 11982 D EASEventBroadcaster: [ NA ]cancelPasswdExpiredNotification()
01-23 15:02:19.556 10653 11982 D EAS_NetowrkUtil: [ NA ]checkNetwork():  Wifi
01-23 15:02:19.556 10653 11982 D EAS_NetowrkUtil: [ NA ]isDataRoaming(): WIFI
01-23 15:02:19.556 10653 11982 D EASCommonUtil: [ NA ]isMailInForeground(): false, screen off 
01-23 15:02:19.556   936  1699 D ConnSrv_Debug: getSlotExtendedType netType:1 is extended type or non-mobile type. No need to convert.
01-23 15:02:19.556   936  6790 D ConnSrv_Debug: getSlotExtendedType slotType:10 netType:0 [output] slotExtendedType:100
01-23 15:02:19.556   936  6790 D ConnSrv_Debug: getSlotExtendedType netType:100 is extended type or non-mobile type. No need to convert.
01-23 15:02:19.556   936  6790 D ConnSrv_Debug: Replaced NetworkType 100/0 to 0/0
01-23 15:02:19.556   936  1007 D ConnSrv_Debug: getSlotExtendedType netType:55 is extended type or non-mobile type. No need to convert.
01-23 15:02:19.556   936 11301 D ConnSrv_Debug: getSlotExtendedType netType:1 is extended type or non-mobile type. No need to convert.
01-23 15:02:19.556   936  1730 D ConnSrv_Debug: getSlotExtendedType netType:55 is extended type or non-mobile type. No need to convert.
01-23 15:02:19.556   936   947 D ConnSrv_Debug: getSlotExtendedType netType:1 is extended type or non-mobile type. No need to convert.
01-23 15:02:19.586  1591  3281 D HtcTelephonyInternal: sendAT_PushMail() type: 2value: 1
01-23 15:02:19.586 10653 11982 I EAS_PowerSavingUtil: [ NA ]setAT: 2,1
01-23 15:02:19.586 10653 11982 V MailSyncSource: [Acc 2]set only delete intent flag: false
01-23 15:02:19.586 10653 11982 V EASRequestController: [Acc 2]checkQueue(): run
01-23 15:02:19.586 10653 11982 I LockUtil: [ NA ]- release PowerLock: EasSynchronize_0
01-23 15:02:19.586 10653 11982 I LockUtil: [ NA ]- release WifiLock: EasSynchronize_0
01-23 15:02:19.586   936  1010 I ActivityManager: broadcast act=com.htc.eas.intent.all_sync_finish from pid=10653, uid=10066,parallel BR:null,size=0,order BR:null,size=0,resultTo=null
01-23 15:02:19.586   936  8431 D PMS     : releaseWL(42776a98): PARTIAL_WAKE_LOCK  EasSynchronize_0 0x1
01-23 15:02:19.586   936  8431 D HtcWLM  : saveHeldDuration: HELD_DURATION=21625ms, heldDuration[3]=21625ms, NOW=831454, tag=EasSynchronize_0
01-23 15:02:19.596   936  1324 D WifiController: handleMessage: E msg.what=155654
01-23 15:02:19.596   936  1324 D WifiController: processMsg: DeviceActiveState
01-23 15:02:19.596   936  1324 D WifiController: processMsg: StaEnabledState
01-23 15:02:19.596   936  1324 D WifiController: processMsg: DefaultState
01-23 15:02:19.596   936  1324 D WifiController: handleMessage: X
01-23 15:02:19.596   936  1700 D WifiService: releaseWifiLockLocked: WifiLock{EasSynchronize_0 type=1 binder=android.os.BinderProxy@42414a50}
01-23 15:02:19.666   936  8430 D PMS     : updatePSL(0x1,true) (repeat:10)
01-23 15:02:19.716   936   957 D ConnSrv_Debug: getSlotExtendedType netType:1 is extended type or non-mobile type. No need to convert.
01-23 15:02:19.716   936   957 D SyncManager: sync msg = 1
01-23 15:02:19.716   936   957 D SyncManager: unBindFromSyncAdapter: connection startTime 800562, mTimeoutStartTime 800562, mHistoryRowId 12, syncOperation  u0 (com.htc.android.windowslive), mail, SERVER, latestRunTime 784634, reason: AutoSync
01-23 15:02:19.716 10653 10653 V Perf    : com.htc.android.mail.eassvc.adapter.WindowsLiveMailSyncAdapterService@4244c230 onUnBind, 0ms
01-23 15:02:19.716 10653 10653 D htc_WindowsLiveMailSyncAdapterService: [ NA ]onDestroy()
01-23 15:02:19.716 10653 10653 D EASServiceBinder: [ NA ]unbindService()
01-23 15:02:19.716 10653 10653 V Perf    : com.htc.android.mail.eassvc.adapter.WindowsLiveMailSyncAdapterService@4244c230 onDestroy, 1ms
01-23 15:02:19.716  1541  1552 D SyncLog : onStatusChanged =========================================== 
01-23 15:02:19.716  1541  1552 D SyncLog : info account (Tips & Help/com.htc.showme), authority: com.htc.showme
01-23 15:02:19.716   936   957 D PMS     : acquireWL(42a99868): PARTIAL_WAKE_LOCK  SyncLoopWakeLock 0x1 936 1000
01-23 15:02:19.716   936   957 V ActivityManager: unbindService: conn=42844558 pid=936
01-23 15:02:19.716   936  6790 V ActivityManager: unbindService: conn=42511d90 pid=10653
01-23 15:02:19.716   936   957 D PMS     : releaseWL(42ac8a48): PARTIAL_WAKE_LOCK  *sync*/mail/com.htc.android.windowslive/onlytestforme1000@outlook.com 0x1
01-23 15:02:19.736   936   957 V SyncManager: build the operation array, syncQueue size is 4
01-23 15:02:19.736   936   957 V SyncManager: candidate 1 of 3:  u0 (com.htc.android.windowslive), com.android.contacts, SERVER, latestRunTime 784671, reason: AutoSync , numActiveInit=0, numActiveRegular=1 , longRunning: null , conflict: null , oldestNonExpeditedRegular: startTime 817087, mTimeoutStartTime 817087, mHistoryRowId 13, syncOperation  u0 (com.htc.showme), com.htc.showme, POLL, latestRunTime 783212, reason: AccountsUpdated
01-23 15:02:19.736   936   957 V SyncManager: [SyncStorageEngine]: setActiveSync:Account {name=onlytestforme1000@outlook.com, type=com.htc.android.windowslive}
01-23 15:02:19.736  1541  1584 D SyncLog : onStatusChanged =========================================== 
01-23 15:02:19.736  1541  1584 D SyncLog : info account (Tips & Help/com.htc.showme), authority: com.htc.showme
01-23 15:02:19.736  1541  1584 D SyncLog : info account (onlytestforme1000@outlook.com/com.htc.android.windowslive), authority: com.android.contacts
01-23 15:02:19.736   936   957 V SyncManager: dispatchSyncOperation: starting startTime 831602, mTimeoutStartTime 831602, mHistoryRowId 14, syncOperation  u0 (com.htc.android.windowslive), com.android.contacts, SERVER, latestRunTime 784671, reason: AutoSync
01-23 15:02:19.736   936   957 D SyncManager: bindToSyncAdapter: ComponentInfo{com.htc.android.mail/com.htc.android.mail.eassvc.adapter.WindowsLiveContactsSyncAdapterService}, connection startTime 831602, mTimeoutStartTime 831602, mHistoryRowId 14, syncOperation  u0 (com.htc.android.windowslive), com.android.contacts, SERVER, latestRunTime 784671, reason: AutoSync
01-23 15:02:19.736   936   957 D ConnSrv_Debug: getSlotExtendedType netType:1 is extended type or non-mobile type. No need to convert.
01-23 15:02:19.736   936   957 D ConnSrv_Debug: getSlotExtendedType netType:1 is extended type or non-mobile type. No need to convert.
01-23 15:02:19.736   936   957 D ConnSrv_Debug: getSlotExtendedType netType:1 is extended type or non-mobile type. No need to convert.
01-23 15:02:19.736   936   957 D PMS     : acquireWL(431ee130): PARTIAL_WAKE_LOCK  *sync*/com.android.contacts/com.htc.android.windowslive/onlytestforme1000@outlook.com 0x1 936 1000
01-23 15:02:19.746 10653 10653 D htc_WindowsLiveContactsSyncAdapterService: [ NA ]onCreate()
01-23 15:02:19.746 10653 10653 D EASServiceBinder: [ NA ]bindService()
01-23 15:02:19.746 10653 10653 W ContextImpl: Implicit intents with startService are not safe: Intent { act=com.htc.android.mail.eassvc.EASAppSvc } android.content.ContextWrapper.bindService:524 com.htc.android.mail.eassvc.adapter.EASServiceBinder.bindService:63 com.htc.android.mail.eassvc.adapter.BaseSyncAdapterService.onCreate:137 
01-23 15:02:19.746 10653 10653 V Perf    : com.htc.android.mail.eassvc.adapter.WindowsLiveContactsSyncAdapterService@4237e190 onCreate, 3ms
01-23 15:02:19.746 10653 10653 V Perf    : com.htc.android.mail.eassvc.adapter.WindowsLiveContactsSyncAdapterService@4237e190 onBind, 0ms
01-23 15:02:19.746 10653 10653 D EASServiceBinder: [ NA ]onServiceConnected
01-23 15:02:19.746   936   957 V SyncManager: candidate 2 of 3:  u0 (com.htc.android.windowslive), com.htc.task.dm, SERVER, latestRunTime 784747, reason: AutoSync , numActiveInit=0, numActiveRegular=2 , longRunning: null , conflict: null , oldestNonExpeditedRegular: startTime 817087, mTimeoutStartTime 817087, mHistoryRowId 13, syncOperation  u0 (com.htc.showme), com.htc.showme, POLL, latestRunTime 783212, reason: AccountsUpdated
01-23 15:02:19.746   936   957 V SyncManager: candidate 3 of 3:  u0 (com.htc.android.windowslive), com.htc.task.dm, LOCAL, latestRunTime 847317, reason: 10073 , numActiveInit=0, numActiveRegular=2 , longRunning: null , conflict: null , oldestNonExpeditedRegular: startTime 817087, mTimeoutStartTime 817087, mHistoryRowId 13, syncOperation  u0 (com.htc.showme), com.htc.showme, POLL, latestRunTime 783212, reason: AccountsUpdated
01-23 15:02:19.746   936   957 V ActivityManager: bindService: act=android.content.SyncAdapter cmp=com.htc.android.mail/.eassvc.adapter.WindowsLiveContactsSyncAdapterService type=null conn=42f2f588 flags=15 pid=936
01-23 15:02:19.746   936  1750 V ActivityManager: bindService: act=com.htc.android.mail.eassvc.EASAppSvc type=null conn=42e21e40 flags=1 pid=10653
01-23 15:02:19.757   936   957 D SyncManager: check send SYNC_STATE_CHANGE or not, shouldCancel = false, shouldInstall = false
01-23 15:02:19.757   936   957 D SyncManager: sync msg = 4
01-23 15:02:19.757   936   957 D SyncManager: check send SYNC_STATE_CHANGE or not, shouldCancel = false, shouldInstall = false
01-23 15:02:19.757 10653 12701 D htc_WindowsLiveContactsSyncAdapterService: [ NA ]> performSync onlytestforme1000@outlook.com
01-23 15:02:19.757 10653 12701 V htc_WindowsLiveContactsSyncAdapterService: [ NA ]performSync: service ready
01-23 15:02:19.757 10653 12701 D EASAppSvc: [Acc 2]> syncContacts() Blocking
01-23 15:02:19.757 10653 12701 D EASAppSvc: [Acc 2]queueDoSync(1, true)
01-23 15:02:19.757 10653 12701 D EASRequestController: [Acc 2]ContactReqController.addRequest:account:2, cmd:10, srcType:1, priority:3, parameter:Bundle[{}], blockCondition:android.os.ConditionVariable@4237ada0
01-23 15:02:19.757 10653 12702 D EASRequestController: [ NA ]ContactReqController: thread start
01-23 15:02:19.757 10653 12701 D EASRequestController: [Acc 2]syncStartBefore: first request of this account
01-23 15:02:19.757 10653 12701 I LockUtil: [ NA ]- acquire PowerLock - PARTIAL_WAKE_LOCK: EasSynchronize_0
01-23 15:02:19.757   936   957 D PMS     : releaseWL(42a99868): PARTIAL_WAKE_LOCK  SyncLoopWakeLock 0x1
01-23 15:02:19.757   936   957 D ConnSrv_Debug: getSlotExtendedType netType:1 is extended type or non-mobile type. No need to convert.
01-23 15:02:19.757   936   957 D PMS     : acquireWL(43241128): PARTIAL_WAKE_LOCK  SyncLoopWakeLock 0x1 936 1000
01-23 15:02:19.757   936   957 D PMS     : releaseWL(43241128): PARTIAL_WAKE_LOCK  SyncLoopWakeLock 0x1
01-23 15:02:19.767 10653 12701 I LockUtil: [ NA ]- acquire WifiLock: EasSynchronize_0
01-23 15:02:19.767   936  1324 D WifiController: handleMessage: E msg.what=155654
01-23 15:02:19.767   936  1324 D WifiController: processMsg: DeviceActiveState
01-23 15:02:19.767   936  1324 D WifiController: processMsg: StaEnabledState
01-23 15:02:19.767   936  1324 D WifiController: processMsg: DefaultState
01-23 15:02:19.767   936  1324 D WifiController: handleMessage: X
01-23 15:02:19.767 10653 10653 D EASAppSvc: [ NA ]- onStart(), intent = ACTION_KEEP_EAS_AS_SERVICE , ID = 11
01-23 15:02:19.767 10653 10653 V Perf    : com.htc.android.mail.eassvc.EASAppSvc@422ccbc8 onStartCommand:act=com.htc.mail.eas.ACTION_EAS_SET_SERVICE, 0ms
01-23 15:02:19.767   936  1010 D HtcWLM  : saveHeldDuration:(831626,EasSynchronize_0)
01-23 15:02:19.767   936  1010 D PMS     : acquireWL(42dd1108): PARTIAL_WAKE_LOCK  EasSynchronize_0 0x1 10653 10066
01-23 15:02:19.767   936  8431 D ConnSrv_Debug: getSlotExtendedType netType:1 is extended type or non-mobile type. No need to convert.
01-23 15:02:19.767   936  1700 D WifiService: acquireWifiLockLocked: WifiLock{EasSynchronize_0 type=1 binder=android.os.BinderProxy@42c100e8}
01-23 15:02:19.767   936  8430 I ActivityManager: broadcast act=com.htc.eas.intent.all_sync_start from pid=10653, uid=10066,parallel BR:null,size=0,order BR:null,size=0,resultTo=null
01-23 15:02:19.767   936  6789 V ActivityManager: startService: act=com.htc.mail.eas.ACTION_EAS_SET_SERVICE cmp=com.htc.android.mail/.eassvc.EASAppSvc type=null pid=10653
01-23 15:02:19.777  1591  1898 D HtcTelephonyInternal: sendAT_PushMail() type: 1value: 20
01-23 15:02:19.777 10653 12701 I EAS_PowerSavingUtil: [ NA ]setAT: 1,20
01-23 15:02:19.777 10653 12702 D EASRequestController: [Acc 2]> ContactReqController: 10
01-23 15:02:19.777 10653 12702 V EASRequestController: [Acc 2]checkQueue(): run
01-23 15:02:19.777 10653 12702 D BaseSyncSource: [Acc 2]setPause(false,1)
01-23 15:02:19.777 10653 12702 I EAS_SyncManager: [Acc 2]> DS() : 1
01-23 15:02:19.777 10653 12701 V EASRequestController: [Acc 2]checkQueue(): run
01-23 15:02:19.777 10653 12701 D BaseSyncSource: [Acc 2]setPause(false,1)
01-23 15:02:19.777  1541  1553 D Dump_Caller: DELETE for content://com.android.contacts/account_contact_remove?account_name=onlytestforme1000@outlook.com&account_type=com.htc.android.windowslive&caller_is_syncadapter=true from one of [com.htc.android.mail]
01-23 15:02:19.777  1541  1553 D SQLiteDBG: func: executeOneRowQuery ,path = /data/user/0/com.android.providers.contacts/databases/contacts2.db, handle = 0x727f1b90
01-23 15:02:19.777  1541  1553 D SQLiteDBG: handleSQLiteError, path: /data/user/0/com.android.providers.contacts/databases/contacts2.db, handle: 0x727f1b90, errCode: 101, msg: unknown error
01-23 15:02:19.807   936  1025 D EventHub: epoll_wait takes 30000.184ms
01-23 15:02:19.827  1541  1553 V ContactsProvider: onNotifyTransactionFinished()
01-23 15:02:19.827  1541  1583 D Dump_Caller: DELETE for content://com.android.contacts/eas_tracking?caller_is_syncadapter=true&account_name=onlytestforme1000@outlook.com&account_type=com.htc.android.windowslive from one of [com.htc.android.mail]
01-23 15:02:19.857  1541  1583 V ContactsProvider: onNotifyTransactionFinished()
01-23 15:02:19.857  1541  1552 D Dump_Caller: UPDATE for content://com.android.contacts/eas_tracking?caller_is_syncadapter=true&account_name=onlytestforme1000@outlook.com&account_type=com.htc.android.windowslive from one of [com.htc.android.mail]
01-23 15:02:19.887  1541  1552 V ContactsProvider: onNotifyTransactionFinished()
01-23 15:02:19.887 10653 12702 D EAS_SyncManager: [Acc 2]- GESK()1, collId2:0
01-23 15:02:19.887 10653 12702 D EAS_HTTP: [Acc 2]createHttpClient()
01-23 15:02:19.887 10653 12702 V EAS_HTTP: [Acc 2]createHttpClient(): trust all certificate
01-23 15:02:19.887 10653 12702 D libc    : [NET] getaddrinfo+,hn 13(0x6d2e686f746d61),sn(),family 0,flags 4
01-23 15:02:19.887 10653 12702 D libc    : [NET] getaddrinfo-,err=8
01-23 15:02:19.887 10653 12702 D libc    : [NET] getaddrinfo+,hn 13(0x6d2e686f746d61),sn(),family 0,flags 1024
01-23 15:02:19.887 10653 12702 D libc    : [NET] getaddrinfo-, 1
01-23 15:02:19.887 10653 12702 D libc    : [NET] getaddrinfo_proxy+
01-23 15:02:19.887   257 12705 D libc    : [NET] getaddrinfo+,hn 13(0x6d2e686f746d61),sn(),family 0,flags 1024
01-23 15:02:19.887   257 12705 D libc    : [NET]_dns_getaddrinfo+ interface=
01-23 15:02:19.887   257 12705 D libc    : [NET] +++++ res_nsend xid =61bd +++++
01-23 15:02:19.887   257 12705 D libc    : [NET] res_nLookupCache: rstatp->iface =
01-23 15:02:19.887   257 12705 D libc    : [NET][SMD][Mode1][Exit3] WARNING, tcp syn fail is detected, ip_addr=243.185.187.39
01-23 15:02:19.887   257 12705 D libc    : [NET]res_queryN: exit 3, ancount=2
01-23 15:02:19.887   257 12705 D libc    : [NET]_dns_getaddrinfo-, (NS_SUCCESS)
01-23 15:02:19.887   257 12705 D libc    : [NET] getaddrinfo-, SUCCESS
01-23 15:02:19.887 10653 12702 D libc    : [NET] getaddrinfo_proxy-, success
01-23 15:02:19.887 10653 12702 I global  : call createSocket() return a new socket.
01-23 15:02:19.887 10653 12702 D libc    : [NET] getaddrinfo+,hn 12(0x36352e35352e36),sn(),family 0,flags 4
01-23 15:02:19.887 10653 12702 D libc    : [NET] getaddrinfo-, SUCCESS
01-23 15:02:20.677 10653 12702 W SSLCertificateSocketFactory: Bypassing SSL security checks at caller's request
01-23 15:02:23.220  4158 12350 I SocialFeedProvider: +disConnect socialManager
01-23 15:02:23.220  4158 12350 I SocialFeedProvider: disconnect socialManager
01-23 15:02:23.220  4158 12350 V FeedProviderContext: WrappedContext.unbindService:
01-23 15:02:23.220  4158 12350 V FeedProviderContext: 	connection:com.htc.opensense.social.SocialManager@429b0078
01-23 15:02:23.220  4158 12350 I SocialFeedProvider: -disConnect socialManager
01-23 15:02:23.220   936  8430 V ActivityManager: unbindService: conn=427fc5f0 pid=4158
01-23 15:02:23.230 10333 10333 V Perf    : com.htc.opensense.social.SocialManagerService@4232d3a8 onUnBind, 0ms
01-23 15:02:23.230 10333 10333 V Perf    : com.htc.opensense.social.SocialManagerService@4232d3a8 onDestroy, 0ms
01-23 15:02:24.321   936  1016 I ActivityManager: broadcast flg=0x4 from pid=-1, uid=10026,order BR:42b7add0,u0,size=1,replaced=0
01-23 15:02:24.331   936   956 V BroadcastQueue: Deliver to ComponentInfo{com.google.android.gms/com.google.android.gms.playlog.uploader.UploaderAlarmReceiver}:BR@42b7add0
01-23 15:02:24.331   936  1016 D PMS     : acquireWL(42863550): PARTIAL_WAKE_LOCK  AlarmManager 0x1 936 1000
01-23 15:02:24.331   936  1016 D PMS     : updatePSL(0x1,true) (repeat:10)
01-23 15:02:24.331   936  1016 V AlarmManager: sending alarm PendingIntent{426833c0: PendingIntentRecord{42c79b88 com.google.android.gms broadcastIntent}}, i=null, t=1, cnt=1, w=1390460544328, Int=0
01-23 15:02:24.341   936  6790 V ActivityManager: startService: cmp=com.google.android.gms/.playlog.uploader.UploaderIntentService type=null pid=4284
01-23 15:02:24.351  4284  4284 V Perf    : com.google.android.gms.playlog.uploader.UploaderAlarmReceiver@42411418 onReceive:null 10ms
01-23 15:02:24.351   936   936 D PMS     : releaseWL(42863550): PARTIAL_WAKE_LOCK  AlarmManager 0x1
01-23 15:02:24.361  4284  4284 V Perf    : com.google.android.gms.playlog.uploader.UploaderIntentService@424156c0 onCreate, 6ms
01-23 15:02:24.361  4284  4284 V Perf    : com.google.android.gms.playlog.uploader.UploaderIntentService@424156c0 onStartCommand:, 0ms
01-23 15:02:24.371  4284 12708 W Uploader: No account for auth token provided
01-23 15:02:24.371  4284 12708 D libc    : [NET] getaddrinfo+,hn 19(0x706c61792e676f),sn(),family 0,flags 4
01-23 15:02:24.371  4284 12708 D libc    : [NET] getaddrinfo-,err=8
01-23 15:02:24.371  4284 12708 D libc    : [NET] getaddrinfo+,hn 19(0x706c61792e676f),sn(),family 0,flags 1024
01-23 15:02:24.371  4284 12708 D libc    : [NET] getaddrinfo-, 1
01-23 15:02:24.371  4284 12708 D libc    : [NET] getaddrinfo_proxy+
01-23 15:02:24.381   257 12709 D libc    : [NET] getaddrinfo+,hn 19(0x706c61792e676f),sn(),family 0,flags 1024
01-23 15:02:24.381   257 12709 D libc    : [NET]_dns_getaddrinfo+ interface=
01-23 15:02:24.381   257 12709 D libc    : [NET] +++++ res_nsend xid =a6b8 +++++
01-23 15:02:24.381   257 12709 D libc    : [NET] res_nLookupCache: rstatp->iface =
01-23 15:02:24.381   257 12709 D libc    : [NET][SMD][Mode1][Exit3] WARNING, tcp syn fail is detected, ip_addr=243.185.187.39
01-23 15:02:24.381   257 12709 D libc    : [NET]res_queryN: exit 3, ancount=2
01-23 15:02:24.381   257 12709 D libc    : [NET]_dns_getaddrinfo-, (NS_SUCCESS)
01-23 15:02:24.381   257 12709 D libc    : [NET] getaddrinfo-, SUCCESS
01-23 15:02:24.381  4284 12708 D libc    : [NET] getaddrinfo_proxy-, success
01-23 15:02:24.381  4284 12708 I global  : call createSocket() return a new socket.
01-23 15:02:24.381  4284 12708 D libc    : [NET] getaddrinfo+,hn 13(0x37342e3132352e),sn(),family 0,flags 4
01-23 15:02:24.381  4284 12708 D libc    : [NET] getaddrinfo-, SUCCESS
01-23 15:02:24.952   617   664 D STT:logctl: storage_update [usb:/storage/usb]: not-mount: no mount entry
01-23 15:02:24.952   617   664 D STT:logctl: storage_update [external:/storage/ext_sd]: not-mount: no mount entry
01-23 15:02:24.962   617   664 D STT:dir : detected fuse, replace mountpoint [/storage/emulated/legacy] with [/mnt/shell/emulated]
01-23 15:02:24.962   617   664 D STT:dir :   [ /mnt/shell/emulated ] <-> [/dev/fuse][/mnt/shell/emulated][fuse][rw,nosuid,nodev,relatime,user_id=1023,group_id=1023,default_permissions,allow_other 0 0]
01-23 15:02:24.972   617   664 D STT:logctl: storage_update [phone:/storage/emulated/legacy]: valid: priority=2, free=9869MB, reserved=300MB, total=10987MB, limited=2746MB
01-23 15:02:24.972   617   664 D STT:dir :   [ /data ] <-> [/dev/block/mmcblk0p42][/data][ext4][rw,seclabel,nosuid,nodev,noatime,discard,noauto_da_alloc,data=ordered 0 0]
01-23 15:02:24.972   617   664 D STT:logctl: storage_update [internal:/data]: valid: priority=1, free=9969MB, reserved=300MB, total=11087MB, limited=2771MB
01-23 15:02:24.972   617   664 D STT:logctl: logging [/data/htclog/][internal]: free=9969MB, reserved=300MB, total=11087MB, limited=2771MB, log=16MB
01-23 15:02:27.395 10653 12702 D EAS_SyncManager: [Acc 2]- GESK()1 get initSyncKey=000000010141039A61408EF2BE0A30140123T070225.710010101T000000.000
01-23 15:02:27.395 10653 12702 I BaseSyncSource: [Acc 2]- setSyncKey() : from 0 to 000000010141039A61408EF2BE0A30140123T070225.710010101T000000.000, type=1
01-23 15:02:27.395 10653 12702 D BaseSyncSource: [Acc 2]- saveData():type=1
01-23 15:02:27.405  1541  1584 D Dump_Caller: UPDATE for content://com.android.contacts/easSyncInfo?caller_is_syncadapter=true&account_name=onlytestforme1000@outlook.com&account_type=com.htc.android.windowslive from one of [com.htc.android.mail]
01-23 15:02:27.485  1541  1584 V ContactsProvider: onNotifyTransactionFinished()
01-23 15:02:27.485  1541  1584 V ContactsProvider: notifyChange is syncToNetwork: false
01-23 15:02:27.485 10653 12702 D EAS_SyncManager: [Acc 2]requestSync: com.android.contacts
01-23 15:02:27.505   936  1731 V SyncManager: scheduleSyncOperation: enqueued  u0 (com.htc.android.windowslive), com.android.contacts, SERVER, latestRunTime 839353, reason: 10066
01-23 15:02:27.505 10653 12702 D EAS_SyncManager: [Acc 2]> SECON(): 2:0
01-23 15:02:27.505   936   957 D ConnSrv_Debug: getSlotExtendedType netType:1 is extended type or non-mobile type. No need to convert.
01-23 15:02:27.505   936   957 D PMS     : acquireWL(432cc308): PARTIAL_WAKE_LOCK  SyncLoopWakeLock 0x1 936 1000
01-23 15:02:27.515  1541  1553 D Dump_Caller: QUERY for content://com.android.contacts/groups from one of [com.htc.android.mail]
01-23 15:02:27.515  1541  1553 V HtcContactsProvider2: query match=  10000 by content://com.android.contacts/groups
01-23 15:02:27.515  1541  1553 V PERFORMANCE_TRACE: PERFORMACE TRACK query  uri: content://com.android.contacts/groups   timer:  5    where: account_type=? AND (dirty=1 OR deleted=1)
01-23 15:02:27.515  1541  1553 D CursorWindowStats: Alloc larger, size: 4194304
01-23 15:02:27.525 10653 12702 D EAS_CONMGR: [Acc 2]updateGroupChange(): find change null
01-23 15:02:27.525  1541  1584 D Dump_Caller: QUERY for content://com.android.contacts/eas_tracking?caller_is_syncadapter=true&account_name=onlytestforme1000@outlook.com&account_type=com.htc.android.windowslive from one of [com.htc.android.mail]
01-23 15:02:27.525  1541  1584 V HtcContactsProvider2: query match=  50005 by content://com.android.contacts/eas_tracking?caller_is_syncadapter=true&account_name=onlytestforme1000%40outlook.com&account_type=com.htc.android.windowslive
01-23 15:02:27.525  1541  1584 V PERFORMANCE_TRACE: PERFORMACE TRACK query  uri: content://com.android.contacts/eas_tracking?caller_is_syncadapter=true&account_name=onlytestforme1000@outlook.com&account_type=com.htc.android.windowslive   timer:  3    where: _syncing=0 AND (_add=1 OR _delete=1 OR _modify=1) AND accountName = 'onlytestforme1000@outlook.com'
01-23 15:02:27.525  1541  1584 D CursorWindowStats: Alloc larger, size: 4194304
01-23 15:02:27.535 10653 12702 D EAS_CONMGR: [ NA ]getContactChangeList(): nothing changed
01-23 15:02:27.535 10653 12702 D EAS_SyncManager: [Acc 2]Get device change: add=0, update=0, delete=0, conversionError= false
01-23 15:02:27.535 10653 12702 D EAS_SyncManager: [Acc 2] SECON()  use synckey:000000010141039A61408EF2BE0A30140123T070225.710010101T000000.000 get change
01-23 15:02:27.545   936   957 D SyncManager: sync msg = 3
01-23 15:02:27.545   936   957 V SyncManager: build the operation array, syncQueue size is 4
01-23 15:02:27.545   936   957 V SyncManager: candidate 1 of 4:  u0 (com.htc.android.windowslive), com.htc.task.dm, SERVER, latestRunTime 784747, reason: AutoSync , numActiveInit=0, numActiveRegular=2 , longRunning: null , conflict: null , oldestNonExpeditedRegular: startTime 817087, mTimeoutStartTime 817087, mHistoryRowId 13, syncOperation  u0 (com.htc.showme), com.htc.showme, POLL, latestRunTime 783212, reason: AccountsUpdated
01-23 15:02:27.545   936   957 V SyncManager: candidate 2 of 4:  u0 (com.htc.android.windowslive), com.htc.task.dm, LOCAL, latestRunTime 847317, reason: 10073 , numActiveInit=0, numActiveRegular=2 , longRunning: null , conflict: null , oldestNonExpeditedRegular: startTime 817087, mTimeoutStartTime 817087, mHistoryRowId 13, syncOperation  u0 (com.htc.showme), com.htc.showme, POLL, latestRunTime 783212, reason: AccountsUpdated
01-23 15:02:27.545   936   957 D ConnSrv_Debug: getSlotExtendedType netType:1 is extended type or non-mobile type. No need to convert.
01-23 15:02:27.545   936   957 D ConnSrv_Debug: getSlotExtendedType netType:1 is extended type or non-mobile type. No need to convert.
01-23 15:02:27.545   936   957 D ConnSrv_Debug: getSlotExtendedType netType:1 is extended type or non-mobile type. No need to convert.
01-23 15:02:27.545   936   957 D ConnSrv_Debug: getSlotExtendedType netType:1 is extended type or non-mobile type. No need to convert.
01-23 15:02:27.555   936   957 V SyncManager: candidate 3 of 4:  u0 (com.htc.android.windowslive), com.android.calendar, LOCAL, latestRunTime 866551, reason: 10013 , numActiveInit=0, numActiveRegular=2 , longRunning: null , conflict: null , oldestNonExpeditedRegular: startTime 817087, mTimeoutStartTime 817087, mHistoryRowId 13, syncOperation  u0 (com.htc.showme), com.htc.showme, POLL, latestRunTime 783212, reason: AccountsUpdated
01-23 15:02:27.555   936   957 V SyncManager: candidate 4 of 4:  u0 (com.htc.android.windowslive), com.android.contacts, SERVER, latestRunTime 839353, reason: 10066 , numActiveInit=0, numActiveRegular=2 , longRunning: null , conflict: startTime 831602, mTimeoutStartTime 831602, mHistoryRowId 14, syncOperation  u0 (com.htc.android.windowslive), com.android.contacts, SERVER, latestRunTime 784671, reason: AutoSync , oldestNonExpeditedRegular: startTime 817087, mTimeoutStartTime 817087, mHistoryRowId 13, syncOperation  u0 (com.htc.showme), com.htc.showme, POLL, latestRunTime 783212, reason: AccountsUpdated
01-23 15:02:27.555   936   957 D SyncManager: check send SYNC_STATE_CHANGE or not, shouldCancel = false, shouldInstall = false
01-23 15:02:27.555   936   957 D PMS     : releaseWL(432cc308): PARTIAL_WAKE_LOCK  SyncLoopWakeLock 0x1
01-23 15:02:27.965  9513 10149 W HttpServer: Connection error: Try again:10888 (#1112951864)
01-23 15:02:27.965  9513 10149 W HttpServer: java.io.IOException: Try again
01-23 15:02:27.965  9513 10149 W HttpServer: 	at android.net.LocalSocketImpl.readba_native(Native Method)
01-23 15:02:27.965  9513 10149 W HttpServer: 	at android.net.LocalSocketImpl.access$400(LocalSocketImpl.java:33)
01-23 15:02:27.965  9513 10149 W HttpServer: 	at android.net.LocalSocketImpl$SocketInputStream.read(LocalSocketImpl.java:98)
01-23 15:02:27.965  9513 10149 W HttpServer: 	at org.apache.http.impl.io.AbstractSessionInputBuffer.fillBuffer(AbstractSessionInputBuffer.java:103)
01-23 15:02:27.965  9513 10149 W HttpServer: 	at org.apache.http.impl.io.AbstractSessionInputBuffer.readLine(AbstractSessionInputBuffer.java:191)
01-23 15:02:27.965  9513 10149 W HttpServer: 	at org.apache.http.impl.io.HttpRequestParser.parseHead(HttpRequestParser.java:71)
01-23 15:02:27.965  9513 10149 W HttpServer: 	at org.apache.http.impl.io.AbstractMessageParser.parse(AbstractMessageParser.java:174)
01-23 15:02:27.965  9513 10149 W HttpServer: 	at org.apache.http.impl.AbstractHttpServerConnection.receiveRequestHeader(AbstractHttpServerConnection.java:141)
01-23 15:02:27.965  9513 10149 W HttpServer: 	at org.apache.http.protocol.HttpService.handleRequest(HttpService.java:135)
01-23 15:02:27.965  9513 10149 W HttpServer: 	at com.nero.android.neroconnect.backgroundservice.httpserver.HttpServer$RequestListenerThread$RequestHandler.run(HttpServer.java:681)
01-23 15:02:27.965  9513 10149 W HttpServer: 	at java.util.concurrent.ThreadPoolExecutor.runWorker(ThreadPoolExecutor.java:1112)
01-23 15:02:27.965  9513 10149 W HttpServer: 	at java.util.concurrent.ThreadPoolExecutor$Worker.run(ThreadPoolExecutor.java:587)
01-23 15:02:27.965  9513 10149 W HttpServer: 	at java.lang.Thread.run(Thread.java:864)
01-23 15:02:27.965  9513 10149 D HttpServer:LocalSocketSocket: shutdownOutput()+
01-23 15:02:27.965  9513 10149 D HttpServer:LocalSocketSocket: shutdownOutput() /127.0.0.1:10888
01-23 15:02:27.965  9513 10148 D ACMServer: doACMWrite: iRead = -1, id = 6
01-23 15:02:27.965  9513  9550 D ACMServer:ACMRead: doACMRead: id=6 locakSocket is null
01-23 15:02:27.965  9513 10149 D HttpServer:LocalSocketSocket: close() /127.0.0.1:10888
01-23 15:02:27.965  9513 10149 D HttpServer:LocalSocketSocket: close()- 
01-23 15:02:27.965  9513 10149 D HttpServer:LocalSocketSocket: close() /127.0.0.1:10888
01-23 15:02:27.965  9513 10149 I HttpServer: socket closed, port: 10888
01-23 15:02:28.546   936   936 V Perf    : com.android.server.ConnectivityService$1@424376e8 onReceive:android.net.ConnectivityService.action.PKT_CNT_SAMPLE_INTERVAL_ELAPSED 0ms
01-23 15:02:28.546   936  1016 I ActivityManager: broadcast act=android.net.ConnectivityService.action.PKT_CNT_SAMPLE_INTERVAL_ELAPSED flg=0x4 from pid=-1, uid=1000,order BR:430952f0,u0,size=1,replaced=0
01-23 15:02:28.546   936   956 I BroadcastQueue: Deliver order [BG] BF{427bd2e0 u0 RL{42d5f850 936 system/1000/u0 local:42436040}}:BR@430952f0
01-23 15:02:28.546   936  1326 D ConnectivityService: Sampling interval elapsed, updating statistics ..
01-23 15:02:28.556   936  1016 D PMS     : acquireWL(42b33ca8): PARTIAL_WAKE_LOCK  AlarmManager 0x1 936 1000
01-23 15:02:28.566   936  1016 V AlarmManager: sending alarm PendingIntent{429edc78: PendingIntentRecord{424d0628 android broadcastIntent}}, i=android.net.ConnectivityService.action.PKT_CNT_SAMPLE_INTERVAL_ELAPSED, t=3, cnt=1, w=836932, Int=0
01-23 15:02:28.566   936  1016 I ActivityManager: broadcast act=com.google.android.intent.action.SEND_IDLE flg=0x4 from pid=-1, uid=10026,order BR:42ce8350,u0,size=1,replaced=0
01-23 15:02:28.566   936   956 I BroadcastQueue: Deliver order [BG] BF{42ba0370 u0 RL{42b978e8 1762 com.google.process.gapps/10026/u0 remote:42ae18a0}}:BR@42ce8350
01-23 15:02:28.566   936  1016 V AlarmManager: sending alarm PendingIntent{42d4c190: PendingIntentRecord{42851278 com.google.android.gms broadcastIntent}}, i=com.google.android.intent.action.SEND_IDLE, t=2, cnt=1, w=840407, Int=0
01-23 15:02:28.586   936  1326 D ConnectivityService: Done.
01-23 15:02:28.586   936  1326 D ConnectivityService: Setting timer for 30seconds
01-23 15:02:28.586   936  1326 V AlarmManager: set(PendingIntent{429edc78: PendingIntentRecord{424d0628 android broadcastIntent}}) : type=3 triggerAtTime=870454 win=-1 tElapsed=870454 maxElapsed=892954 interval=0 standalone=false
01-23 15:02:28.596  1762  1762 V Perf    : ced@4242ae08 onReceive:com.google.android.intent.action.SEND_IDLE 16ms
01-23 15:02:28.596   936  1326 V AlarmManager: Adding Alarm{42b0ec30 type 3 android} to Batch{42dc2650 num=1 start=885121 end=940138}
01-23 15:02:28.596   936  1326 V AlarmManager:     => now Batch{42dc2650 num=2 start=885121 end=892954}
01-23 15:02:28.606   936  1731 D ConnSrv_Debug: getSlotExtendedType netType:1 is extended type or non-mobile type. No need to convert.
01-23 15:02:28.616   936   936 D PMS     : releaseWL(42b33ca8): PARTIAL_WAKE_LOCK  AlarmManager 0x1
01-23 15:02:28.646 10653 12702 V EAS_CONMGR: [Acc 2]parsing contact #1
01-23 15:02:28.646 10653 12702 V EAS_CONMGR: [Acc 2]>>> add contact:(2:c54dce76-0000-0000-0000-000000000000)devicePCOutlook MiddleTest Name/Name/devicePCOutlook/MiddleTest/null
01-23 15:02:28.656 10653 12702 V EAS_CONMGR: [Acc 2]adding contacts. operation size=24
01-23 15:02:28.686  1541  1584 D Dump_Caller: APPLYBATCH for null from one of [com.htc.android.mail]
01-23 15:02:28.696  1541  1584 V HtcContactsProvider2: Enter insert RawContact and has no contact before
01-23 15:02:28.696  1541  1584 V HtcContactsProvider2: Start broadcast to remove Help and Tips:intent Intent { act=com.htc.learnmore.LOG (has extras) };extra:Bundle[{callingApp=com.android.providers.contacts, actionCoverage=topic_tag-people-get_contacts_to_phone, actionToDo=0}]
01-23 15:02:28.696  1541  1584 D SQLiteDBG: func: executeOneRowQuery ,path = /data/user/0/com.android.providers.contacts/databases/contacts2.db, handle = 0x727f1b90
01-23 15:02:28.696  1541  1584 D SQLiteDBG: handleSQLiteError, path: /data/user/0/com.android.providers.contacts/databases/contacts2.db, handle: 0x727f1b90, errCode: 101, msg: unknown error
01-23 15:02:28.696   936  8431 I ActivityManager: broadcast act=com.htc.learnmore.LOG from pid=1541, uid=10015,parallel BR:null,size=0,order BR:42b262e8,u0,size=1,replaced=0
01-23 15:02:28.696   936   956 V BroadcastQueue: Deliver to ComponentInfo{com.htc.showme/com.htc.showme.update.LocalFeedUpdateReceiver}:BR@42b262e8
01-23 15:02:28.706 10680 10680 V Perf    : com.htc.showme.update.LocalFeedUpdateReceiver@423f89d0 onReceive:com.htc.learnmore.LOG 6ms
01-23 15:02:28.706   936  1700 V ActivityManager: startService: act=com.htc.learnmore.LOG flg=0x10 cmp=com.htc.showme/.update.LocalFeedUpdateService type=null pid=10680
01-23 15:02:28.716 10680 10680 V Perf    : com.htc.showme.update.LocalFeedUpdateService@423f9930 onCreate, 4ms
01-23 15:02:28.716 10680 10680 V Perf    : com.htc.showme.update.LocalFeedUpdateService@423f9930 onStartCommand:act=com.htc.learnmore.LOG flg=0x10, 0ms
01-23 15:02:28.716 10680 12710 I [AppShowMeDebug]LocalFeedUpdateService: receive promote or suppress intent : actionToDo 0 tag topic_tag-people-get_contacts_to_phone
01-23 15:02:28.726  1541  1584 D CursorWindowStats: Alloc larger, size: 4194304
01-23 15:02:28.726   936  1007 I ActivityManager: broadcast act=com.htc.rosiewidgets.showme.UPDATE from pid=10680, uid=10087,parallel BR:null,size=0,order BR:null,size=0,resultTo=null
01-23 15:02:28.746   248   323 I PnPMgr  : Write '/sys/devices/system/cpu/cpu1/cpufreq/scaling_min_freq' = '384000' <Rule: Screen Off - freq>
01-23 15:02:28.746 10680 10680 V Perf    : com.htc.showme.update.LocalFeedUpdateService@423f9930 onDestroy, 0ms
01-23 15:02:28.746   936 11301 I ActivityManager: broadcast act=com.htc.rosiewidgets.showme.UPDATE from pid=10680, uid=10087,parallel BR:null,size=0,order BR:null,size=0,resultTo=null
01-23 15:02:28.976  1559 11590 D AutoSetting: service - handleMessage() stop self
01-23 15:02:28.986  1559 11590 D AutoSetting: service - handleMessage() quit looper
01-23 15:02:28.986  1559  1559 D AutoSetting: service - onDestroy() END
01-23 15:02:28.986  1559  1559 V Perf    : com.htc.htclocationservice.AutoSettingService@4229da70 onDestroy, 1ms
01-23 15:02:28.986   936  1731 D ActivityManager: unregisterReceiver rec=42f6a790
01-23 15:02:29.016  9513 10129 W HttpServer: Connection error: Try again:10400 (#1112772392)
01-23 15:02:29.016  9513 10129 W HttpServer: java.io.IOException: Try again
01-23 15:02:29.016  9513 10129 W HttpServer: 	at android.net.LocalSocketImpl.readba_native(Native Method)
01-23 15:02:29.016  9513 10129 W HttpServer: 	at android.net.LocalSocketImpl.access$400(LocalSocketImpl.java:33)
01-23 15:02:29.016  9513 10129 W HttpServer: 	at android.net.LocalSocketImpl$SocketInputStream.read(LocalSocketImpl.java:98)
01-23 15:02:29.016  9513 10129 W HttpServer: 	at org.apache.http.impl.io.AbstractSessionInputBuffer.fillBuffer(AbstractSessionInputBuffer.java:103)
01-23 15:02:29.016  9513 10129 W HttpServer: 	at org.apache.http.impl.io.AbstractSessionInputBuffer.readLine(AbstractSessionInputBuffer.java:191)
01-23 15:02:29.016  9513 10129 W HttpServer: 	at org.apache.http.impl.io.HttpRequestParser.parseHead(HttpRequestParser.java:71)
01-23 15:02:29.016  9513 10129 W HttpServer: 	at org.apache.http.impl.io.AbstractMessageParser.parse(AbstractMessageParser.java:174)
01-23 15:02:29.016  9513 10129 W HttpServer: 	at org.apache.http.impl.AbstractHttpServerConnection.receiveRequestHeader(AbstractHttpServerConnection.java:141)
01-23 15:02:29.016  9513 10129 W HttpServer: 	at org.apache.http.protocol.HttpService.handleRequest(HttpService.java:135)
01-23 15:02:29.016  9513 10129 W HttpServer: 	at com.nero.android.neroconnect.backgroundservice.httpserver.HttpServer$RequestListenerThread$RequestHandler.run(HttpServer.java:681)
01-23 15:02:29.016  9513 10129 W HttpServer: 	at java.util.concurrent.ThreadPoolExecutor.runWorker(ThreadPoolExecutor.java:1112)
01-23 15:02:29.016  9513 10129 W HttpServer: 	at java.util.concurrent.ThreadPoolExecutor$Worker.run(ThreadPoolExecutor.java:587)
01-23 15:02:29.016  9513 10129 W HttpServer: 	at java.lang.Thread.run(Thread.java:864)
01-23 15:02:29.016  9513 10129 D HttpServer:LocalSocketSocket: shutdownOutput()+
01-23 15:02:29.016  9513 10129 D HttpServer:LocalSocketSocket: shutdownOutput() /127.0.0.1:10400
01-23 15:02:29.016  9513 10128 D ACMServer: doACMWrite: iRead = -1, id = 5
01-23 15:02:29.016  9513 10129 D HttpServer:LocalSocketSocket: close() /127.0.0.1:10400
01-23 15:02:29.016  9513 10129 D HttpServer:LocalSocketSocket: close()- 
01-23 15:02:29.016  9513 10129 D HttpServer:LocalSocketSocket: close() /127.0.0.1:10400
01-23 15:02:29.016  9513 10129 I HttpServer: socket closed, port: 10400
01-23 15:02:29.016  9513  9550 D ACMServer:ACMRead: doACMRead: id=5 locakSocket is null
01-23 15:02:29.467   936  1630 I ActivityManager: 1541 get provider com.android.calendar 1559
01-23 15:02:29.487   936  1631 I ActivityManager: 1541 get provider com.android.calendar 1559
01-23 15:02:29.497  1559  2097 V CalendarProvider2: accountName, Birthdays & Anniversaries
01-23 15:02:29.497  1559  2097 V CalendarProvider2: accountType, HTC_BirthdayEvent
01-23 15:02:29.497  1559  2097 V CalendarProvider2: cursor, android.database.sqlite.SQLiteCursor@42455f48
01-23 15:02:29.497  1559  2097 V CalendarProvider2: cursor.getCount(), 0
01-23 15:02:29.497   936  1731 V ActivityManager: startService: cmp=com.android.providers.calendar/.EmptyService type=null pid=1559
01-23 15:02:29.507  1559  1559 V Perf    : com.android.providers.calendar.EmptyService@4234cee0 onCreate, 0ms
01-23 15:02:29.507  1559  1559 V Perf    : com.android.providers.calendar.EmptyService@4234cee0 onStartCommand:, 0ms
01-23 15:02:29.537  1541  1584 D CursorWindowStats: Alloc larger, size: 4194304
01-23 15:02:29.537  1541  1584 D CursorWindowStats: Alloc larger, size: 4194304
01-23 15:02:29.537  1541  1584 V HtcContactsProvider2: original: 1997-08-16
01-23 15:02:29.537  1541  1584 D SQLiteDBG: func: executeOneRowQuery ,path = /data/user/0/com.android.providers.contacts/databases/contacts2.db, handle = 0x727f1b90
01-23 15:02:29.537  1541  1584 D SQLiteDBG: handleSQLiteError, path: /data/user/0/com.android.providers.contacts/databases/contacts2.db, handle: 0x727f1b90, errCode: 101, msg: unknown error
01-23 15:02:29.537  1541  1584 V ContactsDate: get now date :20140123
01-23 15:02:29.547  1541  1584 D CursorWindowStats: Alloc larger, size: 4194304
01-23 15:02:29.547  1541  1584 D CursorWindowStats: Alloc larger, size: 4194304
01-23 15:02:29.547  1541  1584 D ContactsEventQueueProcessor: ContactsEventQueueProcessor.addNewContactEventRequest() - add request to queue successful.
01-23 15:02:29.547  1541  1584 D ContactsEventQueueProcessor: ContactsEventQueueProcessor.addNewContactEventRequest() - setProcessNextRequestFlag(true)
01-23 15:02:29.547  1541  1584 D ContactsEventQueueProcessor: ContactsEventQueueProcessor.wakeUpThread() - [mProcessNextRequest = true] [mWakeUpLock.notifyAll()]
01-23 15:02:29.547  1541  1574 D ContactsEventQueueProcessor: ContactsEventQueueProcessor.run() - [iterator.hasNext()] taskQueue has UploadRequest item.
01-23 15:02:29.547  1541  1584 V HtcContactsProvider2: original: 2003-11-20
01-23 15:02:29.547  1541  1584 V ContactsDate: get now date :20140123
01-23 15:02:29.547  1541  1584 D CursorWindowStats: Alloc larger, size: 4194304
01-23 15:02:29.557  1541  1584 D CursorWindowStats: Alloc larger, size: 4194304
01-23 15:02:29.557  1541  1574 D ContactsEventQueueProcessor: ContactsEventQueueProcessor.run() - [setProcessNextRequestFlag(false)], block the next incoming request while processing the request
01-23 15:02:29.557  1541  1584 D ContactsEventQueueProcessor: ContactsEventQueueProcessor.addNewContactEventRequest() - add request to queue successful.
01-23 15:02:29.557  1541  1584 D ContactsEventQueueProcessor: ContactsEventQueueProcessor.addNewContactEventRequest() - canProcessNextRequest() is false, waiting...
01-23 15:02:29.557  1541  1584 D ContactsEventQueueProcessor: ContactsEventQueueProcessor.addNewContactEventRequest() - add request to queue successful.
01-23 15:02:29.557  1541  1584 D ContactsEventQueueProcessor: ContactsEventQueueProcessor.addNewContactEventRequest() - canProcessNextRequest() is false, waiting...
01-23 15:02:29.597  1541  1584 V HtcContactsProvider2: loadCallLogIntoFrequencyTable: 1 , 11111111000
01-23 15:02:29.597  1541  1584 V HtcContactsProvider2: loadCallLogIntoFrequencyTable: 1 , 333333333300
01-23 15:02:29.607  1541  1584 V HtcContactsProvider2: loadCallLogIntoFrequencyTable: 1 , 444444444000
01-23 15:02:29.607  1541  1584 V HtcContactsProvider2: loadCallLogIntoFrequencyTable: 1 , 55555555500
