01-23 15:01:55.521 11818 12552 V ORMLib  : update last_update=1390460515 Description=@string/hotmailAccountDesc PackageName=com.htc.android.mail VersionCode=742802760 SupportedColumns=175 IsTimePrecision2Sec=0 VersionName=7.6.2411243346.730966.670635 ServiceClassPath=com.htc.android.mail.eassvc.EASAppSvc AccountType=com.htc.android.windowslive
01-23 15:01:55.521 11818 12552 D APICProviderDecorator: update. content://com.htc.task.dm/TaskSource/3
01-23 15:01:55.521   936  6789 F ActivityManager: Service ServiceRecord{42bbc628 u0 com.google.android.music/.net.NetworkMonitor} in process ProcessRecord{42de26e8 10758:com.google.android.music:main/u0a169} not same as in map: null
01-23 15:01:55.521   936  6789 D ErrorReport: HtcErrorReportManager proc or proc.info or pm is null
01-23 15:01:55.521   936  6789 D ErrorReport: HtcErrorReportManager Enable Error Report by system server
01-23 15:01:55.521   936  6789 D ErrorReport: HtcErrorReportManager Begin---add error logs to dropbox
01-23 15:01:55.531  1351  1351 I HtcLockScreen: LSState: onControlAction ProductivityNTFCtrl: 1000
01-23 15:01:55.531   936  6789 D ErrorReport: HtcErrorReportManager End---add error logs to dropbox
01-23 15:01:55.541 12430 12446 V CalendarBackupAgent: onRestore done.
01-23 15:01:55.541  9513  9524 D NeroHTCTransport: nextRestorePackage
01-23 15:01:55.541  9513  9524 D NeroHTCTransport: no more restore-package, mRestoreIndex: 2 mCurrentRestorePackage: com.htc.calendar
01-23 15:01:55.541  9513 10840 D NeroHTCTransport: finished resotre: com.htc.calendar
01-23 15:01:55.541  9513 10840 D NeroHTCTransport: Closing the current restore: 1390460513257 with resultCode: 0
01-23 15:01:55.541   936  1730 V SyncManager: scheduleSyncOperation: dropping duplicate sync operation  u0 (com.htc.android.windowslive), com.htc.task.dm, LOCAL, latestRunTime 867402, reason: 10073
01-23 15:01:55.541 11818 12552 D DBProvider: Notify change , and caller is not syncadapter
01-23 15:01:55.541  9513 10626 D NeroHTCTransport: BackupRestoreForExternalTransport for restoring 1390460513257 true
01-23 15:01:55.541 11818 12552 I TodoTask: SM: TaskSource added. Pkg:com.htc.android.mail, Type:com.htc.android.windowslive
01-23 15:01:55.541 11818 12552 D APICProviderDecorator: UriPermission Granted: content://com.htc.task.dm/TS/com.htc.android.mail/*
01-23 15:01:55.541   936  6789 W WindowManager: Execute app transition: mAppTransition=mNextAppTransition=0xffffffff
01-23 15:01:55.541   936   936 I ActivityManager: broadcast act=android.intent.action.DROPBOX_ENTRY_ADDED from pid=936, uid=1000,parallel BR:null,size=0,order BR:null,size=0,resultTo=null
01-23 15:01:55.541   936   936 I ActivityManager: broadcast act=android.intent.action.DROPBOX_ENTRY_ADDED from pid=936, uid=1000,parallel BR:null,size=0,order BR:null,size=0,resultTo=null
01-23 15:01:55.541   936  1700 V BackupManagerService: opComplete: 23a68218
01-23 15:01:55.541   936  1335 D BackupManagerService: In BackupHandler, msg = 21
01-23 15:01:55.541   936  1335 I BackupManagerService:  => executing next step on com.android.server.BackupManagerService$PerformRestoreTask@42d832d0 nextState=RUNNING_QUEUE
01-23 15:01:55.541   936  1335 D BackupManagerService: In BackupHandler, msg = 20
01-23 15:01:55.541   936  1335 V BackupManagerService: Got next step for com.android.server.BackupManagerService$PerformRestoreTask@42d832d0, executing
01-23 15:01:55.541   936  1335 V BackupManagerService: *** Executing restore step: RUNNING_QUEUE
01-23 15:01:55.541   936  1335 V BackupManagerService: No next package, finishing restore
01-23 15:01:55.541   936  1335 I BackupManagerService:  => executing next step on com.android.server.BackupManagerService$PerformRestoreTask@42d832d0 nextState=FINAL
01-23 15:01:55.541   936  1335 D BackupManagerService: In BackupHandler, msg = 20
01-23 15:01:55.541   936  1335 V BackupManagerService: Got next step for com.android.server.BackupManagerService$PerformRestoreTask@42d832d0, executing
01-23 15:01:55.541   936  1335 V BackupManagerService: *** Executing restore step: FINAL
01-23 15:01:55.541   936  1335 D BackupManagerService: finishing restore mObserver=com.android.server.BackupManagerService$RestoreObserver@42c8d018
01-23 15:01:55.541   936  1335 D BackupManagerService: restoreFinished: 0
01-23 15:01:55.541   936  1750 I ActivityManager: broadcast act=com.htc.task.dm.TaskSource.change pkg=com.htc.task from pid=11818, uid=10073,parallel BR:null,size=0,order BR:null,size=0,resultTo=null
01-23 15:01:55.541   936   948 D RestoreSession: endRestoreSession
01-23 15:01:55.541   936   948 D BackupManagerService: retore end with external transport:com.nero.android.htc.sync/.NeroHTCBackupRestoreService
01-23 15:01:55.551 11818 12552 D APICProviderDecorator: update. content://com.htc.task.dm/Account
01-23 15:01:55.551  9513 10129 I HttpServer: Serving request from 127.0.0.1:50407 - URI /App/updateFullBackupOfPM
01-23 15:01:55.551  9513 10129 I ServiceResponseHandler: Input parameter BODY handled laterdata
01-23 15:01:55.551  9513 10129 D AppService: pipe the PM to BackupRestoreService
01-23 15:01:55.551  9513 10626 D NeroHTCTransport: begin with updating @pm@: 74
01-23 15:01:55.561  9513 10129 D AppService: update the PM successfully
01-23 15:01:55.571  9513 10149 I HttpServer: Serving request from 127.0.0.1:50407 - URI /App/updateFullBackupOfPM
01-23 15:01:55.571  9513 10149 I ServiceResponseHandler: Input parameter BODY handled laterdata
01-23 15:01:55.571  9513 10149 D AppService: pipe the PM to BackupRestoreService
01-23 15:01:55.571  9513 10626 D NeroHTCTransport: begin with updating @pm@: 74
01-23 15:01:55.581  9513 10149 D AppService: update the PM successfully
01-23 15:01:55.581   936  1007 V SyncManager: scheduleSyncOperation: dropping duplicate sync operation  u0 (com.htc.android.windowslive), com.htc.task.dm, LOCAL, latestRunTime 867442, reason: 10073
01-23 15:01:55.581 11818 12552 D DBProvider: Notify change , and caller is not syncadapter
01-23 15:01:55.581 12018 12210 D MessagingNotification: New incoming message, can't cancel notification now
01-23 15:01:55.581 12018 12210 D MessagingNotification: newMsgCnt: 0, false
01-23 15:01:55.581 11818 12552 I TodoTask: SM: Also update 1 accounts
01-23 15:01:55.581   936  1335 V BackupManagerService: Ancestral packages:  36
01-23 15:01:55.581   936  8431 I ActivityManager: broadcast act=com.htc.task.dm.Account.change pkg=com.htc.task from pid=11818, uid=10073,parallel BR:null,size=0,order BR:42f41e50,u0,size=1,replaced=0
01-23 15:01:55.581   936   956 V BroadcastQueue: Deliver to ComponentInfo{com.htc.task/com.htc.task.TodoReceiver}:BR@42f41e50
01-23 15:01:55.591 11818 12552 I TodoTask: SM: No new taskSourcePlugin now
01-23 15:01:55.591 10653 10653 D EASAppSvc: [ NA ]- onUnbind():com.htc.task.source.com.htc.android.windowslive
01-23 15:01:55.591 10653 10653 V Perf    : com.htc.android.mail.eassvc.EASAppSvc@422ccbc8 onUnBind, 0ms
01-23 15:01:55.591 11818 11818 V Perf    : com.htc.task.TodoReceiver@42379830 onReceive:com.htc.task.dm.Account.change 2ms
01-23 15:01:55.591 11818 11818 V Perf    : com.htc.task.TodoService@4237a930 onCreate, 0ms
01-23 15:01:55.591  9513 10129 I HttpServer: Serving request from 127.0.0.1:50407 - URI /App/restoreApp?packageName=com.google.android.gm
01-23 15:01:55.591 11818 11818 V Perf    : com.htc.task.TodoService@4237a930 onStartCommand:act=com.htc.task.dm.Account.change flg=0x10 pkg=com.htc.task, 0ms
01-23 15:01:55.591 11818 12554 D TodoService: action com.htc.task.dm.Account.change
01-23 15:01:55.591 11818 12554 D TodoService: intent:com.htc.task.dm.Account.change, action:UPDATE, ids.length:1, ids:'2',
01-23 15:01:55.591 11818 12554 D ORMLib  : buildClause where:_id IN (2) , args:
01-23 15:01:55.591 11818 12554 D APICProviderDecorator: query. content://com.htc.task.dm/Account
01-23 15:01:55.591  9513 10129 I ServiceResponseHandler: Input parameter BODY handled laterdata
01-23 15:01:55.591  9513 10129 D NeroHTCTransport: requesting the restore for com.google.android.gm
01-23 15:01:55.591  9513 10129 D NeroHTCTransport: Starting the new restore: com.google.android.gm token: 1390460515599
01-23 15:01:55.591  9513 10626 D NeroHTCTransport: startRestore: current status=RESTORE_RUN
01-23 15:01:55.591  9513 10626 D NeroHTCTransport: startRestore: first current transport=com.google.android.backup/.BackupTransportService
01-23 15:01:55.591  9513 10626 D NeroHTCTransport: name() name=com.nero.android.htc.sync/.NeroHTCBackupRestoreService
01-23 15:01:55.591  9513 10626 D NeroHTCTransport: startRestore: myTransportName=com.nero.android.htc.sync/.NeroHTCBackupRestoreService
01-23 15:01:55.591  9513 10626 D NeroHTCTransport: backup-manager is not idle: RESTORE_RUN => wait 500 ms
01-23 15:01:55.591   936  8430 V ActivityManager: unbindService: conn=42d1a5c8 pid=11818
01-23 15:01:55.591   936  1731 V ActivityManager: startService: act=com.htc.task.dm.Account.change flg=0x10 pkg=com.htc.task cmp=com.htc.task/.TodoService type=null pid=11818
01-23 15:01:55.591   936  1335 V BackupManagerService:    com.htc.launcher
01-23 15:01:55.591   936  1335 V BackupManagerService:    com.htc.socialnetwork.rss
01-23 15:01:55.591   936  6790 V BackupManagerService: ... getCurrentTransport() returning com.google.android.backup/.BackupTransportService
01-23 15:01:55.591   936  1335 V BackupManagerService:    android
01-23 15:01:55.601 11818 12554 D TaskSyncCalendarsDB: Calendars doUpdate
01-23 15:01:55.601   936  1335 V BackupManagerService:    com.android.updater
01-23 15:01:55.601   936  1730 I ActivityManager: 11818 get provider com.android.calendar 1559
01-23 15:01:55.611 11818 12554 D TaskSyncCalendarsDB: Update_id:2, caller_is_syncadapter: false
01-23 15:01:55.611   936  1335 V BackupManagerService:    com.android.providers.contacts
01-23 15:01:55.621   936  1335 V BackupManagerService:    com.htc.home.personalize
01-23 15:01:55.621   936  1335 V BackupManagerService:    com.htc.mms.backupagent
01-23 15:01:55.631   936  1335 V BackupManagerService:    com.htc.usage
01-23 15:01:55.641   936  1335 V BackupManagerService:    com.htc.socialnetwork.instagram
01-23 15:01:55.641 11818 12554 D TodoTaskshortcut: update TASK shortcut>
01-23 15:01:55.641 11818 12554 D ORMLib  : buildClause where:IsDeleted=? AND _recur_regen=? AND DueDate<? AND DueDate IS NOT NULL AND Complete=? , args:0,0,1390521600,0,
01-23 15:01:55.641 11818 12554 D APICProviderDecorator: query. content://com.htc.task.dm/TodoTask
01-23 15:01:55.641   936  1335 V BackupManagerService:    com.htc.plugin.news
01-23 15:01:55.651 11818 12554 D TodoTaskshortcut: Block com.htc.task.action.idlescreen.update_count due to bubble count haven't changed ! Count = 0
01-23 15:01:55.651  4158  4158 D NotificationReceiver: action: com.htc.launcher.action.SET_NOTIFICATION
01-23 15:01:55.651  4158  4158 D NotificationReceiver: Set notification count: strComponent=com.htc.task/.TaskListViewActivity, strData=null, nCount=0
01-23 15:01:55.651  4158  4158 D NotificationReceiver: duplicated notification: strComponentName=com.htc.task/.TaskListViewActivity, nNotifyCount=0
01-23 15:01:55.651  4158  4158 V Perf    : com.htc.launcher.receiver.NotificationReceiver@42569ca8 onReceive:com.htc.launcher.action.SET_NOTIFICATION 1ms
01-23 15:01:55.651 11818 11818 V Perf    : com.htc.task.TodoService@4237a930 onDestroy, 0ms
01-23 15:01:55.651   936  1335 V BackupManagerService:    com.google.android.googlequicksearchbox
01-23 15:01:55.651   936  6790 I ActivityManager: broadcast act=com.htc.launcher.action.SET_NOTIFICATION from pid=11818, uid=10073,parallel BR:null,size=0,order BR:42ee51b0,u0,size=1,replaced=0
01-23 15:01:55.651   936  1335 V BackupManagerService:    com.android.vending
01-23 15:01:55.651   936   956 V BroadcastQueue: Deliver to ComponentInfo{com.htc.launcher/com.htc.launcher.receiver.NotificationReceiver}:BR@42ee51b0
01-23 15:01:55.651   936  1335 V BackupManagerService:    com.htc.plugin.prismsearch
01-23 15:01:55.651   936  1335 V BackupManagerService:    com.htc.android.mail
01-23 15:01:55.661   936  1730 D Process : killProcessQuiet, pid=12285
01-23 15:01:55.661   936  1730 D Process : com.android.server.am.ActivityManagerService.killUnneededProcessLocked:7508 com.android.server.am.ActivityManagerService.updateOomAdjLocked:16927 com.android.server.am.ActivityManagerService.updateOomAdjLocked:16771 
01-23 15:01:55.661   936  1730 I ActivityManager: Killing 12285:com.htc.mms.backupagent/u0a81 (adj 15): empty #21
01-23 15:01:55.671   936  1335 V BackupManagerService:    com.htc.stock
01-23 15:01:55.671   936   966 V HtcAppUsageStats: noteAppDied pid=12285
01-23 15:01:55.671   936   948 I ActivityManager: Recipient 12285
01-23 15:01:55.671   936   948 D ProcessStateC: Inactive from makeInactive origBase; ps=ProcessState{42a9f650 com.htc.mms.backupagent/10081 pkg=com.htc.mms.backupagent}
01-23 15:01:55.671   936   948 W WindowManager: Execute app transition: mAppTransition=mNextAppTransition=0xffffffff
01-23 15:01:55.671   936  1335 V BackupManagerService:    com.google.android.gm
01-23 15:01:55.681   936  1335 V BackupManagerService:    com.htc.socialnetwork.flickr
01-23 15:01:55.681   936  1335 V BackupManagerService:    com.android.browser
01-23 15:01:55.681   936  1335 V BackupManagerService:    com.google.android.talk
01-23 15:01:55.691   936  1335 V BackupManagerService:    com.android.nfc
01-23 15:01:55.691   936  1335 V BackupManagerService:    com.htc.videohub.ui
01-23 15:01:55.691   936  1335 V BackupManagerService:    com.htc.calendar
01-23 15:01:55.691   936  1335 V BackupManagerService:    com.android.providers.userdictionary
01-23 15:01:55.691   936  1335 V BackupManagerService:    com.android.sharedstoragebackup
01-23 15:01:55.701   936  1335 V BackupManagerService:    com.android.providers.settings
01-23 15:01:55.701   936  1335 V BackupManagerService:    com.htc.sdm
01-23 15:01:55.701   936  1335 V BackupManagerService:    com.htc.wifidisplay
01-23 15:01:55.701   936  1335 V BackupManagerService:    com.htc.provider.settings
01-23 15:01:55.701   936  1335 V BackupManagerService:    com.android.mms
01-23 15:01:55.711   936  1335 V BackupManagerService:    com.htc.android.worldclock
01-23 15:01:55.711   936  1335 V BackupManagerService:    com.htc.linkedin
01-23 15:01:55.711   936  1335 V BackupManagerService:    com.htc.android.htcime
01-23 15:01:55.711   936  1335 V BackupManagerService:    com.google.android.marvin.talkback
01-23 15:01:55.711   936  1335 V BackupManagerService:    com.htc.lockscreen
01-23 15:01:55.721   936  1335 V BackupManagerService:    com.htc.sync.provider.weather
01-23 15:01:55.721   936  1335 V BackupManagerService:    com.htc.task
01-23 15:01:55.721   936  1335 I BackupManagerService: Restore complete.
01-23 15:01:55.731   936  1335 D PMS     : releaseWL(42431518): PARTIAL_WAKE_LOCK  *backup* 0x1
01-23 15:01:55.731   936  1335 D BackupManagerService: mRestoreRunning-- , mRestoreRunning=0
01-23 15:01:55.731   936  1335 D BackupManagerService: unregister external transport:com.nero.android.htc.sync.NeroHTCTransport
01-23 15:01:55.731   936  1335 D BackupManagerService: Disconnected from com.nero.android.htc.sync/.NeroHTCBackupRestoreService transport
01-23 15:01:55.731   936  1335 V BackupManagerService: Registering transport com.nero.android.htc.sync/.NeroHTCBackupRestoreService::null = null
01-23 15:01:55.731  9513 10840 D NeroHTCTransport: finished resotre: com.google.android.gm
01-23 15:01:55.731  9513 10840 W NeroHTCTransport: restore has not been started => do nothing
01-23 15:01:55.731   936  1335 V ActivityManager: unbindService: conn=4253b8a0 pid=936
01-23 15:01:55.731   936  1335 V BackupManagerService: Clearing restore session and halting timeout
01-23 15:01:56.101  9513 10626 D NeroHTCTransport: startRestore: last current transport=com.google.android.backup/.BackupTransportService
01-23 15:01:56.101  9513 10626 D NeroHTCTransport: current restore-token: 1390460515599 set mbRestoreStarted to true
01-23 15:01:56.101  9513 10626 D NeroHTCTransport: calling HtcWrapBackupManager.registerExternalTransport
01-23 15:01:56.101  9513  9525 D NeroHTCTransport: name() name=com.nero.android.htc.sync/.NeroHTCBackupRestoreService
01-23 15:01:56.101   936  8430 V BackupManagerService: ... getCurrentTransport() returning com.google.android.backup/.BackupTransportService
01-23 15:01:56.101   936  1631 D BackupManagerService: transportComponent.flattenToShortString()=com.nero.android.htc.sync/.NeroHTCBackupRestoreService
01-23 15:01:56.101   936  1631 V BackupManagerService: Binding to com.nero.android.htc.sync's transport
01-23 15:01:56.101   936  1631 D BackupManagerService: request connection, mContext = android.app.ContextImpl@425a5e20, intent = Intent { cmp=com.nero.android.htc.sync/.NeroHTCBackupRestoreService }, newtransport.externalconnection = com.android.server.BackupManagerService$ExternalTransport$1@42f1a4b0
01-23 15:01:56.101   936  1631 W ContextImpl: Calling a method in the system process without a qualified user: android.app.ContextImpl.bindService:1783 com.android.server.BackupManagerService.registerExternalTransport:6919 android.app.backup.IBackupManager$Stub.onTransact:354 android.os.Binder.execTransact:412 dalvik.system.NativeStart.run:-2 
01-23 15:01:56.101   936  1631 V ActivityManager: bindService: cmp=com.nero.android.htc.sync/.NeroHTCBackupRestoreService type=null conn=42d36950 flags=1 pid=9513
01-23 15:01:56.101   936   936 D BackupManagerService: Connected to new transport, registerTransport(com.nero.android.htc.sync/.NeroHTCBackupRestoreService, com.android.internal.backup.IBackupTransport$Stub$Proxy@42c840f8)
01-23 15:01:56.111  9513 10626 D NeroHTCTransport: HtcWrapBackupManager.BackupRestoreForExternalTransport restoreToken=1390460515599  restorePackage=com.google.android.gm
01-23 15:01:56.111  9513 10626 D NeroHTCTransport: name() name=com.nero.android.htc.sync/.NeroHTCBackupRestoreService
01-23 15:01:56.111   936   936 V BackupManagerService: Registering transport com.nero.android.htc.sync/.NeroHTCBackupRestoreService::com.nero.android.htc.sync/.NeroHTCBackupRestoreService = com.android.internal.backup.IBackupTransport$Stub$Proxy@42c840f8
01-23 15:01:56.111   936  1631 D BackupManagerService: add in mTransport successfull
01-23 15:01:56.111   936  1731 V BackupManagerService: beginRestoreSession: pkg=null transport=com.nero.android.htc.sync/.NeroHTCBackupRestoreService
01-23 15:01:56.111   936  1731 D RestoreSession: Init ActiveRestoreSession, packageName=null, transport=com.nero.android.htc.sync/.NeroHTCBackupRestoreService
01-23 15:01:56.111   936  1731 D PMS     : acquireWL(42b45550): PARTIAL_WAKE_LOCK  *backup* 0x1 936 1000
01-23 15:01:56.121   936  1335 D BackupManagerService: In BackupHandler, msg = 6
01-23 15:01:56.121   936  1731 D BackupManagerService: Scheduling restoreSome: Local disk image
01-23 15:01:56.121   936  1731 D RestoreSession: restoreSome token=143bde7b50f observer=com.android.server.BackupManagerService$RestoreObserver@42b6b5b0 packages={com.google.android.gm}
01-23 15:01:56.121   936  1335 D BackupManagerService: In BackupHandler, msg = 3
01-23 15:01:56.121   936  1335 D BackupManagerService: mRestoreRunning++ , mRestoreRunning=1
01-23 15:01:56.121   936  1335 D BackupManagerService: MSG_RUN_RESTORE observer=com.android.server.BackupManagerService$RestoreObserver@42b6b5b0
01-23 15:01:56.121   936  1335 D BackupManagerService: In BackupHandler, msg = 20
01-23 15:01:56.131   936  1335 V BackupManagerService: Got next step for com.android.server.BackupManagerService$PerformRestoreTask@425a2a00, executing
01-23 15:01:56.131   936  1335 V BackupManagerService: *** Executing restore step: INITIAL
01-23 15:01:56.151   936  1335 I BackupManagerService: Post-filter package set for restore:
01-23 15:01:56.151   936  1335 I BackupManagerService:     PackageInfo{42f90b00 com.google.android.gm}
01-23 15:01:56.151   936  1335 D BackupManagerService: transport:com.nero.android.htc.sync.NeroHTCTransport
01-23 15:01:56.151   936  1335 I BackupManagerService: Post-append HTC package set for restore:
01-23 15:01:56.151   936  1335 I BackupManagerService:     PackageInfo{42f90b00 com.google.android.gm}
01-23 15:01:56.151   936  1335 D BackupManagerService: restoreStarting: 2 packages
01-23 15:01:56.151   936  1335 I BackupManagerService:  => executing next step on com.android.server.BackupManagerService$PerformRestoreTask@425a2a00 nextState=DOWNLOAD_DATA
01-23 15:01:56.151   936  1335 D BackupManagerService: In BackupHandler, msg = 20
01-23 15:01:56.151   936  1335 V BackupManagerService: Got next step for com.android.server.BackupManagerService$PerformRestoreTask@425a2a00, executing
01-23 15:01:56.151  9513  9524 D NeroHTCTransport: startRestore: token=1390460515599
01-23 15:01:56.151  9513 10840 D NeroHTCTransport: nextRestorePackage
01-23 15:01:56.151   936  1335 V BackupManagerService: *** Executing restore step: DOWNLOAD_DATA
01-23 15:01:56.151   936  1335 I BackupManagerService:  => executing next step on com.android.server.BackupManagerService$PerformRestoreTask@425a2a00 nextState=PM_METADATA
01-23 15:01:56.151   936  1335 D BackupManagerService: In BackupHandler, msg = 20
01-23 15:01:56.151   936  1335 V BackupManagerService: Got next step for com.android.server.BackupManagerService$PerformRestoreTask@425a2a00, executing
01-23 15:01:56.151   936  1335 V BackupManagerService: *** Executing restore step: PM_METADATA
01-23 15:01:56.161  9513  9525 D NeroHTCTransport: getRestoreData: @pm@
01-23 15:01:56.161  9513  9525 D NeroHTCTransport: Restore @pm@
01-23 15:01:56.161   936  1335 V BackupServiceBinder: doRestore() invoked
01-23 15:01:56.161   936  1335 D BackupManagerService: initiateOneRestore packageName=@pm@
01-23 15:01:56.161   936  1335 V BackupManagerService: starting timeout: token=1a5bf91b interval=60000
01-23 15:01:56.171   936  1335 V BackupManagerService: opComplete: 1a5bf91b
01-23 15:01:56.171   936  1335 D BackupManagerService: In BackupHandler, msg = 21
01-23 15:01:56.171   936  1335 I BackupManagerService:  => executing next step on com.android.server.BackupManagerService$PerformRestoreTask@425a2a00 nextState=RUNNING_QUEUE
01-23 15:01:56.171   936  1335 D BackupManagerService: In BackupHandler, msg = 20
01-23 15:01:56.171   936  1335 V BackupManagerService: Got next step for com.android.server.BackupManagerService$PerformRestoreTask@425a2a00, executing
01-23 15:01:56.171  9513  9524 D NeroHTCTransport: nextRestorePackage
01-23 15:01:56.171   936  1335 V BackupManagerService: *** Executing restore step: RUNNING_QUEUE
01-23 15:01:56.171   936  1335 D BackupManagerService: onUpdate: 0 = com.google.android.gm
01-23 15:01:56.171   936  1335 V BackupManagerService: System app com.google.android.gm - skipping sig check
01-23 15:01:56.171   936  1335 V BackupManagerService: Package com.google.android.gm restore version [4710000] is compatible with installed version [4710000]
01-23 15:01:56.181 11921 11921 V Perf    : com.google.android.gm.persistence.GmailBackupAgent@4238e7b8 onCreate, 0ms
01-23 15:01:56.181 11921 11921 V Perf    : com.google.android.gm.persistence.GmailBackupAgent@4238e7b8 onBind, 0ms
01-23 15:01:56.181  9513 10840 D NeroHTCTransport: getRestoreData: com.google.android.gm
01-23 15:01:56.181  9513 10840 D NeroHTCTransport: Restore normal package
01-23 15:01:56.181   936  1335 D BackupManagerService: awaiting agent for ApplicationInfo{429a9628 com.google.android.gm}
01-23 15:01:56.181   936  1699 D BackupManagerService: agentConnected pkg=com.google.android.gm agent=android.os.BinderProxy@42af9fd0
01-23 15:01:56.181   936  1335 I BackupManagerService: got agent android.app.IBackupAgent$Stub$Proxy@42af15c0
01-23 15:01:56.181   936  1335 D BackupManagerService: initiateOneRestore packageName=com.google.android.gm
01-23 15:01:56.181   936  1335 V BackupManagerService: starting timeout: token=350d72fe interval=60000
01-23 15:01:56.191 11921 11933 V BackupServiceBinder: doRestore() invoked
01-23 15:01:56.191 11921 11933 W ContextImpl: Implicit intents with startService are not safe: Intent { act=com.android.mail.action.BACKUP_DATA_CHANGED } android.content.ContextWrapper.startService:501 com.android.mail.h.ax:96 com.android.mail.a.b.aT:260 
01-23 15:01:56.201 11921 11933 W ContextImpl: Implicit intents with startService are not safe: Intent { act=com.android.mail.action.BACKUP_DATA_CHANGED } android.content.ContextWrapper.startService:501 com.android.mail.h.ax:96 com.android.mail.a.b.aT:260 
01-23 15:01:56.201 11921 11933 W ContextImpl: Implicit intents with startService are not safe: Intent { act=com.android.mail.action.BACKUP_DATA_CHANGED } android.content.ContextWrapper.startService:501 com.android.mail.h.ax:96 com.android.mail.a.b.aT:260 
01-23 15:01:56.201   936   947 V ActivityManager: startService: act=com.android.mail.action.BACKUP_DATA_CHANGED type=null pid=11921
01-23 15:01:56.201   936   947 W ActivityManager: Unable to start service Intent { act=com.android.mail.action.BACKUP_DATA_CHANGED } U=0: not found
01-23 15:01:56.201   936  6789 V ActivityManager: startService: act=com.android.mail.action.BACKUP_DATA_CHANGED type=null pid=11921
01-23 15:01:56.201   936  6789 W ActivityManager: Unable to start service Intent { act=com.android.mail.action.BACKUP_DATA_CHANGED } U=0: not found
01-23 15:01:56.201   936  6790 V ActivityManager: startService: act=com.android.mail.action.BACKUP_DATA_CHANGED type=null pid=11921
01-23 15:01:56.201   936  6790 W ActivityManager: Unable to start service Intent { act=com.android.mail.action.BACKUP_DATA_CHANGED } U=0: not found
01-23 15:01:56.261   936  1750 V BackupManagerService: opComplete: 350d72fe
01-23 15:01:56.261   936  1335 D BackupManagerService: In BackupHandler, msg = 21
01-23 15:01:56.261 11921 11921 D Process : killProcess, pid=11921
01-23 15:01:56.261 11921 11921 D Process : android.app.ActivityThread$H.handleMessage:1515 android.os.Handler.dispatchMessage:102 android.os.Looper.loop:157 
01-23 15:01:56.261 11921 11921 I Process : Sending signal. PID: 11921 SIG: 9
01-23 15:01:56.261  9513  9525 D NeroHTCTransport: nextRestorePackage
01-23 15:01:56.261  9513  9525 D NeroHTCTransport: no more restore-package, mRestoreIndex: 2 mCurrentRestorePackage: com.google.android.gm
01-23 15:01:56.261  9513  9524 D NeroHTCTransport: finished resotre: com.google.android.gm
01-23 15:01:56.261  9513  9524 D NeroHTCTransport: Closing the current restore: 1390460515599 with resultCode: 0
01-23 15:01:56.261  9513 10626 D NeroHTCTransport: BackupRestoreForExternalTransport for restoring 1390460515599 true
01-23 15:01:56.261   936  1335 D BackupManagerService: Restore complete, killing host process of com.google.android.gm
01-23 15:01:56.261   936  1335 I BackupManagerService:  => executing next step on com.android.server.BackupManagerService$PerformRestoreTask@425a2a00 nextState=RUNNING_QUEUE
01-23 15:01:56.261   936  1335 D BackupManagerService: In BackupHandler, msg = 20
01-23 15:01:56.261   936  1335 V BackupManagerService: Got next step for com.android.server.BackupManagerService$PerformRestoreTask@425a2a00, executing
01-23 15:01:56.261   936  1335 V BackupManagerService: *** Executing restore step: RUNNING_QUEUE
01-23 15:01:56.261   936  1335 V BackupManagerService: No next package, finishing restore
01-23 15:01:56.261   936  1335 I BackupManagerService:  => executing next step on com.android.server.BackupManagerService$PerformRestoreTask@425a2a00 nextState=FINAL
01-23 15:01:56.261   936  1335 D BackupManagerService: In BackupHandler, msg = 20
01-23 15:01:56.261   936  1335 V BackupManagerService: Got next step for com.android.server.BackupManagerService$PerformRestoreTask@425a2a00, executing
01-23 15:01:56.261   936  1335 V BackupManagerService: *** Executing restore step: FINAL
01-23 15:01:56.261   936  1335 D BackupManagerService: finishing restore mObserver=com.android.server.BackupManagerService$RestoreObserver@42b6b5b0
01-23 15:01:56.261   936  1335 D BackupManagerService: restoreFinished: 0
01-23 15:01:56.261   936  1731 D RestoreSession: endRestoreSession
01-23 15:01:56.261   936  1731 D BackupManagerService: retore end with external transport:com.nero.android.htc.sync/.NeroHTCBackupRestoreService
01-23 15:01:56.281   936  6790 I ActivityManager: Recipient 11921
01-23 15:01:56.281   936   966 V HtcAppUsageStats: noteAppDied pid=11921
01-23 15:01:56.281  9513 10149 I HttpServer: Serving request from 127.0.0.1:50407 - URI /App/updateFullBackupOfPM
01-23 15:01:56.281  9513 10149 I ServiceResponseHandler: Input parameter BODY handled laterdata
01-23 15:01:56.281  9513 10149 D AppService: pipe the PM to BackupRestoreService
01-23 15:01:56.281  9513 10626 D NeroHTCTransport: begin with updating @pm@: 74
01-23 15:01:56.281   936  6790 I ActivityManager: Process com.google.android.gm (pid 11921) has died.
01-23 15:01:56.281   936  6790 D ProcessStateC: Inactive from makeInactive origBase; ps=ProcessState{42ef08b0 com.google.android.gm/10115 pkg=com.google.android.gm}
01-23 15:01:56.281   936  6790 W WindowManager: Execute app transition: mAppTransition=mNextAppTransition=0xffffffff
01-23 15:01:56.291  9513 10149 D AppService: update the PM successfully
01-23 15:01:56.291  9513 10129 I HttpServer: Serving request from 127.0.0.1:50407 - URI /App/updateFullBackupOfPM
01-23 15:01:56.291   936  1335 V BackupManagerService: Ancestral packages:  36
01-23 15:01:56.291   936  1335 V BackupManagerService:    com.htc.launcher
01-23 15:01:56.301  9513 10129 I ServiceResponseHandler: Input parameter BODY handled laterdata
01-23 15:01:56.301  9513 10129 D AppService: pipe the PM to BackupRestoreService
01-23 15:01:56.301  9513 10626 D NeroHTCTransport: begin with updating @pm@: 74
01-23 15:01:56.301  9513 10129 D AppService: update the PM successfully
01-23 15:01:56.301   936  1335 V BackupManagerService:    com.htc.socialnetwork.rss
01-23 15:01:56.301   936  1335 V BackupManagerService:    android
01-23 15:01:56.311  9513 10149 I HttpServer: Serving request from 127.0.0.1:50407 - URI /App/restoreApp?packageName=com.htc.android.worldclock
01-23 15:01:56.311  9513 10149 I ServiceResponseHandler: Input parameter BODY handled laterdata
01-23 15:01:56.311  9513 10149 D NeroHTCTransport: requesting the restore for com.htc.android.worldclock
01-23 15:01:56.311  9513 10149 D NeroHTCTransport: Starting the new restore: com.htc.android.worldclock token: 1390460516326
01-23 15:01:56.311  9513 10626 D NeroHTCTransport: startRestore: current status=RESTORE_RUN
01-23 15:01:56.311  9513 10626 D NeroHTCTransport: startRestore: first current transport=com.google.android.backup/.BackupTransportService
01-23 15:01:56.311  9513 10626 D NeroHTCTransport: name() name=com.nero.android.htc.sync/.NeroHTCBackupRestoreService
01-23 15:01:56.311  9513 10626 D NeroHTCTransport: startRestore: myTransportName=com.nero.android.htc.sync/.NeroHTCBackupRestoreService
01-23 15:01:56.311  9513 10626 D NeroHTCTransport: backup-manager is not idle: RESTORE_RUN => wait 500 ms
01-23 15:01:56.311   936  1335 V BackupManagerService:    com.android.updater
01-23 15:01:56.311   936  1630 V BackupManagerService: ... getCurrentTransport() returning com.google.android.backup/.BackupTransportService
01-23 15:01:56.311   936  1335 V BackupManagerService:    com.android.providers.contacts
01-23 15:01:56.311   936  1335 V BackupManagerService:    com.htc.home.personalize
01-23 15:01:56.311   936  1335 V BackupManagerService:    com.htc.mms.backupagent
01-23 15:01:56.311   936  1335 V BackupManagerService:    com.htc.usage
01-23 15:01:56.322   936  1335 V BackupManagerService:    com.htc.socialnetwork.instagram
01-23 15:01:56.322   936  1335 V BackupManagerService:    com.htc.plugin.news
01-23 15:01:56.322   936  1335 V BackupManagerService:    com.google.android.googlequicksearchbox
01-23 15:01:56.322   936  1335 V BackupManagerService:    com.android.vending
01-23 15:01:56.322   936  1335 V BackupManagerService:    com.htc.plugin.prismsearch
01-23 15:01:56.332  9513  9517 D dalvikvm: GC_CONCURRENT freed 1998K, 66% free 4315K/12516K, paused 3ms+4ms, total 30ms
01-23 15:01:56.332   936  1335 V BackupManagerService:    com.htc.android.mail
01-23 15:01:56.332   936  1335 V BackupManagerService:    com.htc.stock
01-23 15:01:56.332   936  1335 V BackupManagerService:    com.google.android.gm
01-23 15:01:56.332   936  1335 V BackupManagerService:    com.htc.socialnetwork.flickr
01-23 15:01:56.332   936  1335 V BackupManagerService:    com.android.browser
01-23 15:01:56.342   936  1335 V BackupManagerService:    com.google.android.talk
01-23 15:01:56.342   936  1335 V BackupManagerService:    com.android.nfc
01-23 15:01:56.352   936  1335 V BackupManagerService:    com.htc.videohub.ui
01-23 15:01:56.352   936  1335 V BackupManagerService:    com.htc.calendar
01-23 15:01:56.352   936  1335 V BackupManagerService:    com.android.providers.userdictionary
01-23 15:01:56.352   936  1335 V BackupManagerService:    com.android.sharedstoragebackup
01-23 15:01:56.362   936  1335 V BackupManagerService:    com.android.providers.settings
01-23 15:01:56.362   936  1335 V BackupManagerService:    com.htc.sdm
01-23 15:01:56.362   936  1335 V BackupManagerService:    com.htc.wifidisplay
01-23 15:01:56.362   936  1335 V BackupManagerService:    com.htc.provider.settings
01-23 15:01:56.372   936  1335 V BackupManagerService:    com.android.mms
01-23 15:01:56.372   936  1335 V BackupManagerService:    com.htc.android.worldclock
01-23 15:01:56.372   936  1335 V BackupManagerService:    com.htc.linkedin
01-23 15:01:56.382   936  1335 V BackupManagerService:    com.htc.android.htcime
01-23 15:01:56.382   936  1335 V BackupManagerService:    com.google.android.marvin.talkback
01-23 15:01:56.382   936  1335 V BackupManagerService:    com.htc.lockscreen
01-23 15:01:56.382   936  1335 V BackupManagerService:    com.htc.sync.provider.weather
01-23 15:01:56.382   936  1335 V BackupManagerService:    com.htc.task
01-23 15:01:56.382   936  1335 I BackupManagerService: Restore complete.
01-23 15:01:56.382   936  1335 D PMS     : releaseWL(42b45550): PARTIAL_WAKE_LOCK  *backup* 0x1
01-23 15:01:56.382   936  1335 D BackupManagerService: mRestoreRunning-- , mRestoreRunning=0
01-23 15:01:56.392   936  1335 D BackupManagerService: unregister external transport:com.nero.android.htc.sync.NeroHTCTransport
01-23 15:01:56.392   936  1335 D BackupManagerService: Disconnected from com.nero.android.htc.sync/.NeroHTCBackupRestoreService transport
01-23 15:01:56.392   936  1335 V BackupManagerService: Registering transport com.nero.android.htc.sync/.NeroHTCBackupRestoreService::null = null
01-23 15:01:56.392  9513  9524 D NeroHTCTransport: finished resotre: com.htc.android.worldclock
01-23 15:01:56.392  9513  9524 W NeroHTCTransport: restore has not been started => do nothing
01-23 15:01:56.392   936  1335 V ActivityManager: unbindService: conn=42d36950 pid=936
01-23 15:01:56.392   936  1335 V BackupManagerService: Clearing restore session and halting timeout
01-23 15:01:56.472   936  1731 D PMS     : acquireWL(42670900): PARTIAL_WAKE_LOCK  BatteryServiceUpdateStats 0x1 0 0
01-23 15:01:56.472   936  1731 D PMS     : updatePSL(0x1,true) (repeat:10)
01-23 15:01:56.472   936  1731 I BatteryService: n_update
01-23 15:01:56.472   936  1731 I BatteryService: n_update end
01-23 15:01:56.472   936  1731 I BatteryService: Online (false,true,false,false)
01-23 15:01:56.472   936  1731 I BatteryService: Battery Others is (false,2,2,true,90,4,-2147483648,-2147483648,282,Li-ion,4,false,-446288,0,false,0,0,808344)
01-23 15:01:56.472   936  1731 I BatteryService: check bat
01-23 15:01:56.482   936  1011 D HtcPowerSaver: updateBatteryInfo
01-23 15:01:56.482   936  1011 V Perf    : com.android.server.power.PowerManagerService$BatteryReceiver@426fff90 onReceive:android.intent.action.BATTERY_CHANGED 0ms
01-23 15:01:56.482  1351  1351 D KeyguardUpdateMonitor: Dual received broadcast android.intent.action.BATTERY_CHANGED
01-23 15:01:56.482  1351  1351 V Perf    : com.htc.lockscreen.keyguard.KeyguardUpdateMonitor$3@422afb00 onReceive:android.intent.action.BATTERY_CHANGED 1ms
01-23 15:01:56.482  1591  1591 V Perf    : com.android.phone.HtcCdmaPhoneApp$PhoneAppBroadcastReceiver@424a8ce8 onReceive:android.intent.action.BATTERY_CHANGED 0ms
01-23 15:01:56.482   936  1731 D BatteryService: sendIntent:(90,100,2,2,true,4,282,Li-ion,false,true,false,false,false,0,false,false,0,0,17302941,0)
01-23 15:01:56.482   936   936 I ActivityManager: broadcast act=android.intent.action.BATTERY_CHANGED flg=0x60000000 from pid=936, uid=1000,parallel BR:42bf8f48,u-1,size=15,replaced=0,order BR:null,size=0,resultTo=null
01-23 15:01:56.482   936  1731 I BatteryService: check bat end
01-23 15:01:56.482   936  1731 D PMS     : releaseWL(42670900): PARTIAL_WAKE_LOCK  BatteryServiceUpdateStats 0x1
01-23 15:01:56.482   936  1011 D PMS     : updatePSL(0x1,true) (repeat:1)
01-23 15:01:56.482   936  1011 D PMS     : updatePSL(0x100,true)
01-23 15:01:56.482   936  1011 D PMS     : updateIsPowered(true,true,2,2,90)
01-23 15:01:56.482   936   956 I BroadcastQueue: Deliver non-order [BG] BR@42bf8f48 BF{432fcd90 u0 RL{432fcd30 936 system/1000/u0 local:432fcac0}} BF{429c8fb8 u0 RL{42f00e00 936 system/1000/u0 local:426ab6f8}} BF{42509f00 u0 RL{4286ff60 936 system/1000/u0 local:4287d2b0}} BF{42888d68 u0 RL{4288ac68 936 system/1000/u0 local:42875a10}} BF{42972938 u-1 RL{42c720c0 936 system/1000/u-1 local:427acf78}} BF{42be5178 u0 RL{42bad248 936 system/1000/u0 local:42bad1c0}} BF{42c55f80 u0 RL{42c55f20 1351 com.android.systemui/10060/u0 remote:42a49810}} BF{4247f5e0 u0 RL{429429b0 1351 com.android.systemui/10060/u0 remote:42456960}} BF{423ec260 u0 RL{423ec5f8 1351 com.android.systemui/10060/u0 remote:424519d0}} BF{432ee778 u0 RL{42f0ab20 1591 com.android.phone/1001/u0 remote:42f0a970}}
01-23 15:01:56.482  1351  1351 D PowerUI : onReceive , action=android.intent.action.BATTERY_CHANGED
01-23 15:01:56.482  1351  1351 D PowerUI : level          90 --> 90
01-23 15:01:56.482  1351  1351 D PowerUI : status         2 --> 2
01-23 15:01:56.482  1351  1351 D PowerUI : plugType       2 --> 2
01-23 15:01:56.482  1351  1351 D PowerUI : invalidCharger 0 --> 0
01-23 15:01:56.482  1351  1351 D PowerUI : bucket         1 --> 1
01-23 15:01:56.482  1351  1351 D PowerUI : plugged        true --> true
01-23 15:01:56.482  1351  1351 D PowerUI : health         2
01-23 15:01:56.482  1351  1351 D PowerUI : closing low battery warning: level=90
01-23 15:01:56.492  1591  1591 D HtcCdmaPhoneApp: level 90 scale 100
01-23 15:01:56.492  4158  4158 I FeedHostManager: autoRefresh skipped
01-23 15:01:56.492  1591  1591 V Perf    : com.android.phone.HtcCdmaPhoneApp$3@424a8fa0 onReceive:android.intent.action.BATTERY_CHANGED 0ms
01-23 15:01:56.492  1351  1351 V Perf    : com.android.systemui.power.PowerUI$3@422f5178 onReceive:android.intent.action.BATTERY_CHANGED 3ms
01-23 15:01:56.492  1736  1736 V Perf    : fig@427b68f8 onReceive:android.intent.action.BATTERY_CHANGED 0ms
01-23 15:01:56.492  9513  9513 V Perf    : com.nero.android.neroconnect.services.powermanagerservice.PowerManagerService$1@424fde58 onReceive:android.intent.action.BATTERY_CHANGED 1ms
01-23 15:01:56.492   936   936 V Perf    : com.android.server.wifi.WifiService$3@42b55e30 onReceive:android.intent.action.BATTERY_CHANGED 0ms
01-23 15:01:56.492   936   936 D UsbnetService: BroadcastReceiver::onReceive+
01-23 15:01:56.492   936   936 D UsbnetService: onReceive BATTERY_CHANGED
01-23 15:01:56.492  1351  1351 I StatusBar.BatteryController: status:2 level:90 unsupport:false plugged:true pj_exist:false pj_status:NOT_CHARGING
01-23 15:01:56.492   936  1324 D WifiController: handleMessage: E msg.what=155652
01-23 15:01:56.492   936   936 D UsbnetService:  --> pluggedType = 2, mPluggedType = 0, mScreenOff = false
01-23 15:01:56.492   936  1324 D WifiController: processMsg: DeviceActiveState
01-23 15:01:56.492   936   936 D UsbnetService: BroadcastReceiver::onReceive-
01-23 15:01:56.492   936  1324 D WifiController: processMsg: StaEnabledState
01-23 15:01:56.492   936  1324 D WifiController: processMsg: DefaultState
01-23 15:01:56.492   936   936 V Perf    : com.android.server.UsbnetService$1@42477858 onReceive:android.intent.action.BATTERY_CHANGED 0ms
01-23 15:01:56.492   936  1324 D WifiController: handleMessage: X
01-23 15:01:56.492  1351  1351 V Perf    : com.android.systemui.statusbar.policy.BatteryController@4252d458 onReceive:android.intent.action.BATTERY_CHANGED 1ms
01-23 15:01:56.492  1351  1351 V Perf    : com.htc.lockscreen.ctrl.UIEventCtrl$MyEvent4ShowReceiver@42c66ef0 onReceive:android.intent.action.BATTERY_CHANGED 0ms
01-23 15:01:56.492   936   936 V Perf    : com.android.server.NotificationManagerService$5@42910fe8 onReceive:android.intent.action.BATTERY_CHANGED 0ms
01-23 15:01:56.492   936   936 V Perf    : com.android.server.UiModeManagerService$3@427da0e8 onReceive:android.intent.action.BATTERY_CHANGED 0ms
01-23 15:01:56.492  3018  3018 V PES     : [onReceive] action=android.intent.action.BATTERY_CHANGED, BattLevel=90, PluggedType=2
01-23 15:01:56.492  3018  3018 V Perf    : com.htc.CruiserPwrExpert.CruiserPwrExpertService$1@4233d458 onReceive:android.intent.action.BATTERY_CHANGED 1ms
01-23 15:01:56.492   936   936 V Perf    : com.android.server.IdleMaintenanceService@42c7d430 onReceive:android.intent.action.BATTERY_CHANGED 0ms
01-23 15:01:56.492   936   936 D HtcPowerSaver: Checking...
01-23 15:01:56.492   936   936 I HtcPowerSaver: >> updateStatus
01-23 15:01:56.492   936   956 I BroadcastQueue: Deliver non-order [BG] BR@42bf8f48 BF{42b2eae0 u0 RL{42b2ea80 1591 com.android.phone/1001/u0 remote:4253bbd0}} BF{42baaf78 u0 RL{42baaf18 3018 com.htc.CruiserPwrExpert/10106/u0 remote:42b916c8}} BF{432c3f28 u0 RL{432c3ec8 1351 com.android.systemui/10060/u0 remote:431787f8}} BF{4313ec18 u0 RL{4318f288 1736 com.google.process.location/10026/u0 remote:42658dc0}} BF{429853e0 u0 RL{432fb278 9513 com.nero.android.htc.sync/10007/u0 remote:425365e8}}
01-23 15:01:56.492  1351  1351 D PowerUI : plugged = true, health = 2, mBatteryLevel = 90, mPluggedBatteryLevel = 89, mLowBatteryWarningLevel2 = 25, mshowLowChargingWarning2 = true
01-23 15:01:56.492   936   936 I ActivityManager: broadcast act=com.htc.intent.action.BATTERY_CHANGE_NOTIFICATION flg=0x24000000 from pid=936, uid=1000,parallel BR:null,size=0,order BR:null,size=0,resultTo=null
01-23 15:01:56.492   936  1324 D WifiController: battery changed pluggedType: 2
01-23 15:01:56.492   936   936 D NotificationService: onReceive: android.intent.action.BATTERY_CHANGED
01-23 15:01:56.492   936   936 D NotificationService: bat: 1 90 2 2 0 0
01-23 15:01:56.492   936   936 D PMS     : runPSCheck
01-23 15:01:56.502   936   936 I HtcPowerSaver: updateStatus (8000,90,-1,false,false,false,-1)
01-23 15:01:56.502   936   936 I HtcPowerSaver: << updateStatus
01-23 15:01:56.812  9513 10626 D NeroHTCTransport: startRestore: last current transport=com.google.android.backup/.BackupTransportService
01-23 15:01:56.812  9513 10626 D NeroHTCTransport: current restore-token: 1390460516326 set mbRestoreStarted to true
01-23 15:01:56.812  9513 10626 D NeroHTCTransport: calling HtcWrapBackupManager.registerExternalTransport
01-23 15:01:56.812  9513  9525 D NeroHTCTransport: name() name=com.nero.android.htc.sync/.NeroHTCBackupRestoreService
01-23 15:01:56.812   936  1631 V BackupManagerService: ... getCurrentTransport() returning com.google.android.backup/.BackupTransportService
01-23 15:01:56.812   936  1010 D BackupManagerService: transportComponent.flattenToShortString()=com.nero.android.htc.sync/.NeroHTCBackupRestoreService
01-23 15:01:56.812   936  1010 V BackupManagerService: Binding to com.nero.android.htc.sync's transport
01-23 15:01:56.812   936  1010 D BackupManagerService: request connection, mContext = android.app.ContextImpl@425a5e20, intent = Intent { cmp=com.nero.android.htc.sync/.NeroHTCBackupRestoreService }, newtransport.externalconnection = com.android.server.BackupManagerService$ExternalTransport$1@42713150
01-23 15:01:56.812   936  1010 W ContextImpl: Calling a method in the system process without a qualified user: android.app.ContextImpl.bindService:1783 com.android.server.BackupManagerService.registerExternalTransport:6919 android.app.backup.IBackupManager$Stub.onTransact:354 android.os.Binder.execTransact:412 dalvik.system.NativeStart.run:-2 
01-23 15:01:56.812   936  1010 V ActivityManager: bindService: cmp=com.nero.android.htc.sync/.NeroHTCBackupRestoreService type=null conn=43120b58 flags=1 pid=9513
01-23 15:01:56.812   936   936 D BackupManagerService: Connected to new transport, registerTransport(com.nero.android.htc.sync/.NeroHTCBackupRestoreService, com.android.internal.backup.IBackupTransport$Stub$Proxy@430a1870)
01-23 15:01:56.812   936   936 V BackupManagerService: Registering transport com.nero.android.htc.sync/.NeroHTCBackupRestoreService::com.nero.android.htc.sync/.NeroHTCBackupRestoreService = com.android.internal.backup.IBackupTransport$Stub$Proxy@430a1870
01-23 15:01:56.822  9513 10626 D NeroHTCTransport: HtcWrapBackupManager.BackupRestoreForExternalTransport restoreToken=1390460516326  restorePackage=com.htc.android.worldclock
01-23 15:01:56.822  9513 10626 D NeroHTCTransport: name() name=com.nero.android.htc.sync/.NeroHTCBackupRestoreService
01-23 15:01:56.822   936  1010 D BackupManagerService: add in mTransport successfull
01-23 15:01:56.822   936  1699 V BackupManagerService: beginRestoreSession: pkg=null transport=com.nero.android.htc.sync/.NeroHTCBackupRestoreService
01-23 15:01:56.822   936  1699 D RestoreSession: Init ActiveRestoreSession, packageName=null, transport=com.nero.android.htc.sync/.NeroHTCBackupRestoreService
01-23 15:01:56.822   936  1699 D PMS     : acquireWL(42ec72d8): PARTIAL_WAKE_LOCK  *backup* 0x1 936 1000
01-23 15:01:56.822   936  1699 D PMS     : updatePSL(0x1,true)
01-23 15:01:56.862   936   956 W ProcessCpuTracker: Skipping unknown process pid 12562
01-23 15:01:56.862   936   956 W ProcessCpuTracker: Skipping unknown process pid 12563
01-23 15:01:56.862   936   956 W ProcessCpuTracker: Skipping unknown process pid 12564
01-23 15:01:56.872   936   956 W ProcessCpuTracker: Skipping unknown process pid 12565
01-23 15:01:56.872   936   956 W ProcessCpuTracker: Skipping unknown process pid 12566
01-23 15:01:56.872   936   956 W ProcessCpuTracker: Skipping unknown process pid 12567
01-23 15:01:56.872   936   956 W ProcessCpuTracker: Skipping unknown process pid 12568
01-23 15:01:56.872   936   956 W ProcessCpuTracker: Skipping unknown process pid 12569
01-23 15:01:56.872   936   956 W ProcessCpuTracker: Skipping unknown process pid 12570
01-23 15:01:56.872   936   956 W ProcessCpuTracker: Skipping unknown process pid 12571
01-23 15:01:56.872   936   956 W ProcessCpuTracker: Skipping unknown process pid 12572
01-23 15:01:56.872   936   956 W ProcessCpuTracker: Skipping unknown process pid 12573
01-23 15:01:56.872   936  1335 D BackupManagerService: In BackupHandler, msg = 6
01-23 15:01:56.872   936  1699 D BackupManagerService: Scheduling restoreSome: Local disk image
01-23 15:01:56.872   936  1699 D RestoreSession: restoreSome token=143bde7b7e6 observer=com.android.server.BackupManagerService$RestoreObserver@42ef5fb8 packages={com.htc.android.worldclock}
01-23 15:01:56.872   936  1335 D BackupManagerService: In BackupHandler, msg = 3
01-23 15:01:56.872   936  1335 D BackupManagerService: mRestoreRunning++ , mRestoreRunning=1
01-23 15:01:56.872   936  1335 D BackupManagerService: MSG_RUN_RESTORE observer=com.android.server.BackupManagerService$RestoreObserver@42ef5fb8
01-23 15:01:56.872   936  1335 D BackupManagerService: In BackupHandler, msg = 20
01-23 15:01:56.882   936  1323 D WifiStateMachine: handleMessage: E msg.what=131155
01-23 15:01:56.882   936  1323 D WifiStateMachine: processMsg: ConnectedState
01-23 15:01:56.882   936  1323 D WifiStateMachine: processMsg: L2ConnectedState
01-23 15:01:56.882  1861  1861 D wpa_supplicant: nl80211: survey data missing!
01-23 15:01:56.882   936  1335 V BackupManagerService: Got next step for com.android.server.BackupManagerService$PerformRestoreTask@4309ef10, executing
01-23 15:01:56.882   936  1335 V BackupManagerService: *** Executing restore step: INITIAL
01-23 15:01:56.892  1861  1861 I wpa_supplicant: environment dirty rate=38 [29][10][2]
01-23 15:01:56.892   936  1323 D WifiStateMachine: fetchRssiAndLinkSpeedNative RSSI = -43 abnormalRssiCnt = 0 newLinkSpeed = 9
01-23 15:01:56.892   936  1323 D WifiStateMachine: fetchRssiAndLinkSpeedNative mLinkspeedCount = 2, mLinkspeedSum: 18
01-23 15:01:56.892   936  1323 D WifiStateMachine: handleMessage: X
01-23 15:01:56.892  9513  9524 D NeroHTCTransport: startRestore: token=1390460516326
01-23 15:01:56.892  9513 10840 D NeroHTCTransport: nextRestorePackage
01-23 15:01:56.892  9513  9525 D NeroHTCTransport: getRestoreData: @pm@
01-23 15:01:56.892   936  1335 I BackupManagerService: Post-filter package set for restore:
01-23 15:01:56.892   936  1335 I BackupManagerService:     PackageInfo{430af610 com.htc.android.worldclock}
01-23 15:01:56.892   936  1335 D BackupManagerService: transport:com.nero.android.htc.sync.NeroHTCTransport
01-23 15:01:56.892   936  1335 I BackupManagerService: Post-append HTC package set for restore:
01-23 15:01:56.892   936  1335 I BackupManagerService:     PackageInfo{430af610 com.htc.android.worldclock}
01-23 15:01:56.892   936  1335 D BackupManagerService: restoreStarting: 2 packages
01-23 15:01:56.892   936  1335 I BackupManagerService:  => executing next step on com.android.server.BackupManagerService$PerformRestoreTask@4309ef10 nextState=DOWNLOAD_DATA
01-23 15:01:56.892   936  1335 D BackupManagerService: In BackupHandler, msg = 20
01-23 15:01:56.892   936  1335 V BackupManagerService: Got next step for com.android.server.BackupManagerService$PerformRestoreTask@4309ef10, executing
01-23 15:01:56.892   936  1335 V BackupManagerService: *** Executing restore step: DOWNLOAD_DATA
