01-23 15:01:58.864   936  1700 V ActivityManager: startService: act=com.htc.android.mail.mailservice.MailIntentService.CLEAR_IDLE_SERVER cmp=com.htc.android.mail/.mailservice.MailIntentService type=null pid=10653
01-23 15:01:58.864   936   947 D ConnSrv_Debug: Replaced NetworkType 100/0 to 0/0
01-23 15:01:58.864   936  1630 D ConnSrv_Debug: getSlotExtendedType netType:55 is extended type or non-mobile type. No need to convert.
01-23 15:01:58.874 10653 10653 V Perf    : com.htc.android.mail.mailservice.MailIntentService@427f3098 onCreate, 1ms
01-23 15:01:58.874 10653 10653 V Perf    : com.htc.android.mail.mailservice.MailIntentService@427f3098 onStartCommand:act=com.htc.android.mail.mailservice.MailIntentService.CLEAR_IDLE_SERVER, 0ms
01-23 15:01:58.874 10653 12655 I POP3Server: issue: QUIT
01-23 15:01:58.874 10653 12656 D POP3Server: close socket:Socket[address=pop.163.com/220.181.12.101,port=110,localPort=32952]
01-23 15:01:58.874 10653 10667 D EAS_NetowrkUtil: [ NA ]isDataRoaming(): WIFI
01-23 15:01:58.874 10653 10667 D EASCommonUtil: [ NA ]isMailInForeground(): false, screen off 
01-23 15:01:58.874 10653 10667 D ScheduleManager: [Acc 2]- checkScheduler(): ScheduleSync
01-23 15:01:58.874  1559  1559 D AutoSetting: service - mBroadcastReceiver: action = android.intent.action.SCREEN_OFF
01-23 15:01:58.874  1559  1559 D AutoSetting: service - mBroadcastReceiver: remove all retry messages
01-23 15:01:58.874  1559  1559 V Perf    : com.htc.htclocationservice.AutoSettingService$4@4229db18 onReceive:android.intent.action.SCREEN_OFF 0ms
01-23 15:01:58.874  1559 11589 D AutoSetting: service - mHandler: cancel location update
01-23 15:01:58.874  1559 11589 D AutoSetting: service -           changes count: 3
01-23 15:01:58.874 10653 10667 D ScheduleManager: [Acc 2]stopDirectpush(): no directpush service found, skip
01-23 15:01:58.874 10653 10653 V Perf    : com.htc.android.mail.mailservice.MailIntentService@427f3098 onDestroy, 0ms
01-23 15:01:58.874 10653 10667 V ScheduleManager: [Acc 2]- updatePeakAlarm(): nextPeakChangeTime=Jan 24, 2014 8:01:00 AM
01-23 15:01:58.874  1351  1351 V WallpaperService: Dispatch wallpaper Screen Off, reset mRosieOff=true
01-23 15:01:58.874  1351  1351 V Perf    : android.service.wallpaper.WallpaperService$Engine$2@42d28a48 onReceive:android.intent.action.SCREEN_OFF 0ms
01-23 15:01:58.874  1351  1351 V WallpaperService: onVisibilityChanged(false): mReportedVisible=true com.android.systemui.ImageWallpaper$DrawableEngine@42416d08
01-23 15:01:58.874  1351  1351 V WallpaperService: onVisibilityChanged(false): postDelayed
01-23 15:01:58.874  1351  1351 D ImageWallpaper: Visibility changed to visible=false
01-23 15:01:58.874  1351  1351 D ImageWallpaper: onVisibilityChanged drawFrameLocked
01-23 15:01:58.874  1351  1351 D ImageWallpaper: Suppressed drawFrame since redraw is not needed and offsets have not changed.
01-23 15:01:58.874   936  1699 D ConnSrv_Debug: getSlotExtendedType netType:1 is extended type or non-mobile type. No need to convert.
01-23 15:01:58.874   936  1750 D ConnSrv_Debug: getSlotExtendedType netType:55 is extended type or non-mobile type. No need to convert.
01-23 15:01:58.874   936  1631 D ConnSrv_Debug: getSlotExtendedType netType:1 is extended type or non-mobile type. No need to convert.
01-23 15:01:58.874   936  8431 I BroadcastQueue: Deliver order [FG] BF{43480500 u0 RL{434804a0 1559 com.htc.bgp/10013/u0 remote:43480000}}:BR@4334f698
01-23 15:01:58.874   936  8431 I BroadcastQueue: Deliver order [FG] BF{4338a488 u0 RL{4338a428 1351 com.android.systemui/10060/u0 remote:43383af8}}:BR@4334f698
01-23 15:01:58.884   936  1630 V AlarmManager: set(PendingIntent{42bbf2b8: PendingIntentRecord{42f28028 com.htc.android.mail startService}}) : type=0 triggerAtTime=1390521660000 win=-1 tElapsed=61951854 maxElapsed=107807683 interval=0 standalone=false
01-23 15:01:58.884   936  1630 V AlarmManager: remove(PendingIntent{42bbf2b8: PendingIntentRecord{42f28028 com.htc.android.mail startService}}) changed bounds; rebatching
01-23 15:01:58.884   936  1630 V AlarmManager: Adding Alarm{42cbb748 type 0 com.htc.android.mail} to Batch{42494e80 num=1 start=71006259 end=71006259}
01-23 15:01:58.884   936  1630 V AlarmManager:     => now Batch{42494e80 num=2 start=71006259 end=71006259}
01-23 15:01:58.894   936   936 V Perf    : com.android.server.power.Notifier$3@424d46c0 onReceive:android.intent.action.SCREEN_OFF 0ms
01-23 15:01:58.894   936   936 V Perf    : com.android.server.input.InputManagerService$7@424063a0 onReceive:com.htc.server.HtcPMSExtension.ACTUAL_SCREEN_OFF 1ms
01-23 15:01:58.894  1351  1351 D PhoneStatusBar: onReceive:Intent { act=com.htc.server.HtcPMSExtension.ACTUAL_SCREEN_OFF flg=0x50000010 }
01-23 15:01:58.894  1351  1351 I ClockThread: stop update clock
01-23 15:01:58.894  1351  1351 V Perf    : com.android.systemui.statusbar.phone.PhoneStatusBar$22@42300808 onReceive:com.htc.server.HtcPMSExtension.ACTUAL_SCREEN_OFF 0ms
01-23 15:01:58.894  1591  1591 V Perf    : com.android.internal.telephony.RIL$1@42316028 onReceive:com.htc.server.HtcPMSExtension.ACTUAL_SCREEN_OFF 0ms
01-23 15:01:58.894  1591  1591 V Perf    : com.android.internal.telephony.RIL$1@4231bac8 onReceive:com.htc.server.HtcPMSExtension.ACTUAL_SCREEN_OFF 0ms
01-23 15:01:58.894   936  1015 V Perf    : com.android.server.power.HtcPMSExtension$2@428b0678 onReceive:com.htc.server.HtcPMSExtension.ACTUAL_SCREEN_OFF 0ms
01-23 15:01:58.894   936  8431 I BroadcastQueue: Deliver order [FG] BF{423d8b10 u0 RL{423e8450 936 system/1000/u0 local:423ef830}}:BR@43307870
01-23 15:01:58.894   936   936 I InputManager: Cancel all due to getting PMS screen off broadcast
01-23 15:01:58.894   936   936 I BroadcastQueue: Deliver order [FG] BF{422e2700 u0 RL{42699560 1351 com.android.systemui/10060/u0 remote:426db400}}:BR@43307870
01-23 15:01:58.894   936  1010 I BroadcastQueue: Deliver order [FG] BF{42b8f040 u0 RL{42b8efe0 1591 com.android.phone/1001/u0 remote:42484df8}}:BR@43307870
01-23 15:01:58.894   936  1700 I BroadcastQueue: Deliver order [FG] BF{428fbe08 u0 RL{428fbda8 1591 com.android.phone/1001/u0 remote:427d49b8}}:BR@43307870
01-23 15:01:58.894   936  1015 D HtcPMSExtension: OFF broadcast done.
01-23 15:01:58.954  9513 10129 I HttpServer: Serving request from 127.0.0.1:50407 - URI /Media/finishCopyFiles
01-23 15:01:59.024  4284  4284 V Perf    : com.google.android.gms.icing.impl.IndexService@42484ec8 onUnBind, 0ms
01-23 15:01:59.024  4284  4284 V Perf    : com.google.android.gms.icing.impl.IndexService@42484ec8 onDestroy, 0ms
01-23 15:01:59.024   936  1699 V ActivityManager: unbindService: conn=42cb8068 pid=11832
01-23 15:01:59.235  1351  7155 I HtcLockScreen: ReminderCtrl: handleScreenOff
01-23 15:01:59.365  1351  1351 W FingerprintManager: hasFingerprint() - sSensorCode = 1
01-23 15:01:59.365  1351  1351 I HtcLockScreen: ProductNTFCtrl: isGroupMessageActive:false
01-23 15:01:59.365  1351  1351 I HtcLockScreen: ProductContainer: addView :PROMOTE_FP
01-23 15:01:59.365  1351  1358 I dalvikvm: Jit: resizing JitTable from 4096 to 8192
01-23 15:01:59.475   936   936 D HtcDeviceStorageExtension-PhoneStorage: checkPhoneStorageStats: mIsCheckEnabled=false
01-23 15:01:59.475   936   936 V DeviceStorageMonitorService: freeMemory=10454179840, mMemLowThreshold=524288000
01-23 15:01:59.705 10653 11982 W SSLCertificateSocketFactory: Bypassing SSL security checks at caller's request
01-23 15:01:59.775   936  1016 I ActivityManager: broadcast act=com.android.providers.calendar.intent.CalendarProvider2 flg=0x4 from pid=-1, uid=10013,order BR:42efd050,u0,size=1,replaced=0
01-23 15:01:59.775   936   956 V BroadcastQueue: Deliver to ComponentInfo{com.android.providers.calendar/com.android.providers.calendar.CalendarProviderBroadcastReceiver}:BR@42efd050
01-23 15:01:59.775   936  1016 D PMS     : acquireWL(42c9d850): PARTIAL_WAKE_LOCK  AlarmManager 0x1 936 1000
01-23 15:01:59.785   936  1016 V AlarmManager: sending alarm PendingIntent{42b0b368: PendingIntentRecord{43432ee0 com.android.providers.calendar broadcastIntent}}, i=com.android.providers.calendar.intent.CalendarProvider2, t=2, cnt=1, w=811634, Int=0
01-23 15:01:59.785   936  1631 D HtcWLM  : saveHeldDuration:(811652,ScheduleNextAlarmWakeLock_5)
01-23 15:01:59.785   936  1631 D PMS     : acquireWL(42c49800): PARTIAL_WAKE_LOCK  ScheduleNextAlarmWakeLock_5 0x1 1559 10013
01-23 15:01:59.795   936 11301 V ActivityManager: startService: act=com.android.providers.calendar.intent.CalendarProvider2 flg=0x14 cmp=com.android.providers.calendar/.CalendarProviderIntentService type=null pid=1559
01-23 15:01:59.805  1559  1559 V Perf    : com.android.providers.calendar.CalendarProviderBroadcastReceiver@42499088 onReceive:com.android.providers.calendar.intent.CalendarProvider2 18ms
01-23 15:01:59.805   936   936 D PMS     : releaseWL(42c9d850): PARTIAL_WAKE_LOCK  AlarmManager 0x1
01-23 15:01:59.805   936   936 D PMS     : updatePSL(0x1,true) (repeat:10)
01-23 15:01:59.815  1559  1559 V Perf    : com.android.providers.calendar.CalendarProviderIntentService@426c0e10 onCreate, 2ms
01-23 15:01:59.815  1559  1559 V Perf    : com.android.providers.calendar.CalendarProviderIntentService@426c0e10 onStartCommand:act=com.android.providers.calendar.intent.CalendarProvider2 flg=0x14, 0ms
01-23 15:01:59.825  1559 12661 V CalendarAlarmManager: [before] mNextAlarmCheckScheduled:true, mCorrection:1
01-23 15:01:59.825  1559 12661 V CalendarAlarmManager: [after] mNextAlarmCheckScheduled:false, mCorrection:0
01-23 15:01:59.865  1559 12661 I MetaData: Calendar events instance number:2, from 20140122T045612 to 20140125T050159 at Asia/Hong_Kong
01-23 15:01:59.885   936  8431 V SyncManager: scheduleSyncOperation: dropping duplicate sync operation  u0 (com.htc.android.windowslive), com.android.calendar, LOCAL, latestRunTime 871751, reason: 10013
01-23 15:01:59.885  1559 12661 V CalendarAlarmManager: reminderMethod: 1
01-23 15:01:59.895   936  1323 D WifiStateMachine: handleMessage: E msg.what=131155
01-23 15:01:59.895   936  1323 D WifiStateMachine: processMsg: ConnectedState
01-23 15:01:59.895   936  1323 D WifiStateMachine: processMsg: L2ConnectedState
01-23 15:01:59.895   936  1323 D WifiStateMachine: handleMessage: X
01-23 15:01:59.895  1559 12661 W ContentResolver: Failed to get type for: content://com.android.calendar/alarmTime/1390463100000 (Unknown URL content://com.android.calendar/alarmTime/1390463100000)
01-23 15:01:59.895   936  6789 V AlarmManager: set(PendingIntent{42397580: PendingIntentRecord{423e3130 com.android.providers.calendar broadcastIntent}}) : type=0 triggerAtTime=1390463100000 win=0 tElapsed=3391854 maxElapsed=3391854 interval=0 standalone=false
01-23 15:01:59.895   936  6789 V AlarmManager: Adding Alarm{42819a70 type 0 com.android.providers.calendar} and create new batch Batch{422c6578 num=1 start=3391854 end=3391854}
01-23 15:01:59.895   936  1699 V AlarmManager: remove(PendingIntent{4228ff00: PendingIntentRecord{42bfa180 com.android.providers.calendar broadcastIntent}}) changed bounds; rebatching
01-23 15:01:59.905  1559 12661 V CalendarAlarmManager: scheduleNextAlarmCheck
01-23 15:01:59.905  1559 12661 V CalendarAlarmManager: setExact Alarm 2014-01-23 15:46:00
01-23 15:01:59.905  1559 12661 V CalendarAlarmManager: mLastSuccessCalTime:811774
01-23 15:01:59.905   936  1007 V AlarmManager: set(PendingIntent{42d56778: PendingIntentRecord{42d42f80 com.android.providers.calendar broadcastIntent}}) : type=0 triggerAtTime=1390463160000 win=0 tElapsed=3451854 maxElapsed=3451854 interval=0 standalone=false
01-23 15:01:59.905   936  1007 V AlarmManager: Adding Alarm{424aafc8 type 0 com.android.providers.calendar} and create new batch Batch{42d2d3b0 num=1 start=3451854 end=3451854}
01-23 15:01:59.925   936  1631 D PMS     : releaseWL(42c49800): PARTIAL_WAKE_LOCK  ScheduleNextAlarmWakeLock_5 0x1
01-23 15:01:59.935  1559  1559 V Perf    : com.android.providers.calendar.CalendarProviderIntentService@426c0e10 onDestroy, 0ms
01-23 15:01:59.935   936  1631 D HtcWLM  : saveHeldDuration: HELD_DURATION=143ms, heldDuration[3]=143ms, NOW=811795, tag=ScheduleNextAlarmWakeLock_5
01-23 15:01:59.985   936  1016 I ActivityManager: broadcast act=android.intent.action.TIME_TICK flg=0x50000004 from pid=-1, uid=1000,order BR:42e812f0,u-1,size=4,replaced=0
01-23 15:01:59.985   936  1016 D PMS     : acquireWL(42c98a90): PARTIAL_WAKE_LOCK  AlarmManager 0x1 936 1000
01-23 15:01:59.995   936   936 V Perf    : com.android.server.AlarmManagerService$ClockReceiver@42427600 onReceive:android.intent.action.TIME_TICK 1ms
01-23 15:01:59.995  1351  1351 D KeyguardUpdateMonitor: Dual received broadcast android.intent.action.TIME_TICK
01-23 15:01:59.995  1351  1351 V Perf    : com.htc.lockscreen.keyguard.KeyguardUpdateMonitor$3@422afb00 onReceive:android.intent.action.TIME_TICK 0ms
01-23 15:01:59.995  4158  4158 D WeatherTimeKeeper: will refresh time
01-23 15:01:59.995  4158  4158 D WeatherTimeKeeper: will refresh weather
01-23 15:01:59.995  4158  4158 D WeatherTimeKeeper: [onReceive] android.intent.action.TIME_TICK took 0
01-23 15:01:59.995  4158  4158 V Perf    : com.htc.android.home.view.WeatherTimeKeeper@42532a30 onReceive:android.intent.action.TIME_TICK 1ms
01-23 15:01:59.995  1351  1351 D WeatherTimeKeeper: will refresh time
01-23 15:01:59.995  1351  1351 D WeatherTimeKeeper: will refresh weather
01-23 15:01:59.995  1351  1351 D WeatherTimeKeeper: [onReceive] android.intent.action.TIME_TICK took 1
01-23 15:01:59.995  1351  1351 V Perf    : com.htc.android.home.view.WeatherTimeKeeper@42d955d8 onReceive:android.intent.action.TIME_TICK 0ms
01-23 15:01:59.995   936   956 I BroadcastQueue: Deliver order [FG] BF{42404920 u0 RL{424099e0 936 system/1000/u0 local:42427620}}:BR@42e812f0
01-23 15:01:59.995   936   936 V AlarmManager: Received TIME_TICK alarm; rescheduling
01-23 15:01:59.995   936  1016 V AlarmManager: sending alarm PendingIntent{424b26d0: PendingIntentRecord{4248a540 android broadcastIntent}}, i=android.intent.action.TIME_TICK, t=3, cnt=1, w=811854, Int=0
01-23 15:01:59.995   936   936 V AlarmManager: set(PendingIntent{424b26d0: PendingIntentRecord{4248a540 android broadcastIntent}}) : type=3 triggerAtTime=871854 win=0 tElapsed=871854 maxElapsed=871854 interval=0 standalone=true
01-23 15:01:59.995   936   936 V AlarmManager: Adding Alarm{423f6e68 type 3 android} and create new batch Batch{42bef938 num=1 start=871854 end=871854 STANDALONE}
01-23 15:01:59.995   936   936 D AlarmManager: scheduleTimeTickEvent: Current time ,1390460520002
01-23 15:01:59.995   936   936 D AlarmManager: scheduleTimeTickEvent: Next TIME_TICK broadcast time 1390460580000
01-23 15:01:59.995   936   936 I BroadcastQueue: Deliver order [FG] BF{42c55f80 u0 RL{42c55f20 1351 com.android.systemui/10060/u0 remote:42a49810}}:BR@42e812f0
01-23 15:01:59.995   936   948 I BroadcastQueue: Deliver order [FG] BF{4332aaa0 u0 RL{433087c8 4158 com.htc.launcher/10079/u0 remote:43245f50}}:BR@42e812f0
01-23 15:01:59.995   936  1750 I BroadcastQueue: Deliver order [FG] BF{42e070f8 u0 RL{42f172b8 1351 com.android.systemui/10060/u0 remote:427b84d8}}:BR@42e812f0
01-23 15:01:59.995   936   936 D PMS     : releaseWL(42c98a90): PARTIAL_WAKE_LOCK  AlarmManager 0x1
01-23 15:02:00.015  4158  4158 D Masthead: set date
01-23 15:02:00.015  1351  1351 D Masthead: set date
01-23 15:02:00.015  4158  7491 D MastheadClock: onTimeChanged: 3:02
01-23 15:02:00.025  1351 12651 D MastheadClock: onTimeChanged: 3:02
01-23 15:02:00.025  1351 12651 D WeatherTimeKeeper: [refreshTime] Time tick:3:02, is24h:false, AM/PM:1
01-23 15:02:00.025  4158  7491 D WeatherTimeKeeper: [refreshTime] Time tick:3:02, is24h:false, AM/PM:1
01-23 15:02:00.025  1351 12651 D WeatherTimeKeeper: locationEnabled=true
01-23 15:02:00.025  4158  7491 D WeatherTimeKeeper: locationEnabled=true
01-23 15:02:00.035   936  6790 I ActivityManager: 4158 get provider com.htc.sync.provider.weather 1559
01-23 15:02:00.045  4158  4158 D MastheadClock: setClockTime:true
01-23 15:02:00.045  4158  4158 D MastheadClock: setTime: -1, 3, 0, 2
01-23 15:02:00.045  4158  4158 D MastheadClock: mAnimateDigits updated
01-23 15:02:00.055  4158  4158 W MastheadClock: mDigitAnimMin.start
01-23 15:02:00.055  4158  4158 D Masthead: animate clock:true
01-23 15:02:00.096   936  1007 I ActivityManager: 1351 get provider com.htc.sync.provider.weather 1559
01-23 15:02:00.116   936  1631 I ActivityManager: 1351 get provider com.htc.provider.weather 1559
01-23 15:02:00.116   936  1730 I ActivityManager: 4158 get provider com.htc.provider.weather 1559
01-23 15:02:00.126  1351 12651 D WSPPUtility: EVENT - REQUEST, req: 1__
01-23 15:02:00.126  4158  7491 D WSPPUtility: EVENT - REQUEST, req: 1__
01-23 15:02:00.166  1351  1351 D MastheadClock: setClockTime:true
01-23 15:02:00.166  1351  1351 D MastheadClock: setTime: -1, 3, 0, 2
01-23 15:02:00.166  1351  1351 D MastheadClock: mAnimateDigits updated
01-23 15:02:00.176  1351  1351 W MastheadClock: mDigitAnimMin.start
01-23 15:02:00.176  1351  1351 D Masthead: animate clock:true
01-23 15:02:00.196  1351 12651 D WSPPUtility: req 1__ cache at: 01-23 15:01, false
01-23 15:02:00.196   936  6790 I ActivityManager: 1351 get provider com.htc.provider.weather 1559
01-23 15:02:00.206   936 11301 I ActivityManager: 4158 get provider com.htc.sync.provider.weather 1559
01-23 15:02:00.216  1351 12651 V WSPPUtility: req info: type: 1, param1: , param2: , Lat: 30.73, Lng: 103.97, Chengdu_Sichuan_China, TZ_Id: Asia/Hong_Kong, equalCache: true, cache:true, due:false, auto:true, trigger:false
01-23 15:02:00.216  1351 12651 D WSPPData: current={ 1, 0, 1, 11 }
01-23 15:02:00.216  1351 12651 D WeatherTimeKeeper: [refreshWeatherData] weather info: city: Chengdu, id: 11, anim: com.htc.android.animation.timeline.weather.Dreary@422b5f50, condition: Fog, temperature: 55
01-23 15:02:00.226   936  1016 I ActivityManager: broadcast act=android.content.syncmanager.SYNC_ALARM flg=0x4 from pid=-1, uid=1000,order BR:42da54d8,u0,size=1,replaced=0
01-23 15:02:00.226   936  1016 D PMS     : acquireWL(42cd74e0): PARTIAL_WAKE_LOCK  AlarmManager 0x1 936 1000
01-23 15:02:00.236   936   956 I BroadcastQueue: Deliver order [BG] BF{4283e9e8 u0 RL{42848490 936 system/1000/u0 local:42858098}}:BR@42da54d8
01-23 15:02:00.236   936   936 V Perf    : com.android.server.content.SyncManager$SyncAlarmIntentReceiver@4286b7b0 onReceive:android.content.syncmanager.SYNC_ALARM 1ms
01-23 15:02:00.236   936   957 D SyncManager: sync msg = 2
01-23 15:02:00.236   936   957 V SyncManager: build the operation array, syncQueue size is 5
01-23 15:02:00.236   936   936 D PMS     : acquireWL(42b38188): PARTIAL_WAKE_LOCK  SyncManagerHandleSyncAlarm 0x1 936 1000
01-23 15:02:00.236   936   957 D ConnSrv_Debug: getSlotExtendedType netType:1 is extended type or non-mobile type. No need to convert.
01-23 15:02:00.236   936  1016 V AlarmManager: sending alarm PendingIntent{42c40d08: PendingIntentRecord{42c3b538 android broadcastIntent}}, i=android.content.syncmanager.SYNC_ALARM, t=2, cnt=1, w=812094, Int=0
01-23 15:02:00.236   936   936 D PMS     : releaseWL(42cd74e0): PARTIAL_WAKE_LOCK  AlarmManager 0x1
01-23 15:02:00.236   936   957 D PMS     : acquireWL(427bae78): PARTIAL_WAKE_LOCK  SyncLoopWakeLock 0x1 936 1000
01-23 15:02:00.246  4158  7491 D WSPPUtility: req 1__ cache at: 01-23 15:01, false
01-23 15:02:00.246   936   957 V SyncManager: candidate 1 of 3:  u0 (com.htc.showme), com.htc.showme, POLL, latestRunTime 783212, reason: AccountsUpdated , numActiveInit=0, numActiveRegular=2 , longRunning: null , conflict: startTime 781919, mTimeoutStartTime 781919, mHistoryRowId 5, syncOperation  u0 (com.htc.showme), com.htc.showme, POLL, latestRunTime 781816, reason: AccountsUpdated , oldestNonExpeditedRegular: startTime 781919, mTimeoutStartTime 781919, mHistoryRowId 5, syncOperation  u0 (com.htc.showme), com.htc.showme, POLL, latestRunTime 781816, reason: AccountsUpdated
01-23 15:02:00.246   936   957 V SyncManager: candidate 2 of 3:  u0 (com.htc.android.windowslive), com.android.contacts, SERVER, latestRunTime 784671, reason: AutoSync , numActiveInit=0, numActiveRegular=2 , longRunning: null , conflict: null , oldestNonExpeditedRegular: startTime 781919, mTimeoutStartTime 781919, mHistoryRowId 5, syncOperation  u0 (com.htc.showme), com.htc.showme, POLL, latestRunTime 781816, reason: AccountsUpdated
01-23 15:02:00.246   936   957 V SyncManager: candidate 3 of 3:  u0 (com.htc.android.windowslive), com.htc.task.dm, SERVER, latestRunTime 784747, reason: AutoSync , numActiveInit=0, numActiveRegular=2 , longRunning: null , conflict: null , oldestNonExpeditedRegular: startTime 781919, mTimeoutStartTime 781919, mHistoryRowId 5, syncOperation  u0 (com.htc.showme), com.htc.showme, POLL, latestRunTime 781816, reason: AccountsUpdated
01-23 15:02:00.246   936   957 D SyncManager: check send SYNC_STATE_CHANGE or not, shouldCancel = false, shouldInstall = true
01-23 15:02:00.246   936   957 D ConnSrv_Debug: getSlotExtendedType netType:1 is extended type or non-mobile type. No need to convert.
01-23 15:02:00.246   936   957 D ConnSrv_Debug: getSlotExtendedType netType:1 is extended type or non-mobile type. No need to convert.
01-23 15:02:00.246   936   957 D ConnSrv_Debug: getSlotExtendedType netType:1 is extended type or non-mobile type. No need to convert.
01-23 15:02:00.246   936   957 D PMS     : releaseWL(42b38188): PARTIAL_WAKE_LOCK  SyncManagerHandleSyncAlarm 0x1
01-23 15:02:00.246   936   957 I ActivityManager: broadcast act=android.intent.action.SYNC_STATE_CHANGED flg=0x4000000 from pid=936, uid=1000,parallel BR:42d80000,u0,size=1,replaced=0,order BR:42d748f0,u0,size=1,replaced=0
01-23 15:02:00.246   936   956 I BroadcastQueue: Deliver non-order [BG] BR@42d80000 BF{42437e28 u0 RL{425633e8 1351 com.android.systemui/10060/u0 remote:425cae58}}
01-23 15:02:00.246   936   956 V BroadcastQueue: Deliver to ComponentInfo{com.htc.htccontactwidgets/com.htc.htccontactwidgets.ContactDataChangedReceiverForAndroidIntent}:BR@42d748f0
01-23 15:02:00.256   936   957 V SyncManager: requesting that the alarm manager wake us up at elapsed time 847317, now is 812116, 35 secs from now
01-23 15:02:00.256   936   957 I SyncManager: alarmTime=847317, notificationTime=9223372036854775807, earliestTimeoutTime=1081919, nextPeriodicEventElapsedTime=61891855, nextPendingEventElapsedTime=847317
01-23 15:02:00.256 12255 12255 D ContactQueryIntentService: [getContactQueryThreadInstance] mContactQueryThreadInstance:Thread[Thread-1058,5,main]
01-23 15:02:00.256 12255 12255 D ContactDataChangedReceiverForAndroidIntent: intent.getAction(): android.intent.action.SYNC_STATE_CHANGED
01-23 15:02:00.256 12255 12255 D ContactDataChangedReceiverForAndroidIntent: Action: android.intent.action.SYNC_STATE_CHANGED
01-23 15:02:00.256 12255 12255 V Perf    : com.htc.htccontactwidgets.ContactDataChangedReceiverForAndroidIntent@422b6b08 onReceive:android.intent.action.SYNC_STATE_CHANGED 0ms
01-23 15:02:00.256   936   957 V SyncManager: setAlarm:Thu Jan 01 08:14:07 GMT+08:00 1970 currentTime:Thu Jan 01 08:13:32 GMT+08:00 1970
01-23 15:02:00.256  4158  7491 V WSPPUtility: req info: type: 1, param1: , param2: , Lat: 30.73, Lng: 103.97, Chengdu_Sichuan_China, TZ_Id: Asia/Hong_Kong, equalCache: true, cache:true, due:false, auto:true, trigger:false
01-23 15:02:00.256  4158  7491 D WSPPData: current={ 1, 0, 1, 11 }
01-23 15:02:00.256   936   957 V AlarmManager: set(PendingIntent{42c40d08: PendingIntentRecord{42c3b538 android broadcastIntent}}) : type=2 triggerAtTime=847317 win=0 tElapsed=847317 maxElapsed=847317 interval=0 standalone=false
01-23 15:02:00.256   936   957 V AlarmManager: Adding Alarm{42c85388 type 2 android} and create new batch Batch{42c85298 num=1 start=847317 end=847317}
01-23 15:02:00.256   936   957 D PMS     : releaseWL(427bae78): PARTIAL_WAKE_LOCK  SyncLoopWakeLock 0x1
01-23 15:02:00.266  4158  7491 D WeatherTimeKeeper: [refreshWeatherData] weather info: city: Chengdu, id: 11, anim: com.htc.android.animation.timeline.weather.Dreary@4245d768, condition: Fog, temperature: 55
01-23 15:02:00.266  4158  4158 D Masthead: set weather
01-23 15:02:00.286  1351  1351 D Masthead: set weather
01-23 15:02:00.286  1351  1351 V Perf    : com.android.systemui.statusbar.phone.HtcPhoneStatusBarPolicy$1@4269d2d8 onReceive:android.intent.action.SYNC_STATE_CHANGED 0ms
01-23 15:02:00.286  1351  1351 D PhoneStatusBarPolicy: onReceive: action=android.intent.action.SYNC_STATE_CHANGED
01-23 15:02:00.286  1351  1351 D PhoneStatusBarPolicy: updateSyncState: active=true
01-23 15:02:00.416  1351  1351 D PhoneStatusBar: addIcon slot=sync_active index=6 viewIndex=0 icon=StatusBarIcon(pkg=com.android.systemuiuser=0 id=0x7f020486 level=0 visible=true num=0 ) name=stat_sys_sync_anim0 vis=true
01-23 15:02:00.606  1559  1576 I CalendarProvider2: Sending notification intent: Intent { act=android.intent.action.PROVIDER_CHANGED dat=content://com.android.calendar }
01-23 15:02:00.606  1559  1576 W ContentResolver: Failed to get type for: content://com.android.calendar (Unknown URL content://com.android.calendar)
01-23 15:02:00.616  1559  1559 V Perf    : com.android.providers.calendar.EmptyService@423bc0a8 onDestroy, 1ms
01-23 15:02:00.616  1559  1576 V CalendarProvider2: ACTION_EVENT_CHANGED
01-23 15:02:00.616   936  1731 I ActivityManager: broadcast act=android.intent.action.PROVIDER_CHANGED dat=content://com.android.calendar from pid=1559, uid=10013,parallel BR:null,size=0,order BR:null,size=0,resultTo=null
01-23 15:02:00.616   936   948 V ActivityManager: stopService: cmp=com.android.providers.calendar/.EmptyService type=null pid=1559
01-23 15:02:00.616   936  1630 I ActivityManager: broadcast act=com.htc.calendar.event_changed from pid=1559, uid=10013,parallel BR:null,size=0,order BR:null,size=0,resultTo=null
01-23 15:02:00.696  4158  4158 D MastheadClock: onEndFlipMin0, 2
01-23 15:02:00.826  1351  1351 D MastheadClock: onEndFlipMin0, 2
01-23 15:02:02.198   936  1016 V ActivityManager: startService: flg=0x4 cmp=com.android.vending/com.google.android.finsky.services.ContentSyncService type=null pid=-1
01-23 15:02:02.208  8459  8459 V Perf    : com.google.android.finsky.services.ContentSyncService@423dee48 onCreate, 0ms
01-23 15:02:02.208  8459  8459 V Perf    : com.google.android.finsky.services.ContentSyncService@423dee48 onStartCommand:flg=0x4, 2ms
01-23 15:02:02.218   936  1016 D PMS     : acquireWL(42be9348): PARTIAL_WAKE_LOCK  AlarmManager 0x1 936 1000
01-23 15:02:02.218   936  1016 D PMS     : updatePSL(0x1,true) (repeat:10)
01-23 15:02:02.218   936  1016 V AlarmManager: sending alarm PendingIntent{4338f258: PendingIntentRecord{42749ee0 com.android.vending startService}}, i=null, t=0, cnt=1, w=1390460522204, Int=0
01-23 15:02:02.218   936   936 D PMS     : releaseWL(42be9348): PARTIAL_WAKE_LOCK  AlarmManager 0x1
01-23 15:02:02.548  8459  8459 D Finsky  : [1] 5.onFinished: Installation state replication succeeded.
01-23 15:02:02.548  8459  8459 V Perf    : com.google.android.finsky.services.ContentSyncService@423dee48 onDestroy, 0ms
01-23 15:02:04.871   617   664 D STT:logctl: storage_update [usb:/storage/usb]: not-mount: no mount entry
01-23 15:02:04.871   617   664 D STT:logctl: storage_update [external:/storage/ext_sd]: not-mount: no mount entry
01-23 15:02:04.871   617   664 D STT:dir : detected fuse, replace mountpoint [/storage/emulated/legacy] with [/mnt/shell/emulated]
01-23 15:02:04.891   617   664 D STT:dir :   [ /mnt/shell/emulated ] <-> [/dev/fuse][/mnt/shell/emulated][fuse][rw,nosuid,nodev,relatime,user_id=1023,group_id=1023,default_permissions,allow_other 0 0]
01-23 15:02:04.891   617   664 D STT:logctl: storage_update [phone:/storage/emulated/legacy]: valid: priority=2, free=9869MB, reserved=300MB, total=10987MB, limited=2746MB
01-23 15:02:04.891   617   664 D STT:dir :   [ /data ] <-> [/dev/block/mmcblk0p42][/data][ext4][rw,seclabel,nosuid,nodev,noatime,discard,noauto_da_alloc,data=ordered 0 0]
01-23 15:02:04.891   617   664 D STT:logctl: storage_update [internal:/data]: valid: priority=1, free=9969MB, reserved=300MB, total=11087MB, limited=2771MB
01-23 15:02:04.891   617   664 D STT:logctl: logging [/data/htclog/][internal]: free=9969MB, reserved=300MB, total=11087MB, limited=2771MB, log=15MB
01-23 15:02:05.081 10680 10696 D libc    : [NET] getaddrinfo+,hn 22(0x73686f776d652d),sn(),family 0,flags 4
01-23 15:02:05.081 10680 10696 D libc    : [NET] getaddrinfo-,err=8
01-23 15:02:05.081 10680 10696 D libc    : [NET] getaddrinfo+,hn 22(0x73686f776d652d),sn(),family 0,flags 1024
01-23 15:02:05.091 10680 10696 D libc    : [NET] getaddrinfo-, 1
01-23 15:02:05.091 10680 10696 D libc    : [NET] getaddrinfo_proxy+
01-23 15:02:05.091   257 12674 D libc    : [NET] getaddrinfo+,hn 22(0x73686f776d652d),sn(),family 0,flags 1024
01-23 15:02:05.091   257 12674 D libc    : [NET]_dns_getaddrinfo+ interface=
01-23 15:02:05.091   257 12674 D libc    : [NET] +++++ res_nsend xid =f539 +++++
01-23 15:02:05.091   257 12674 D libc    : [NET] res_nLookupCache: rstatp->iface =
01-23 15:02:05.091   257 12674 D libc    : [NET][SMD][Mode1][Exit3] WARNING, tcp syn fail is detected, ip_addr=243.185.187.39
01-23 15:02:05.091   257 12674 D libc    : [NET]res_queryN: exit 2
01-23 15:02:05.091   257 12674 D libc    : [NET]_dns_getaddrinfo- 6, (NS_NOTFOUND)
01-23 15:02:05.091   257 12674 D libc    : [NET] getaddrinfo-,err=7
01-23 15:02:05.091 10680 10696 D libc    : [NET] getaddrinfo_proxy-
01-23 15:02:05.101 10680 10696 W [AppShowMeDebug]ShowMe: Exception in CheckUpdateTask.run java.net.UnknownHostException: Unable to resolve host "showme-test.htc.com.tw": No address associated with hostname
01-23 15:02:05.141   936  1700 I ActivityManager: broadcast act=com.htc.showme.STATE from pid=10680, uid=10087,parallel BR:null,size=0,order BR:42c94cd8,u0,size=1,replaced=0
01-23 15:02:05.141   936   956 V BroadcastQueue: Deliver to ComponentInfo{com.htc.showme/com.htc.showme.update.SyncService$UpdatingStateReceiver}:BR@42c94cd8
01-23 15:02:05.171 10680 10680 V Perf    : com.htc.showme.update.SyncService$UpdatingStateReceiver@42382f48 onReceive:com.htc.showme.STATE 31ms
01-23 15:02:05.211   936   957 D ConnSrv_Debug: getSlotExtendedType netType:1 is extended type or non-mobile type. No need to convert.
01-23 15:02:05.211   936   957 D SyncManager: sync msg = 1
01-23 15:02:05.211   936   957 D SyncManager: unBindFromSyncAdapter: connection startTime 781919, mTimeoutStartTime 781919, mHistoryRowId 5, syncOperation  u0 (com.htc.showme), com.htc.showme, POLL, latestRunTime 781816, reason: AccountsUpdated
01-23 15:02:05.211 10680 10680 V Perf    : com.htc.showme.sync.SyncService@422ae7f0 onUnBind, 0ms
01-23 15:02:05.211   936   957 D PMS     : acquireWL(42c5a3b0): PARTIAL_WAKE_LOCK  SyncLoopWakeLock 0x1 936 1000
01-23 15:02:05.211   936   957 V ActivityManager: unbindService: conn=42d35de8 pid=936
01-23 15:02:05.221 10680 10680 V Perf    : com.htc.showme.sync.SyncService@422ae7f0 onDestroy, 0ms
01-23 15:02:05.221  1541  1584 D SyncLog : onStatusChanged =========================================== 
01-23 15:02:05.221  1541  1584 D SyncLog : info account (onlytestforme1000@outlook.com/com.htc.android.windowslive), authority: mail
01-23 15:02:05.221   936   957 V SyncManager: build the operation array, syncQueue size is 5
01-23 15:02:05.221   936   957 D PMS     : releaseWL(42e81d58): PARTIAL_WAKE_LOCK  *sync*/com.htc.showme/com.htc.showme/Tips & Help 0x1
01-23 15:02:05.221   936   957 D ConnSrv_Debug: getSlotExtendedType netType:1 is extended type or non-mobile type. No need to convert.
01-23 15:02:05.221   936   957 D ConnSrv_Debug: getSlotExtendedType netType:1 is extended type or non-mobile type. No need to convert.
01-23 15:02:05.221   936   957 D ConnSrv_Debug: getSlotExtendedType netType:1 is extended type or non-mobile type. No need to convert.
01-23 15:02:05.231   936   957 V SyncManager: candidate 1 of 3:  u0 (com.htc.showme), com.htc.showme, POLL, latestRunTime 783212, reason: AccountsUpdated , numActiveInit=0, numActiveRegular=1 , longRunning: null , conflict: null , oldestNonExpeditedRegular: startTime 800562, mTimeoutStartTime 800562, mHistoryRowId 12, syncOperation  u0 (com.htc.android.windowslive), mail, SERVER, latestRunTime 784634, reason: AutoSync
01-23 15:02:05.231   936   957 V SyncManager: [SyncStorageEngine]: setActiveSync:Account {name=Tips & Help, type=com.htc.showme}
01-23 15:02:05.231  1541  1553 D SyncLog : onStatusChanged =========================================== 
01-23 15:02:05.231  1541  1553 D SyncLog : info account (onlytestforme1000@outlook.com/com.htc.android.windowslive), authority: mail
01-23 15:02:05.231  1541  1553 D SyncLog : info account (Tips & Help/com.htc.showme), authority: com.htc.showme
01-23 15:02:05.231   936   957 V SyncManager: dispatchSyncOperation: starting startTime 817087, mTimeoutStartTime 817087, mHistoryRowId 13, syncOperation  u0 (com.htc.showme), com.htc.showme, POLL, latestRunTime 783212, reason: AccountsUpdated
01-23 15:02:05.231   936   957 D SyncManager: bindToSyncAdapter: ComponentInfo{com.htc.showme/com.htc.showme.sync.SyncService}, connection startTime 817087, mTimeoutStartTime 817087, mHistoryRowId 13, syncOperation  u0 (com.htc.showme), com.htc.showme, POLL, latestRunTime 783212, reason: AccountsUpdated
01-23 15:02:05.231 10680 10680 V Perf    : com.htc.showme.sync.SyncService@423a3a20 onCreate, 0ms
01-23 15:02:05.231   936   957 D PMS     : acquireWL(42fba148): PARTIAL_WAKE_LOCK  *sync*/com.htc.showme/com.htc.showme/Tips & Help 0x1 936 1000
01-23 15:02:05.231   936   957 V ActivityManager: bindService: act=android.content.SyncAdapter cmp=com.htc.showme/.sync.SyncService type=null conn=42f2cc78 flags=15 pid=936
01-23 15:02:05.241 10680 10680 V Perf    : com.htc.showme.sync.SyncService@423a3a20 onBind, 0ms
01-23 15:02:05.241   936   957 V SyncManager: candidate 2 of 3:  u0 (com.htc.android.windowslive), com.android.contacts, SERVER, latestRunTime 784671, reason: AutoSync , numActiveInit=0, numActiveRegular=2 , longRunning: null , conflict: null , oldestNonExpeditedRegular: startTime 800562, mTimeoutStartTime 800562, mHistoryRowId 12, syncOperation  u0 (com.htc.android.windowslive), mail, SERVER, latestRunTime 784634, reason: AutoSync
01-23 15:02:05.241   936   957 V SyncManager: candidate 3 of 3:  u0 (com.htc.android.windowslive), com.htc.task.dm, SERVER, latestRunTime 784747, reason: AutoSync , numActiveInit=0, numActiveRegular=2 , longRunning: null , conflict: null , oldestNonExpeditedRegular: startTime 800562, mTimeoutStartTime 800562, mHistoryRowId 12, syncOperation  u0 (com.htc.android.windowslive), mail, SERVER, latestRunTime 784634, reason: AutoSync
01-23 15:02:05.241   936   957 D SyncManager: check send SYNC_STATE_CHANGE or not, shouldCancel = false, shouldInstall = false
01-23 15:02:05.241   936   957 D SyncManager: sync msg = 4
01-23 15:02:05.241   936   957 D SyncManager: check send SYNC_STATE_CHANGE or not, shouldCancel = false, shouldInstall = false
01-23 15:02:05.241   936   957 D PMS     : releaseWL(42c5a3b0): PARTIAL_WAKE_LOCK  SyncLoopWakeLock 0x1
01-23 15:02:05.241   936   957 D ConnSrv_Debug: getSlotExtendedType netType:1 is extended type or non-mobile type. No need to convert.
01-23 15:02:05.241   936   957 D PMS     : acquireWL(42c0f090): PARTIAL_WAKE_LOCK  SyncLoopWakeLock 0x1 936 1000
01-23 15:02:05.241   936   957 D PMS     : releaseWL(42c0f090): PARTIAL_WAKE_LOCK  SyncLoopWakeLock 0x1
01-23 15:02:05.241   936  1010 D ConnSrv_Debug: getSlotExtendedType netType:1 is extended type or non-mobile type. No need to convert.
01-23 15:02:05.251 10680 10680 V Perf    : com.htc.showme.update.SyncService$UpdatingStateReceiver@423a5808 onReceive:com.htc.showme.STATE 0ms
01-23 15:02:05.251 10680 12682 I [AppShowMeDebug]CheckUpdateTask: check and download urlSKUBased = http://showme.htctouch.com/prod/GWD6T/; urlDeviceBased = http://showme.htctouch.com/prod/GWD6T/; urlTestDeviceBased = http://showme-test.htc.com.tw/testpub/GWD6T/
01-23 15:02:05.251 10680 12682 D libc    : [NET] getaddrinfo+,hn 19(0x73686f776d652e),sn(),family 0,flags 4
01-23 15:02:05.251 10680 12682 D libc    : [NET] getaddrinfo-,err=8
01-23 15:02:05.251 10680 12682 D libc    : [NET] getaddrinfo+,hn 19(0x73686f776d652e),sn(),family 0,flags 1024
01-23 15:02:05.251 10680 12682 D libc    : [NET] getaddrinfo-, 1
01-23 15:02:05.251 10680 12682 D libc    : [NET] getaddrinfo_proxy+
01-23 15:02:05.251   257 12683 D libc    : [NET] getaddrinfo+,hn 19(0x73686f776d652e),sn(),family 0,flags 1024
01-23 15:02:05.251   257 12683 D libc    : [NET]_dns_getaddrinfo+ interface=
01-23 15:02:05.251   257 12683 D libc    : [NET] +++++ res_nsend xid =3dee +++++
01-23 15:02:05.251   257 12683 D libc    : [NET] res_nLookupCache: rstatp->iface =
01-23 15:02:05.251   257 12683 D libc    : [NET][SMD][Mode1][Exit3] WARNING, tcp syn fail is detected, ip_addr=243.185.187.39
01-23 15:02:05.251   257 12683 D libc    : [NET]res_queryN: exit 3, ancount=8
01-23 15:02:05.251   936  6789 I ActivityManager: broadcast act=com.htc.showme.STATE from pid=10680, uid=10087,parallel BR:null,size=0,order BR:42a84278,u0,size=1,replaced=0
01-23 15:02:05.251   936   956 V BroadcastQueue: Deliver to ComponentInfo{com.htc.showme/com.htc.showme.update.SyncService$UpdatingStateReceiver}:BR@42a84278
01-23 15:02:05.261   257 12683 D libc    : [NET]_dns_getaddrinfo-, (NS_SUCCESS)
01-23 15:02:05.261   257 12683 D libc    : [NET] getaddrinfo-, SUCCESS
01-23 15:02:05.261 10680 12682 D libc    : [NET] getaddrinfo_proxy-, success
01-23 15:02:05.671 10653 10656 D dalvikvm: GC_CONCURRENT freed 2237K, 64% free 4561K/12516K, paused 7ms+8ms, total 79ms
01-23 15:02:07.143   936  1630 I ActivityManager: 10680 get provider downloads 1655
01-23 15:02:07.854 10653 11982 D EAS_SyncManager: [Acc 2]Response new sync key: 00rqhL9WaK/0WxldTtxSPH7Q==001===========AQMAAAAXOAsA0AIjXXAcA===
01-23 15:02:07.854 10653 11982 I global  : Call socket close in SocketHttpClientConnection, socket = SSL socket over Socket[address=/65.55.68.120,port=443,localPort=52494]
01-23 15:02:07.914 10653 11982 D EAS_SyncManager: [Acc 2]< GFH()
01-23 15:02:07.914 10653 11982 D EAS_SyncManager: [Acc 2]< updateEASFolderHierarchy: true, 0
01-23 15:02:07.914 10653 11982 D MailManager: [Acc 2]- getMoveItemInfo()
01-23 15:02:07.914 10653 11982 D CursorWindowStats: Alloc larger, size: 4194304
01-23 15:02:07.924 10653 11982 V EAS_SyncManager: [Acc 2]doSync() Mail: collectionId=00000000-0000-0000-0000-000000000001
01-23 15:02:07.924 10653 11982 D EmailServiceController: EASCallback: 1,0
01-23 15:02:07.924 10653 11982 D EAS_SyncManager: [Acc 2]- syncMail : 00000000-0000-0000-0000-000000000001
01-23 15:02:07.924 10653 11982 D MailManager: [Acc 2]> removeAllSyncMessages: 00000000-0000-0000-0000-000000000001
01-23 15:02:07.924 10653 11982 D CursorWindowStats: Alloc larger, size: 4194304
01-23 15:02:07.934 10653 11982 D MailProvider: delete>content://mail/messages, _account = ? AND _mailboxId = ? AND _local != 1 AND _uid is not null, [Ljava.lang.String;@42703c00
01-23 15:02:07.934 10653 11982 D CursorWindowStats: Alloc larger, size: 4194304
01-23 15:02:07.934 10653 11982 D MailProvider: delete() table: messages whereClause: _account = ? AND _mailboxId = ? AND _local != 1 AND _uid is not null
01-23 15:02:07.934 10653 11982 D MailProvider: match == MESSAGES>0
01-23 15:02:07.934 10653 11982 D MailProvider: delete>content://mail/easTracking, _accountId = ? AND _collectionId = ?, [Ljava.lang.String;@42703c40
01-23 15:02:07.934 10653 11982 D MailProvider: delete() table: easTracking whereClause: _accountId = ? AND _collectionId = ?
01-23 15:02:07.934 10653 11982 D MailManager: [Acc 2]< removeAllSyncMessages
01-23 15:02:07.934 10653 11982 D EAS_SyncManager: [Acc 2]- GESK()3, collId00000000-0000-0000-0000-000000000001
01-23 15:02:07.944 10653 11982 D EAS_HTTP: [Acc 2]createHttpClient()
01-23 15:02:07.944 10653 11982 V EAS_HTTP: [Acc 2]createHttpClient(): trust all certificate
01-23 15:02:07.944 10653 11982 D libc    : [NET] getaddrinfo+,hn 13(0x6d2e686f746d61),sn(),family 0,flags 4
01-23 15:02:07.944 10653 11982 D libc    : [NET] getaddrinfo-,err=8
01-23 15:02:07.944 10653 11982 D libc    : [NET] getaddrinfo+,hn 13(0x6d2e686f746d61),sn(),family 0,flags 1024
01-23 15:02:07.944 10653 11982 D libc    : [NET] getaddrinfo-, 1
01-23 15:02:07.944 10653 11982 D libc    : [NET] getaddrinfo_proxy+
01-23 15:02:07.944   257 12691 D libc    : [NET] getaddrinfo+,hn 13(0x6d2e686f746d61),sn(),family 0,flags 1024
01-23 15:02:07.944   257 12691 D libc    : [NET]_dns_getaddrinfo+ interface=
01-23 15:02:07.944   257 12691 D libc    : [NET] +++++ res_nsend xid =58cb +++++
01-23 15:02:07.944   257 12691 D libc    : [NET] res_nLookupCache: rstatp->iface =
01-23 15:02:07.944   257 12691 D libc    : [NET][SMD][Mode1][Exit3] WARNING, tcp syn fail is detected, ip_addr=243.185.187.39
01-23 15:02:07.944   257 12691 D libc    : [NET]res_queryN: exit 3, ancount=2
01-23 15:02:07.944   257 12691 D libc    : [NET]_dns_getaddrinfo-, (NS_SUCCESS)
01-23 15:02:07.944   257 12691 D libc    : [NET] getaddrinfo-, SUCCESS
01-23 15:02:07.944 10653 11982 D libc    : [NET] getaddrinfo_proxy-, success
01-23 15:02:07.944 10653 11982 I global  : call createSocket() return a new socket.
01-23 15:02:07.944 10653 11982 D libc    : [NET] getaddrinfo+,hn 12(0x36352e35352e36),sn(),family 0,flags 4
01-23 15:02:07.944 10653 11982 D libc    : [NET] getaddrinfo-, SUCCESS
01-23 15:02:08.875  1351  1351 D WallpaperService: run() android.service.wallpaper.WallpaperService$Engine$1@422a3250 releaseMemoryRunnable() start
01-23 15:02:08.875  1351  1351 D filemap : FileMap::releaseMemory
01-23 15:02:08.885  1351  1351 D WallpaperService: run() android.service.wallpaper.WallpaperService$Engine$1@422a3250 releaseMemoryRunnable() Spent 3
01-23 15:02:08.985 10653 11982 W SSLCertificateSocketFactory: Bypassing SSL security checks at caller's request
01-23 15:02:10.196   936   936 I ActivityManager: broadcast act=android.intent.action.DROPBOX_ENTRY_ADDED from pid=936, uid=1000,parallel BR:null,size=0,order BR:null,size=0,resultTo=null
01-23 15:02:14.911   617   664 D STT:logctl: storage_update [usb:/storage/usb]: not-mount: no mount entry
01-23 15:02:14.921   617   664 D STT:logctl: storage_update [external:/storage/ext_sd]: not-mount: no mount entry
01-23 15:02:14.921   617   664 D STT:dir : detected fuse, replace mountpoint [/storage/emulated/legacy] with [/mnt/shell/emulated]
01-23 15:02:14.921   617   664 D STT:dir :   [ /mnt/shell/emulated ] <-> [/dev/fuse][/mnt/shell/emulated][fuse][rw,nosuid,nodev,relatime,user_id=1023,group_id=1023,default_permissions,allow_other 0 0]
01-23 15:02:14.931   617   664 D STT:logctl: storage_update [phone:/storage/emulated/legacy]: valid: priority=2, free=9869MB, reserved=300MB, total=10987MB, limited=2746MB
01-23 15:02:14.941 10653 11982 D EAS_SyncManager: [Acc 2]- GESK()3 get initSyncKey=000000010{78c5d7a3-c010-4357-acf2-a8381bbe81d9}0
01-23 15:02:14.941   617   664 D STT:dir :   [ /data ] <-> [/dev/block/mmcblk0p42][/data][ext4][rw,seclabel,nosuid,nodev,noatime,discard,noauto_da_alloc,data=ordered 0 0]
01-23 15:02:14.941   617   664 D STT:logctl: storage_update [internal:/data]: valid: priority=1, free=9969MB, reserved=300MB, total=11087MB, limited=2771MB
01-23 15:02:14.941 10653 11982 V MailSyncSource: [Acc 2]- updateMailboxInfo()
01-23 15:02:14.941   617   664 D STT:logctl: logging [/data/htclog/][internal]: free=9969MB, reserved=300MB, total=11087MB, limited=2771MB, log=16MB
01-23 15:02:14.941 10653 11982 D MailManager: [Acc 2]> saveMailboxInfo
01-23 15:02:14.941 10653 11982 W MailManager: [Acc 2]saveMailBoxInfo ERROR! collection Id null: 6
01-23 15:02:14.991 10653 11982 D MailManager: [Acc 2]< saveMailboxInfo: true
01-23 15:02:14.991 10653 11982 D EAS_SyncManager: [Acc 2]add the class and CollectionId tag
01-23 15:02:16.073 10653 11982 V EAS_SyncManager: [Acc 2]getItemEstimate: 53
01-23 15:02:16.073 10653 11982 D EAS_SyncManager: [Acc 2]SEMAIL():00000000-0000-0000-0000-000000000001
01-23 15:02:16.073 10653 11982 V MailSyncSource: [Acc 2]set only delete intent flag: false
01-23 15:02:16.073 10653 11982 D MailTrackManager: [Acc 2]getDeviceChangeList: 00000000-0000-0000-0000-000000000001
01-23 15:02:16.083 10653 11982 D CursorWindowStats: Alloc larger, size: 4194304
01-23 15:02:16.093 10653 11982 D CursorWindowStats: Alloc larger, size: 4194304
01-23 15:02:16.103 10653 11982 D EAS_SyncManager: [Acc 2] SEMAIL()  use synckey:000000010{78c5d7a3-c010-4357-acf2-a8381bbe81d9}0
01-23 15:02:16.123 10653 11982 D MailSyncSource: [ NA ]getWindowSize: initial window size = 50
01-23 15:02:16.123 10653 11982 D MailSyncSource: [ NA ]getWindowSize: window size = 50
01-23 15:02:16.123 10653 11982 V EAS_SyncManager: [Acc 2]MIMESupport
01-23 15:02:16.173 10653 11982 D dalvikvm: GC_EXPLICIT freed 794K, 67% free 4189K/12516K, paused 4ms+6ms, total 51ms
01-23 15:02:18.415  1591  1677 D ContactMessageStore: MSG_NOTIFY_CS_TO_SYNC >>
01-23 15:02:18.415  1591  1677 D ContactMessageStore: MSG_NOTIFY_CS_TO_SYNC <<
01-23 15:02:18.876 10653 11982 D EAS_SyncManager: [Acc 2]SEMAIL newSyncKey: 000000000{78C5D7A3-C010-4357-ACF2-A8381BBE81D9}1
01-23 15:02:18.886 10653 11982 D EAS_SyncManager: [Acc 2]> processEMailSyncSvrCommands()
01-23 15:02:18.886 10653 11982 V MailSyncSource: [ NA ]mail address size: 1
01-23 15:02:18.896 10653 11982 V MailSyncSource: [ NA ]mail address size: 1
01-23 15:02:18.906 10653 11982 V EAS_SyncManager: [Acc 2]mail add: dfe1a410-83fa-11e3-96bb-00215ad7130e
01-23 15:02:18.906 10653 11982 D EmailServiceController: EASCallback: 1,2
01-23 15:02:18.906 10653 11982 D MailManager: [Acc 2]> addOrUpdateMail: 6
01-23 15:02:18.936 10653 11982 D MailManager: [Acc 2]processReadSize
01-23 15:02:18.936 10680 12682 D libc    : [NET] getaddrinfo+,hn 19(0x73686f776d652e),sn(),family 0,flags 4
01-23 15:02:18.936 10680 12682 D libc    : [NET] getaddrinfo-,err=8
01-23 15:02:18.936 10680 12682 D libc    : [NET] getaddrinfo+,hn 19(0x73686f776d652e),sn(),family 0,flags 1024
01-23 15:02:18.936 10653 11982 I BaseStone: createGroupID RmdjY2M=
01-23 15:02:18.936 10653 11982 I BaseStone: Group :ca681ff4e1b6bda64fc2aaa1e4215521 key:-3861801543850869338
01-23 15:02:18.936 10680 12682 D libc    : [NET] getaddrinfo-, 1
01-23 15:02:18.946 10680 12682 D libc    : [NET] getaddrinfo_proxy+
01-23 15:02:18.946   257 12692 D libc    : [NET] getaddrinfo+,hn 19(0x73686f776d652e),sn(),family 0,flags 1024
01-23 15:02:18.946   257 12692 D libc    : [NET]_dns_getaddrinfo+ interface=
01-23 15:02:18.946   257 12692 D libc    : [NET] +++++ res_nsend xid =32b9 +++++
01-23 15:02:18.946   257 12692 D libc    : [NET] res_nLookupCache: rstatp->iface =
01-23 15:02:18.946   257 12692 D libc    : [NET][SMD][Mode1][Exit3] WARNING, tcp syn fail is detected, ip_addr=243.185.187.39
01-23 15:02:18.946   257 12692 D libc    : [NET]res_queryN: exit 3, ancount=8
01-23 15:02:18.946   257 12692 D libc    : [NET]_dns_getaddrinfo-, (NS_SUCCESS)
01-23 15:02:18.946   257 12692 D libc    : [NET] getaddrinfo-, SUCCESS
01-23 15:02:18.956 10680 12682 D libc    : [NET] getaddrinfo_proxy-, success
01-23 15:02:18.986 10653 11982 D MailManager: [Acc 2]processMimeBody
01-23 15:02:19.276 10653 11982 D MailManager: [Acc 2]> processMimeAttachment
01-23 15:02:19.276 10653 11982 D MailManager: [Acc 2]< processMimeAttachment
01-23 15:02:19.276 10653 11982 D MailManager: [Acc 2]preview: html preview
01-23 15:02:19.276 10653 11982 D MailUtils: converHTMLtoPlainText start...
01-23 15:02:19.276 10653 11982 D MailUtils: converHTMLtoPlainText end...time used: 0 milliseconds
01-23 15:02:19.276 10653 11982 D CursorWindowStats: Alloc larger, size: 4194304
01-23 15:02:19.316 10653 11982 D MailManager: [Acc 2]< addOrUpdateMail: 404
01-23 15:02:19.316 10653 11982 D EAS_SyncManager: [Acc 2]< processEMailSyncSvrCommands()
01-23 15:02:19.346 10653 11982 D dalvikvm: GC_EXPLICIT freed 517K, 64% free 4513K/12516K, paused 2ms+4ms, total 31ms
01-23 15:02:19.356 10653 11982 V EAS_SyncManager: [Acc 2]Process Mail change [add:1, upd:0, del:0]
01-23 15:02:19.356 10653 11982 I ULogFileMgr: manageMailCountULog() - accountId: 2mailReceivedNum: 1mailSentNum: 0result-1
01-23 15:02:19.356 10653 11982 V MailManager: [Acc 2]- processChangeList()
01-23 15:02:19.356 10653 11982 D MailManager: [Acc 2]addOrUpdateMail: content://mail/summary/account/2/mailbox/6
01-23 15:02:19.356 10653 11982 D EAS_SyncManager: [Acc 2]processMailAttachment: list null
01-23 15:02:19.356 10653 11982 V EAS_SyncManager: [Acc 2]first message id: 15
01-23 15:02:19.356 10653 11982 V MailSyncSource: [Acc 2]set only delete intent flag: false
01-23 15:02:19.406 10653 11982 D dalvikvm: GC_EXPLICIT freed 110K, 65% free 4453K/12516K, paused 2ms+3ms, total 30ms
01-23 15:02:19.406 10653 11982 V MailSyncSource: [Acc 2]- updateMailboxInfo()
01-23 15:02:19.406 10653 11982 D MailManager: [Acc 2]> saveMailboxInfo
01-23 15:02:19.406 10653 11982 W MailManager: [Acc 2]saveMailBoxInfo ERROR! collection Id null: 6
01-23 15:02:19.426 10653 11982 D MailManager: [Acc 2]< saveMailboxInfo: true
01-23 15:02:19.426 10653 11982 V MailSyncSource: [Acc 2]- saveData()
01-23 15:02:19.436 10653 11982 D MailProvider: delete>content://mail/cmd/deleteMail, _del=1 AND _account='2', null
01-23 15:02:19.436 10653 11982 D CursorWindowStats: Alloc larger, size: 4194304
01-23 15:02:19.436 10653 11982 D MailProvider: delete() table: parts whereClause: _message in (select _id from messages where _del=1 AND _account='2')
01-23 15:02:19.436 10653 11982 D MailProvider: delete() table: messages whereClause: _del=1 AND _account='2'
01-23 15:02:19.436 10653 11982 D MailProvider: DELETE > match: 306, count:0
01-23 15:02:19.436 10653 11982 D MailManager: [Acc 2]deleteSurplusMail: 0
01-23 15:02:19.436 10653 11982 D CursorWindowStats: Alloc larger, size: 4194304
01-23 15:02:19.466 10653 11982 D dalvikvm: GC_EXPLICIT freed 92K, 65% free 4473K/12516K, paused 2ms+3ms, total 29ms
01-23 15:02:19.466 10653 11982 D EAS_SyncManager: [Acc 2]< SEMAIL() 00000000-0000-0000-0000-000000000001, true, 3392
